Archive member included to satisfy reference by file (symbol)

c:/altera/16.0/nios2eds/bin/gnu/h-x86_64-mingw32/bin/../lib/gcc/nios2-elf/5.2.0/../../../../../H-x86_64-mingw32/nios2-elf/lib/mhw-mulx\libc.a(lib_a-memcpy.o)
                              obj/default/seven_seg_hex.o (memcpy)
C:/Users/mmatis01/Documents/FPGA/InterruptsNIOS_bsp/\libhal_bsp.a(alt_irq_register.o)
                              obj/default/InterruptDemo.o (alt_irq_register)
C:/Users/mmatis01/Documents/FPGA/InterruptsNIOS_bsp/\libhal_bsp.a(alt_irq_vars.o)
                              C:/Users/mmatis01/Documents/FPGA/InterruptsNIOS_bsp/\libhal_bsp.a(alt_irq_register.o) (alt_irq_active)
C:/Users/mmatis01/Documents/FPGA/InterruptsNIOS_bsp/\libhal_bsp.a(alt_load.o)
                              C:/Users/mmatis01/Documents/FPGA/InterruptsNIOS_bsp//obj/HAL/src/crt0.o (alt_load)
C:/Users/mmatis01/Documents/FPGA/InterruptsNIOS_bsp/\libhal_bsp.a(alt_main.o)
                              C:/Users/mmatis01/Documents/FPGA/InterruptsNIOS_bsp//obj/HAL/src/crt0.o (alt_main)
C:/Users/mmatis01/Documents/FPGA/InterruptsNIOS_bsp/\libhal_bsp.a(alt_sys_init.o)
                              C:/Users/mmatis01/Documents/FPGA/InterruptsNIOS_bsp/\libhal_bsp.a(alt_main.o) (alt_irq_init)
C:/Users/mmatis01/Documents/FPGA/InterruptsNIOS_bsp/\libhal_bsp.a(altera_avalon_jtag_uart_fd.o)
                              C:/Users/mmatis01/Documents/FPGA/InterruptsNIOS_bsp/\libhal_bsp.a(alt_sys_init.o) (altera_avalon_jtag_uart_read_fd)
C:/Users/mmatis01/Documents/FPGA/InterruptsNIOS_bsp/\libhal_bsp.a(altera_avalon_jtag_uart_init.o)
                              C:/Users/mmatis01/Documents/FPGA/InterruptsNIOS_bsp/\libhal_bsp.a(alt_sys_init.o) (altera_avalon_jtag_uart_init)
C:/Users/mmatis01/Documents/FPGA/InterruptsNIOS_bsp/\libhal_bsp.a(altera_avalon_jtag_uart_ioctl.o)
                              C:/Users/mmatis01/Documents/FPGA/InterruptsNIOS_bsp/\libhal_bsp.a(altera_avalon_jtag_uart_fd.o) (altera_avalon_jtag_uart_ioctl)
C:/Users/mmatis01/Documents/FPGA/InterruptsNIOS_bsp/\libhal_bsp.a(altera_avalon_jtag_uart_read.o)
                              C:/Users/mmatis01/Documents/FPGA/InterruptsNIOS_bsp/\libhal_bsp.a(altera_avalon_jtag_uart_fd.o) (altera_avalon_jtag_uart_read)
C:/Users/mmatis01/Documents/FPGA/InterruptsNIOS_bsp/\libhal_bsp.a(altera_avalon_jtag_uart_write.o)
                              C:/Users/mmatis01/Documents/FPGA/InterruptsNIOS_bsp/\libhal_bsp.a(altera_avalon_jtag_uart_fd.o) (altera_avalon_jtag_uart_write)
C:/Users/mmatis01/Documents/FPGA/InterruptsNIOS_bsp/\libhal_bsp.a(altera_avalon_timer_sc.o)
                              C:/Users/mmatis01/Documents/FPGA/InterruptsNIOS_bsp/\libhal_bsp.a(alt_sys_init.o) (alt_avalon_timer_sc_init)
C:/Users/mmatis01/Documents/FPGA/InterruptsNIOS_bsp/\libhal_bsp.a(altera_up_avalon_character_lcd.o)
                              C:/Users/mmatis01/Documents/FPGA/InterruptsNIOS_bsp/\libhal_bsp.a(alt_sys_init.o) (alt_up_character_lcd_init)
C:/Users/mmatis01/Documents/FPGA/InterruptsNIOS_bsp/\libhal_bsp.a(altera_up_avalon_irda.o)
                              C:/Users/mmatis01/Documents/FPGA/InterruptsNIOS_bsp/\libhal_bsp.a(alt_sys_init.o) (alt_up_irda_read_fd)
C:/Users/mmatis01/Documents/FPGA/InterruptsNIOS_bsp/\libhal_bsp.a(altera_up_avalon_ps2.o)
                              C:/Users/mmatis01/Documents/FPGA/InterruptsNIOS_bsp/\libhal_bsp.a(alt_sys_init.o) (alt_up_ps2_init)
C:/Users/mmatis01/Documents/FPGA/InterruptsNIOS_bsp/\libhal_bsp.a(altera_up_avalon_rs232.o)
                              C:/Users/mmatis01/Documents/FPGA/InterruptsNIOS_bsp/\libhal_bsp.a(alt_sys_init.o) (alt_up_rs232_read_fd)
C:/Users/mmatis01/Documents/FPGA/InterruptsNIOS_bsp/\libhal_bsp.a(alt_alarm_start.o)
                              C:/Users/mmatis01/Documents/FPGA/InterruptsNIOS_bsp/\libhal_bsp.a(altera_avalon_jtag_uart_init.o) (alt_alarm_start)
C:/Users/mmatis01/Documents/FPGA/InterruptsNIOS_bsp/\libhal_bsp.a(alt_close.o)
                              C:/Users/mmatis01/Documents/FPGA/InterruptsNIOS_bsp/\libhal_bsp.a(alt_main.o) (close)
C:/Users/mmatis01/Documents/FPGA/InterruptsNIOS_bsp/\libhal_bsp.a(alt_dcache_flush_all.o)
                              C:/Users/mmatis01/Documents/FPGA/InterruptsNIOS_bsp/\libhal_bsp.a(alt_load.o) (alt_dcache_flush_all)
C:/Users/mmatis01/Documents/FPGA/InterruptsNIOS_bsp/\libhal_bsp.a(alt_dev.o)
                              C:/Users/mmatis01/Documents/FPGA/InterruptsNIOS_bsp/\libhal_bsp.a(alt_sys_init.o) (alt_dev_list)
C:/Users/mmatis01/Documents/FPGA/InterruptsNIOS_bsp/\libhal_bsp.a(alt_dev_llist_insert.o)
                              C:/Users/mmatis01/Documents/FPGA/InterruptsNIOS_bsp/\libhal_bsp.a(alt_sys_init.o) (alt_dev_llist_insert)
C:/Users/mmatis01/Documents/FPGA/InterruptsNIOS_bsp/\libhal_bsp.a(alt_do_ctors.o)
                              C:/Users/mmatis01/Documents/FPGA/InterruptsNIOS_bsp/\libhal_bsp.a(alt_main.o) (_do_ctors)
[...]
Memory Configuration

Name             Origin             Length             Attributes
reset            0x0000000000000000 0x0000000000000020
SDRAM            0x0000000000000020 0x0000000003ffffe0
VGA_Subsystem_Char_Buf_Subsystem_Onchip_SRAM 0x0000000009000000 0x0000000000002000
*default*        0x0000000000000000 0xffffffffffffffff

Linker script and memory map

LOAD C:/Users/mmatis01/Documents/FPGA/InterruptsNIOS_bsp//obj/HAL/src/crt0.o
LOAD obj/default/HexDisplay.o
LOAD obj/default/InterruptDemo.o
LOAD obj/default/buttonISR.o
LOAD obj/default/lcd.o
LOAD obj/default/seven_seg_bcd.o
LOAD obj/default/seven_seg_hex.o
LOAD obj/default/timerISR.o
LOAD c:/altera/16.0/nios2eds/bin/gnu/h-x86_64-mingw32/bin/../lib/gcc/nios2-elf/5.2.0/../../../../../H-x86_64-mingw32/nios2-elf/lib/mhw-mulx\libstdc++.a
LOAD c:/altera/16.0/nios2eds/bin/gnu/h-x86_64-mingw32/bin/../lib/gcc/nios2-elf/5.2.0/../../../../../H-x86_64-mingw32/nios2-elf/lib/mhw-mulx\libm.a
LOAD c:/altera/16.0/nios2eds/bin/gnu/h-x86_64-mingw32/bin/../lib/gcc/nios2-elf/5.2.0/mhw-mulx\libgcc.a
START GROUP
LOAD c:/altera/16.0/nios2eds/bin/gnu/h-x86_64-mingw32/bin/../lib/gcc/nios2-elf/5.2.0/../../../../../H-x86_64-mingw32/nios2-elf/lib/mhw-mulx\libc.a
LOAD c:/altera/16.0/nios2eds/bin/gnu/h-x86_64-mingw32/bin/../lib/gcc/nios2-elf/5.2.0/mhw-mulx\libgcc.a
LOAD C:/Users/mmatis01/Documents/FPGA/InterruptsNIOS_bsp/\libhal_bsp.a
LOAD c:/altera/16.0/nios2eds/bin/gnu/h-x86_64-mingw32/bin/../lib/gcc/nios2-elf/5.2.0/../../../../../H-x86_64-mingw32/nios2-elf/lib/mhw-mulx\libm.a
END GROUP
LOAD c:/altera/16.0/nios2eds/bin/gnu/h-x86_64-mingw32/bin/../lib/gcc/nios2-elf/5.2.0/mhw-mulx\libgcc.a
                0x0000000000000000                __alt_mem_SDRAM = 0x0
                0x0000000009000000                __alt_mem_VGA_Subsystem_Char_Buf_Subsystem_Onchip_SRAM = 0x9000000

.entry          0x0000000000000000       0x20
 *(.entry)
 .entry         0x0000000000000000       0x20 C:/Users/mmatis01/Documents/FPGA/InterruptsNIOS_bsp//obj/HAL/src/crt0.o
                0x0000000000000000                __reset

.exceptions     0x0000000000000020      0x228
                0x0000000000000020                PROVIDE (__ram_exceptions_start, ABSOLUTE (.))
                0x0000000000000020                . = ALIGN (0x20)
 *(.irq)
 *(.exceptions.entry.label)
 .exceptions.entry.label
                0x0000000000000020        0x0 C:/Users/mmatis01/Documents/FPGA/InterruptsNIOS_bsp/\libhal_bsp.a(alt_irq_entry.o)
                0x0000000000000020                alt_irq_entry
 .exceptions.entry.label
                0x0000000000000020        0x0 C:/Users/mmatis01/Documents/FPGA/InterruptsNIOS_bsp/\libhal_bsp.a(alt_exception_entry.o)
                0x0000000000000020                alt_exception
 *(.exceptions.entry.user)
 *(.exceptions.entry.ecc_fatal)
 *(.exceptions.entry)
 .exceptions.entry
                0x0000000000000020       0x54 C:/Users/mmatis01/Documents/FPGA/InterruptsNIOS_bsp/\libhal_bsp.a(alt_exception_entry.o)
 *(.exceptions.irqtest.user)
 *(.exceptions.irqtest)
 .exceptions.irqtest
                0x0000000000000074       0x10 C:/Users/mmatis01/Documents/FPGA/InterruptsNIOS_bsp/\libhal_bsp.a(alt_irq_entry.o)
 *(.exceptions.irqhandler.user)
 *(.exceptions.irqhandler)
 .exceptions.irqhandler
                0x0000000000000084        0x4 C:/Users/mmatis01/Documents/FPGA/InterruptsNIOS_bsp/\libhal_bsp.a(alt_irq_entry.o)
 *(.exceptions.irqreturn.user)
 *(.exceptions.irqreturn)
 .exceptions.irqreturn
                0x0000000000000088        0x4 C:/Users/mmatis01/Documents/FPGA/InterruptsNIOS_bsp/\libhal_bsp.a(alt_irq_entry.o)
 *(.exceptions.notirq.label)
 .exceptions.notirq.label
                0x000000000000008c        0x0 C:/Users/mmatis01/Documents/FPGA/InterruptsNIOS_bsp/\libhal_bsp.a(alt_irq_entry.o)
 *(.exceptions.notirq.user)
 *(.exceptions.notirq)
 .exceptions.notirq
                0x000000000000008c        0x8 C:/Users/mmatis01/Documents/FPGA/InterruptsNIOS_bsp/\libhal_bsp.a(alt_exception_entry.o)
 *(.exceptions.soft.user)
 *(.exceptions.soft)
 *(.exceptions.unknown.user)
 *(.exceptions.unknown)
 .exceptions.unknown
                0x0000000000000094       0x14 C:/Users/mmatis01/Documents/FPGA/InterruptsNIOS_bsp/\libhal_bsp.a(alt_exception_entry.o)
 *(.exceptions.exit.label)
 .exceptions.exit.label
                0x00000000000000a8        0x0 C:/Users/mmatis01/Documents/FPGA/InterruptsNIOS_bsp/\libhal_bsp.a(alt_irq_entry.o)
 .exceptions.exit.label
                0x00000000000000a8        0x0 C:/Users/mmatis01/Documents/FPGA/InterruptsNIOS_bsp/\libhal_bsp.a(alt_exception_entry.o)
 *(.exceptions.exit.user)
 *(.exceptions.exit)
 .exceptions.exit
                0x00000000000000a8       0x54 C:/Users/mmatis01/Documents/FPGA/InterruptsNIOS_bsp/\libhal_bsp.a(alt_exception_entry.o)
 *(.exceptions)
 .exceptions    0x00000000000000fc       0xd8 C:/Users/mmatis01/Documents/FPGA/InterruptsNIOS_bsp/\libhal_bsp.a(alt_irq_handler.o)
                0x00000000000000fc                alt_irq_handler
 .exceptions    0x00000000000001d4       0x74 C:/Users/mmatis01/Documents/FPGA/InterruptsNIOS_bsp/\libhal_bsp.a(alt_instruction_exception_entry.o)
                0x00000000000001d4                alt_instruction_exception_entry
                0x0000000000000248                PROVIDE (__ram_exceptions_end, ABSOLUTE (.))
                0x0000000000000020                PROVIDE (__flash_exceptions_start, LOADADDR (.exceptions))

.text           0x0000000000000248     0x3fbc
                [!provide]                        PROVIDE (stext, ABSOLUTE (.))
 *(.interp)
 *(.hash)
 *(.dynsym)
 *(.dynstr)
 *(.gnu.version)
 *(.gnu.version_d)
 *(.gnu.version_r)
 *(.rel.init)
 *(.rela.init)
 *(.rel.text .rel.text.* .rel.gnu.linkonce.t.*)
 *(.rela.text .rela.text.* .rela.gnu.linkonce.t.*)
 *(.rel.fini)
 *(.rela.fini)
 *(.rel.rodata .rel.rodata.* .rel.gnu.linkonce.r.*)
 *(.rela.rodata .rela.rodata.* .rela.gnu.linkonce.r.*)
 *(.rel.data .rel.data.* .rel.gnu.linkonce.d.*)
 *(.rela.data .rela.data.* .rela.gnu.linkonce.d.*)
 *(.rel.tdata .rel.tdata.* .rel.gnu.linkonce.td.*)
 *(.rela.tdata .rela.tdata.* .rela.gnu.linkonce.td.*)
 *(.rel.tbss .rel.tbss.* .rel.gnu.linkonce.tb.*)
 *(.rela.tbss .rela.tbss.* .rela.gnu.linkonce.tb.*)
 *(.rel.ctors)
 *(.rela.ctors)
 *(.rel.dtors)
 *(.rela.dtors)
 *(.rel.got)
 *(.rela.got)
 *(.rel.sdata .rel.sdata.* .rel.gnu.linkonce.s.*)
 *(.rela.sdata .rela.sdata.* .rela.gnu.linkonce.s.*)
 *(.rel.sbss .rel.sbss.* .rel.gnu.linkonce.sb.*)
 *(.rela.sbss .rela.sbss.* .rela.gnu.linkonce.sb.*)
 *(.rel.sdata2 .rel.sdata2.* .rel.gnu.linkonce.s2.*)
 *(.rela.sdata2 .rela.sdata2.* .rela.gnu.linkonce.s2.*)
 *(.rel.sbss2 .rel.sbss2.* .rel.gnu.linkonce.sb2.*)
 *(.rela.sbss2 .rela.sbss2.* .rela.gnu.linkonce.sb2.*)
 *(.rel.bss .rel.bss.* .rel.gnu.linkonce.b.*)
 *(.rela.bss .rela.bss.* .rela.gnu.linkonce.b.*)
 *(.rel.plt)
 *(.rela.plt)
 *(.rel.dyn)
 *(.init)
 *(.plt)
 *(.text .stub .text.* .gnu.linkonce.t.*)
 .text          0x0000000000000248       0x3c C:/Users/mmatis01/Documents/FPGA/InterruptsNIOS_bsp//obj/HAL/src/crt0.o
                0x0000000000000248                _start
 .text          0x0000000000000284       0x48 obj/default/HexDisplay.o
                0x0000000000000284                HexDisplay
 .text          0x00000000000002cc       0x88 obj/default/InterruptDemo.o
                0x00000000000002cc                main
 .text          0x0000000000000354       0xc8 obj/default/buttonISR.o
                0x0000000000000354                buttonISR
 .text          0x000000000000041c      0x110 obj/default/lcd.o
                0x000000000000041c                LCD_cursor
                0x0000000000000488                LCD_text
                0x00000000000004f4                LCD_cursor_off
 .text          0x000000000000052c      0x2bc obj/default/seven_seg_bcd.o
                0x000000000000052c                seven_seg_bcd
 .text          0x00000000000007e8      0x14c obj/default/seven_seg_hex.o
                0x00000000000007e8                seven_seg_hex
 .text          0x0000000000000934       0x78 obj/default/timerISR.o
                0x0000000000000934                timerISR
 .text          0x00000000000009ac        0x0 c:/altera/16.0/nios2eds/bin/gnu/h-x86_64-mingw32/bin/../lib/gcc/nios2-elf/5.2.0/../../../../../H-x86_64-mingw32/nios2-elf/lib/mhw-mulx\libc.a(lib_a-memcpy.o)
 .text.memcpy   0x00000000000009ac      0x148 c:/altera/16.0/nios2eds/bin/gnu/h-x86_64-mingw32/bin/../lib/gcc/nios2-elf/5.2.0/../../../../../H-x86_64-mingw32/nios2-elf/lib/mhw-mulx\libc.a(lib_a-memcpy.o)
                0x00000000000009ac                memcpy
 .text          0x0000000000000af4      0x1b0 C:/Users/mmatis01/Documents/FPGA/InterruptsNIOS_bsp/\libhal_bsp.a(alt_irq_register.o)
                0x0000000000000af4                alt_irq_register
 .text          0x0000000000000ca4        0x0 C:/Users/mmatis01/Documents/FPGA/InterruptsNIOS_bsp/\libhal_bsp.a(alt_irq_vars.o)
 .text          0x0000000000000ca4       0xec C:/Users/mmatis01/Documents/FPGA/InterruptsNIOS_bsp/\libhal_bsp.a(alt_load.o)
                0x0000000000000d0c                alt_load
 .text          0x0000000000000d90       0x7c C:/Users/mmatis01/Documents/FPGA/InterruptsNIOS_bsp/\libhal_bsp.a(alt_main.o)
                0x0000000000000d90                alt_main
 .text          0x0000000000000e0c      0x394 C:/Users/mmatis01/Documents/FPGA/InterruptsNIOS_bsp/\libhal_bsp.a(alt_sys_init.o)
                0x0000000000000e44                alt_irq_init
                0x0000000000000e7c                alt_sys_init
 .text          0x00000000000011a0      0x164 C:/Users/mmatis01/Documents/FPGA/InterruptsNIOS_bsp/\libhal_bsp.a(altera_avalon_jtag_uart_fd.o)
                0x00000000000011a0                altera_avalon_jtag_uart_read_fd
                0x0000000000001200                altera_avalon_jtag_uart_write_fd
                0x0000000000001260                altera_avalon_jtag_uart_close_fd
                0x00000000000012b0                altera_avalon_jtag_uart_ioctl_fd
 .text          0x0000000000001304      0x3dc C:/Users/mmatis01/Documents/FPGA/InterruptsNIOS_bsp/\libhal_bsp.a(altera_avalon_jtag_uart_init.o)
                0x0000000000001304                altera_avalon_jtag_uart_init
                0x0000000000001678                altera_avalon_jtag_uart_close
 .text          0x00000000000016e0       0xf0 C:/Users/mmatis01/Documents/FPGA/InterruptsNIOS_bsp/\libhal_bsp.a(altera_avalon_jtag_uart_ioctl.o)
                0x00000000000016e0                altera_avalon_jtag_uart_ioctl
 .text          0x00000000000017d0      0x21c C:/Users/mmatis01/Documents/FPGA/InterruptsNIOS_bsp/\libhal_bsp.a(altera_avalon_jtag_uart_read.o)
                0x00000000000017d0                altera_avalon_jtag_uart_read
 .text          0x00000000000019ec      0x224 C:/Users/mmatis01/Documents/FPGA/InterruptsNIOS_bsp/\libhal_bsp.a(altera_avalon_jtag_uart_write.o)
                0x00000000000019ec                altera_avalon_jtag_uart_write
 .text          0x0000000000001c10      0x100 C:/Users/mmatis01/Documents/FPGA/InterruptsNIOS_bsp/\libhal_bsp.a(altera_avalon_timer_sc.o)
                0x0000000000001c8c                alt_avalon_timer_sc_init
 .text          0x0000000000001d10      0x4f8 C:/Users/mmatis01/Documents/FPGA/InterruptsNIOS_bsp/\libhal_bsp.a(altera_up_avalon_character_lcd.o)
                0x0000000000001d10                get_DDRAM_addr
                0x0000000000001d84                alt_up_character_lcd_send_cmd
                0x0000000000001dc4                alt_up_character_lcd_init
                0x0000000000001dfc                alt_up_character_lcd_open_dev
                0x0000000000001e3c                alt_up_character_lcd_write
                0x0000000000001eb8                alt_up_character_lcd_string
                0x0000000000001f30                alt_up_character_lcd_write_fd
                0x0000000000001f80                alt_up_character_lcd_set_cursor_pos
                0x0000000000001ff4                alt_up_character_lcd_shift_cursor
                0x0000000000002080                alt_up_character_lcd_shift_display
                0x000000000000210c                alt_up_character_lcd_erase_pos
                0x0000000000002198                alt_up_character_lcd_cursor_off
                0x00000000000021d0                alt_up_character_lcd_cursor_blink_on
 .text          0x0000000000002208      0x390 C:/Users/mmatis01/Documents/FPGA/InterruptsNIOS_bsp/\libhal_bsp.a(altera_up_avalon_irda.o)
                0x0000000000002208                alt_up_irda_enable_read_interrupt
                0x0000000000002264                alt_up_irda_disable_read_interrupt
                0x00000000000022c4                alt_up_irda_get_used_space_in_read_FIFO
                0x0000000000002304                alt_up_irda_get_available_space_in_write_FIFO
                0x0000000000002340                alt_up_irda_check_parity
                0x0000000000002384                alt_up_irda_write_data
                0x00000000000023c4                alt_up_irda_read_data
                0x0000000000002438                alt_up_irda_read_fd
                0x00000000000024c8                alt_up_irda_write_fd
                0x0000000000002558                alt_up_irda_open_dev
 .text          0x0000000000002598      0x6b4 C:/Users/mmatis01/Documents/FPGA/InterruptsNIOS_bsp/\libhal_bsp.a(altera_up_avalon_ps2.o)
                0x0000000000002598                read_RI_bit
                0x00000000000025cc                read_RE_bit
                0x00000000000025fc                read_CE_bit
                0x0000000000002630                read_num_bytes_available
                0x0000000000002660                read_data_valid
                0x0000000000002694                read_data_byte
                0x00000000000026c0                alt_up_ps2_init
                0x0000000000002788                alt_up_ps2_enable_read_interrupt
                0x00000000000027e4                alt_up_ps2_disable_read_interrupt
                0x0000000000002844                alt_up_ps2_write_data_byte
                0x00000000000028b8                alt_up_ps2_wait_for_ack
                0x0000000000002920                alt_up_ps2_write_data_byte_with_ack
                0x0000000000002984                alt_up_ps2_read_data_byte_timeout
                0x0000000000002a20                alt_up_ps2_read_data_byte
                0x0000000000002a90                alt_up_ps2_clear_fifo
                0x0000000000002ae8                alt_up_ps2_read_fd
                0x0000000000002b74                alt_up_ps2_write_fd
                0x0000000000002c0c                alt_up_ps2_open_dev
 .text          0x0000000000002c4c      0x394 C:/Users/mmatis01/Documents/FPGA/InterruptsNIOS_bsp/\libhal_bsp.a(altera_up_avalon_rs232.o)
                0x0000000000002c4c                alt_up_rs232_enable_read_interrupt
                0x0000000000002ca8                alt_up_rs232_disable_read_interrupt
                0x0000000000002d08                alt_up_rs232_get_used_space_in_read_FIFO
                0x0000000000002d48                alt_up_rs232_get_available_space_in_write_FIFO
                0x0000000000002d84                alt_up_rs232_check_parity
                0x0000000000002dc8                alt_up_rs232_write_data
                0x0000000000002e08                alt_up_rs232_read_data
                0x0000000000002e7c                alt_up_rs232_read_fd
                0x0000000000002f0c                alt_up_rs232_write_fd
                0x0000000000002fa0                alt_up_rs232_open_dev
 .text          0x0000000000002fe0      0x140 C:/Users/mmatis01/Documents/FPGA/InterruptsNIOS_bsp/\libhal_bsp.a(alt_alarm_start.o)
                0x0000000000002fe0                alt_alarm_start
 .text          0x0000000000003120      0x120 C:/Users/mmatis01/Documents/FPGA/InterruptsNIOS_bsp/\libhal_bsp.a(alt_close.o)
                0x0000000000003170                close
 .text          0x0000000000003240       0x20 C:/Users/mmatis01/Documents/FPGA/InterruptsNIOS_bsp/\libhal_bsp.a(alt_dcache_flush_all.o)
                0x0000000000003240                alt_dcache_flush_all
 .text          0x0000000000003260       0x2c C:/Users/mmatis01/Documents/FPGA/InterruptsNIOS_bsp/\libhal_bsp.a(alt_dev.o)
 .text          0x000000000000328c       0xf4 C:/Users/mmatis01/Documents/FPGA/InterruptsNIOS_bsp/\libhal_bsp.a(alt_dev_llist_insert.o)
                0x00000000000032dc                alt_dev_llist_insert
 .text          0x0000000000003380       0x60 C:/Users/mmatis01/Documents/FPGA/InterruptsNIOS_bsp/\libhal_bsp.a(alt_do_ctors.o)
                0x0000000000003380                _do_ctors
 .text          0x00000000000033e0       0x60 C:/Users/mmatis01/Documents/FPGA/InterruptsNIOS_bsp/\libhal_bsp.a(alt_do_dtors.o)
                0x00000000000033e0                _do_dtors
 .text          0x0000000000003440        0x0 C:/Users/mmatis01/Documents/FPGA/InterruptsNIOS_bsp/\libhal_bsp.a(alt_errno.o)
 .text          0x0000000000003440       0x90 C:/Users/mmatis01/Documents/FPGA/InterruptsNIOS_bsp/\libhal_bsp.a(alt_find_dev.o)
                0x0000000000003440                alt_find_dev
 .text          0x00000000000034d0       0x34 C:/Users/mmatis01/Documents/FPGA/InterruptsNIOS_bsp/\libhal_bsp.a(alt_icache_flush_all.o)
                0x00000000000034d0                alt_icache_flush_all
 .text          0x0000000000003504      0x140 C:/Users/mmatis01/Documents/FPGA/InterruptsNIOS_bsp/\libhal_bsp.a(alt_io_redirect.o)
                0x00000000000035c8                alt_io_redirect
 .text          0x0000000000003644        0x0 C:/Users/mmatis01/Documents/FPGA/InterruptsNIOS_bsp/\libhal_bsp.a(alt_irq_entry.o)
 .text          0x0000000000003644        0x0 C:/Users/mmatis01/Documents/FPGA/InterruptsNIOS_bsp/\libhal_bsp.a(alt_irq_handler.o)
 .text          0x0000000000003644      0x274 C:/Users/mmatis01/Documents/FPGA/InterruptsNIOS_bsp/\libhal_bsp.a(alt_open.o)
                0x0000000000003760                open
 .text          0x00000000000038b8       0x64 C:/Users/mmatis01/Documents/FPGA/InterruptsNIOS_bsp/\libhal_bsp.a(alt_release_fd.o)
                0x00000000000038b8                alt_release_fd
 .text          0x000000000000391c      0x1a4 C:/Users/mmatis01/Documents/FPGA/InterruptsNIOS_bsp/\libhal_bsp.a(alt_tick.o)
                0x000000000000391c                alt_alarm_stop
                0x00000000000039b8                alt_tick
 .text          0x0000000000003ac0       0x24 C:/Users/mmatis01/Documents/FPGA/InterruptsNIOS_bsp/\libhal_bsp.a(altera_nios2_gen2_irq.o)
                0x0000000000003ac0                altera_nios2_gen2_irq_init
 .text          0x0000000000003ae4        0x0 C:/Users/mmatis01/Documents/FPGA/InterruptsNIOS_bsp/\libhal_bsp.a(alt_exception_entry.o)
 .text          0x0000000000003ae4      0x114 C:/Users/mmatis01/Documents/FPGA/InterruptsNIOS_bsp/\libhal_bsp.a(alt_find_file.o)
                0x0000000000003ae4                alt_find_file
 .text          0x0000000000003bf8       0xb4 C:/Users/mmatis01/Documents/FPGA/InterruptsNIOS_bsp/\libhal_bsp.a(alt_get_fd.o)
                0x0000000000003bf8                alt_get_fd
 .text          0x0000000000003cac       0x90 C:/Users/mmatis01/Documents/FPGA/InterruptsNIOS_bsp/\libhal_bsp.a(alt_icache_flush.o)
                0x0000000000003cac                alt_icache_flush
 .text          0x0000000000003d3c       0x9c C:/Users/mmatis01/Documents/FPGA/InterruptsNIOS_bsp/\libhal_bsp.a(alt_instruction_exception_entry.o)
                0x0000000000003d3c                alt_exception_cause_generated_bad_addr
 .text          0x0000000000003dd8        0x0 c:/altera/16.0/nios2eds/bin/gnu/h-x86_64-mingw32/bin/../lib/gcc/nios2-elf/5.2.0/../../../../../H-x86_64-mingw32/nios2-elf/lib/mhw-mulx\libc.a(lib_a-atexit.o)
 .text.atexit   0x0000000000003dd8       0x14 c:/altera/16.0/nios2eds/bin/gnu/h-x86_64-mingw32/bin/../lib/gcc/nios2-elf/5.2.0/../../../../../H-x86_64-mingw32/nios2-elf/lib/mhw-mulx\libc.a(lib_a-atexit.o)
                0x0000000000003dd8                atexit
 .text          0x0000000000003dec        0x0 c:/altera/16.0/nios2eds/bin/gnu/h-x86_64-mingw32/bin/../lib/gcc/nios2-elf/5.2.0/../../../../../H-x86_64-mingw32/nios2-elf/lib/mhw-mulx\libc.a(lib_a-exit.o)
 .text.exit     0x0000000000003dec       0x38 c:/altera/16.0/nios2eds/bin/gnu/h-x86_64-mingw32/bin/../lib/gcc/nios2-elf/5.2.0/../../../../../H-x86_64-mingw32/nios2-elf/lib/mhw-mulx\libc.a(lib_a-exit.o)
                0x0000000000003dec                exit
 .text          0x0000000000003e24        0x0 c:/altera/16.0/nios2eds/bin/gnu/h-x86_64-mingw32/bin/../lib/gcc/nios2-elf/5.2.0/../../../../../H-x86_64-mingw32/nios2-elf/lib/mhw-mulx\libc.a(lib_a-impure.o)
 .text          0x0000000000003e24        0x0 c:/altera/16.0/nios2eds/bin/gnu/h-x86_64-mingw32/bin/../lib/gcc/nios2-elf/5.2.0/../../../../../H-x86_64-mingw32/nios2-elf/lib/mhw-mulx\libc.a(lib_a-int_errno.o)
 .text          0x0000000000003e24        0x0 c:/altera/16.0/nios2eds/bin/gnu/h-x86_64-mingw32/bin/../lib/gcc/nios2-elf/5.2.0/../../../../../H-x86_64-mingw32/nios2-elf/lib/mhw-mulx\libc.a(lib_a-memcmp.o)
 .text.memcmp   0x0000000000003e24       0x7c c:/altera/16.0/nios2eds/bin/gnu/h-x86_64-mingw32/bin/../lib/gcc/nios2-elf/5.2.0/../../../../../H-x86_64-mingw32/nios2-elf/lib/mhw-mulx\libc.a(lib_a-memcmp.o)
                0x0000000000003e24                memcmp
 .text          0x0000000000003ea0        0x0 c:/altera/16.0/nios2eds/bin/gnu/h-x86_64-mingw32/bin/../lib/gcc/nios2-elf/5.2.0/../../../../../H-x86_64-mingw32/nios2-elf/lib/mhw-mulx\libc.a(lib_a-strlen.o)
 .text.strlen   0x0000000000003ea0       0x98 c:/altera/16.0/nios2eds/bin/gnu/h-x86_64-mingw32/bin/../lib/gcc/nios2-elf/5.2.0/../../../../../H-x86_64-mingw32/nios2-elf/lib/mhw-mulx\libc.a(lib_a-strlen.o)
                0x0000000000003ea0                strlen
 .text          0x0000000000003f38        0x0 c:/altera/16.0/nios2eds/bin/gnu/h-x86_64-mingw32/bin/../lib/gcc/nios2-elf/5.2.0/../../../../../H-x86_64-mingw32/nios2-elf/lib/mhw-mulx\libc.a(lib_a-__atexit.o)
 .text.__register_exitproc
                0x0000000000003f38      0x118 c:/altera/16.0/nios2eds/bin/gnu/h-x86_64-mingw32/bin/../lib/gcc/nios2-elf/5.2.0/../../../../../H-x86_64-mingw32/nios2-elf/lib/mhw-mulx\libc.a(lib_a-__atexit.o)
                0x0000000000003f38                __register_exitproc
 .text          0x0000000000004050        0x0 c:/altera/16.0/nios2eds/bin/gnu/h-x86_64-mingw32/bin/../lib/gcc/nios2-elf/5.2.0/../../../../../H-x86_64-mingw32/nios2-elf/lib/mhw-mulx\libc.a(lib_a-__call_atexit.o)
 .text.__call_exitprocs
                0x0000000000004050      0x180 c:/altera/16.0/nios2eds/bin/gnu/h-x86_64-mingw32/bin/../lib/gcc/nios2-elf/5.2.0/../../../../../H-x86_64-mingw32/nios2-elf/lib/mhw-mulx\libc.a(lib_a-__call_atexit.o)
                0x0000000000004050                __call_exitprocs
 .text          0x00000000000041d0       0x34 C:/Users/mmatis01/Documents/FPGA/InterruptsNIOS_bsp/\libhal_bsp.a(alt_exit.o)
                0x00000000000041d0                _exit
 *(.gnu.warning.*)
 *(.fini)
                [!provide]                        PROVIDE (__etext, ABSOLUTE (.))
                [!provide]                        PROVIDE (_etext, ABSOLUTE (.))
                [!provide]                        PROVIDE (etext, ABSOLUTE (.))
 *(.eh_frame_hdr)
                0x0000000000004204                . = ALIGN (0x4)
                [!provide]                        PROVIDE (__preinit_array_start, ABSOLUTE (.))
 *(.preinit_array)
                [!provide]                        PROVIDE (__preinit_array_end, ABSOLUTE (.))
                [!provide]                        PROVIDE (__init_array_start, ABSOLUTE (.))
 *(.init_array)
                [!provide]                        PROVIDE (__init_array_end, ABSOLUTE (.))
                [!provide]                        PROVIDE (__fini_array_start, ABSOLUTE (.))
 *(.fini_array)
                [!provide]                        PROVIDE (__fini_array_end, ABSOLUTE (.))
 *(.eh_frame)
 *(.gcc_except_table .gcc_except_table.*)
 *(.dynamic)
                0x0000000000004204                PROVIDE (__CTOR_LIST__, ABSOLUTE (.))
 *(.ctors)
 *(SORT(.ctors.*))
                0x0000000000004204                PROVIDE (__CTOR_END__, ABSOLUTE (.))
                0x0000000000004204                PROVIDE (__DTOR_LIST__, ABSOLUTE (.))
 *(.dtors)
 *(SORT(.dtors.*))
                0x0000000000004204                PROVIDE (__DTOR_END__, ABSOLUTE (.))
 *(.jcr)
                0x0000000000004204                . = ALIGN (0x4)

.rodata         0x0000000000004204      0x184
                0x0000000000004204                PROVIDE (__ram_rodata_start, ABSOLUTE (.))
                0x0000000000004204                . = ALIGN (0x4)
 *(.rodata .rodata.* .gnu.linkonce.r.*)
 .rodata        0x0000000000004204       0x10 obj/default/seven_seg_hex.o
 .rodata        0x0000000000004214        0xf C:/Users/mmatis01/Documents/FPGA/InterruptsNIOS_bsp/\libhal_bsp.a(alt_main.o)
 *fill*         0x0000000000004223        0x1 
 .rodata        0x0000000000004224      0x151 C:/Users/mmatis01/Documents/FPGA/InterruptsNIOS_bsp/\libhal_bsp.a(alt_sys_init.o)
 *fill*         0x0000000000004375        0x3 
 .rodata        0x0000000000004378        0xa C:/Users/mmatis01/Documents/FPGA/InterruptsNIOS_bsp/\libhal_bsp.a(alt_dev.o)
 *fill*         0x0000000000004382        0x2 
 .rodata.str1.4
                0x0000000000004384        0x4 c:/altera/16.0/nios2eds/bin/gnu/h-x86_64-mingw32/bin/../lib/gcc/nios2-elf/5.2.0/../../../../../H-x86_64-mingw32/nios2-elf/lib/mhw-mulx\libc.a(lib_a-impure.o)
                                          0x2 (size before relaxing)
 *(.rodata1)
                0x0000000000004388                . = ALIGN (0x4)
                0x0000000000004388                PROVIDE (__ram_rodata_end, ABSOLUTE (.))
                0x0000000000004204                PROVIDE (__flash_rodata_start, LOADADDR (.rodata))

.rwdata         0x0000000000004388     0x1998 load address 0x0000000000005d20
                0x0000000000004388                PROVIDE (__ram_rwdata_start, ABSOLUTE (.))
                0x0000000000004388                . = ALIGN (0x4)
 *(.got.plt)
 *(.got)
 *(.data1)
 *(.data .data.* .gnu.linkonce.d.*)
 .data          0x0000000000004388        0x0 C:/Users/mmatis01/Documents/FPGA/InterruptsNIOS_bsp//obj/HAL/src/crt0.o
 .data          0x0000000000004388        0x0 obj/default/HexDisplay.o
 .data          0x0000000000004388        0x0 obj/default/InterruptDemo.o
 .data          0x0000000000004388        0x0 obj/default/buttonISR.o
 .data          0x0000000000004388        0x0 obj/default/lcd.o
 .data          0x0000000000004388        0x0 obj/default/seven_seg_bcd.o
 .data          0x0000000000004388        0x0 obj/default/seven_seg_hex.o
 .data          0x0000000000004388        0x0 obj/default/timerISR.o
 .data          0x0000000000004388        0x0 c:/altera/16.0/nios2eds/bin/gnu/h-x86_64-mingw32/bin/../lib/gcc/nios2-elf/5.2.0/../../../../../H-x86_64-mingw32/nios2-elf/lib/mhw-mulx\libc.a(lib_a-memcpy.o)
 .data          0x0000000000004388        0x0 C:/Users/mmatis01/Documents/FPGA/InterruptsNIOS_bsp/\libhal_bsp.a(alt_irq_register.o)
 .data          0x0000000000004388        0x0 C:/Users/mmatis01/Documents/FPGA/InterruptsNIOS_bsp/\libhal_bsp.a(alt_irq_vars.o)
 .data          0x0000000000004388        0x0 C:/Users/mmatis01/Documents/FPGA/InterruptsNIOS_bsp/\libhal_bsp.a(alt_load.o)
 .data          0x0000000000004388        0x0 C:/Users/mmatis01/Documents/FPGA/InterruptsNIOS_bsp/\libhal_bsp.a(alt_main.o)
 .data          0x0000000000004388     0x139c C:/Users/mmatis01/Documents/FPGA/InterruptsNIOS_bsp/\libhal_bsp.a(alt_sys_init.o)
 .data          0x0000000000005724        0x0 C:/Users/mmatis01/Documents/FPGA/InterruptsNIOS_bsp/\libhal_bsp.a(altera_avalon_jtag_uart_fd.o)
 .data          0x0000000000005724        0x0 C:/Users/mmatis01/Documents/FPGA/InterruptsNIOS_bsp/\libhal_bsp.a(altera_avalon_jtag_uart_init.o)
 .data          0x0000000000005724        0x0 C:/Users/mmatis01/Documents/FPGA/InterruptsNIOS_bsp/\libhal_bsp.a(altera_avalon_jtag_uart_ioctl.o)
 .data          0x0000000000005724        0x0 C:/Users/mmatis01/Documents/FPGA/InterruptsNIOS_bsp/\libhal_bsp.a(altera_avalon_jtag_uart_read.o)
 .data          0x0000000000005724        0x0 C:/Users/mmatis01/Documents/FPGA/InterruptsNIOS_bsp/\libhal_bsp.a(altera_avalon_jtag_uart_write.o)
 .data          0x0000000000005724        0x0 C:/Users/mmatis01/Documents/FPGA/InterruptsNIOS_bsp/\libhal_bsp.a(altera_avalon_timer_sc.o)
 .data          0x0000000000005724        0x0 C:/Users/mmatis01/Documents/FPGA/InterruptsNIOS_bsp/\libhal_bsp.a(altera_up_avalon_character_lcd.o)
 .data          0x0000000000005724        0x0 C:/Users/mmatis01/Documents/FPGA/InterruptsNIOS_bsp/\libhal_bsp.a(altera_up_avalon_irda.o)
 .data          0x0000000000005724        0x0 C:/Users/mmatis01/Documents/FPGA/InterruptsNIOS_bsp/\libhal_bsp.a(altera_up_avalon_ps2.o)
 .data          0x0000000000005724        0x0 C:/Users/mmatis01/Documents/FPGA/InterruptsNIOS_bsp/\libhal_bsp.a(altera_up_avalon_rs232.o)
 .data          0x0000000000005724        0x0 C:/Users/mmatis01/Documents/FPGA/InterruptsNIOS_bsp/\libhal_bsp.a(alt_alarm_start.o)
 .data          0x0000000000005724        0x0 C:/Users/mmatis01/Documents/FPGA/InterruptsNIOS_bsp/\libhal_bsp.a(alt_close.o)
 .data          0x0000000000005724        0x0 C:/Users/mmatis01/Documents/FPGA/InterruptsNIOS_bsp/\libhal_bsp.a(alt_dcache_flush_all.o)
 .data          0x0000000000005724      0x1a8 C:/Users/mmatis01/Documents/FPGA/InterruptsNIOS_bsp/\libhal_bsp.a(alt_dev.o)
                0x0000000000005724                alt_dev_null
                0x000000000000574c                alt_fd_list
 .data          0x00000000000058cc        0x0 C:/Users/mmatis01/Documents/FPGA/InterruptsNIOS_bsp/\libhal_bsp.a(alt_dev_llist_insert.o)
 .data          0x00000000000058cc        0x0 C:/Users/mmatis01/Documents/FPGA/InterruptsNIOS_bsp/\libhal_bsp.a(alt_do_ctors.o)
 .data          0x00000000000058cc        0x0 C:/Users/mmatis01/Documents/FPGA/InterruptsNIOS_bsp/\libhal_bsp.a(alt_do_dtors.o)
 .data          0x00000000000058cc        0x0 C:/Users/mmatis01/Documents/FPGA/InterruptsNIOS_bsp/\libhal_bsp.a(alt_errno.o)
 .data          0x00000000000058cc        0x0 C:/Users/mmatis01/Documents/FPGA/InterruptsNIOS_bsp/\libhal_bsp.a(alt_find_dev.o)
 .data          0x00000000000058cc        0x0 C:/Users/mmatis01/Documents/FPGA/InterruptsNIOS_bsp/\libhal_bsp.a(alt_icache_flush_all.o)
 .data          0x00000000000058cc        0x0 C:/Users/mmatis01/Documents/FPGA/InterruptsNIOS_bsp/\libhal_bsp.a(alt_io_redirect.o)
 .data          0x00000000000058cc        0x0 C:/Users/mmatis01/Documents/FPGA/InterruptsNIOS_bsp/\libhal_bsp.a(alt_irq_entry.o)
 .data          0x00000000000058cc        0x0 C:/Users/mmatis01/Documents/FPGA/InterruptsNIOS_bsp/\libhal_bsp.a(alt_irq_handler.o)
 .data          0x00000000000058cc        0x0 C:/Users/mmatis01/Documents/FPGA/InterruptsNIOS_bsp/\libhal_bsp.a(alt_open.o)
 .data          0x00000000000058cc        0x0 C:/Users/mmatis01/Documents/FPGA/InterruptsNIOS_bsp/\libhal_bsp.a(alt_release_fd.o)
 .data          0x00000000000058cc        0x0 C:/Users/mmatis01/Documents/FPGA/InterruptsNIOS_bsp/\libhal_bsp.a(alt_tick.o)
 .data          0x00000000000058cc        0x0 C:/Users/mmatis01/Documents/FPGA/InterruptsNIOS_bsp/\libhal_bsp.a(altera_nios2_gen2_irq.o)
 .data          0x00000000000058cc        0x0 C:/Users/mmatis01/Documents/FPGA/InterruptsNIOS_bsp/\libhal_bsp.a(alt_exception_entry.o)
 .data          0x00000000000058cc        0x0 C:/Users/mmatis01/Documents/FPGA/InterruptsNIOS_bsp/\libhal_bsp.a(alt_find_file.o)
 .data          0x00000000000058cc        0x0 C:/Users/mmatis01/Documents/FPGA/InterruptsNIOS_bsp/\libhal_bsp.a(alt_get_fd.o)
 .data          0x00000000000058cc        0x0 C:/Users/mmatis01/Documents/FPGA/InterruptsNIOS_bsp/\libhal_bsp.a(alt_icache_flush.o)
 .data          0x00000000000058cc        0x0 C:/Users/mmatis01/Documents/FPGA/InterruptsNIOS_bsp/\libhal_bsp.a(alt_instruction_exception_entry.o)
 .data          0x00000000000058cc        0x0 c:/altera/16.0/nios2eds/bin/gnu/h-x86_64-mingw32/bin/../lib/gcc/nios2-elf/5.2.0/../../../../../H-x86_64-mingw32/nios2-elf/lib/mhw-mulx\libc.a(lib_a-atexit.o)
 .data          0x00000000000058cc        0x0 c:/altera/16.0/nios2eds/bin/gnu/h-x86_64-mingw32/bin/../lib/gcc/nios2-elf/5.2.0/../../../../../H-x86_64-mingw32/nios2-elf/lib/mhw-mulx\libc.a(lib_a-exit.o)
 .data          0x00000000000058cc        0x0 c:/altera/16.0/nios2eds/bin/gnu/h-x86_64-mingw32/bin/../lib/gcc/nios2-elf/5.2.0/../../../../../H-x86_64-mingw32/nios2-elf/lib/mhw-mulx\libc.a(lib_a-impure.o)
 .data.impure_data
                0x00000000000058cc      0x424 c:/altera/16.0/nios2eds/bin/gnu/h-x86_64-mingw32/bin/../lib/gcc/nios2-elf/5.2.0/../../../../../H-x86_64-mingw32/nios2-elf/lib/mhw-mulx\libc.a(lib_a-impure.o)
 .data          0x0000000000005cf0        0x0 c:/altera/16.0/nios2eds/bin/gnu/h-x86_64-mingw32/bin/../lib/gcc/nios2-elf/5.2.0/../../../../../H-x86_64-mingw32/nios2-elf/lib/mhw-mulx\libc.a(lib_a-int_errno.o)
 .data          0x0000000000005cf0        0x0 c:/altera/16.0/nios2eds/bin/gnu/h-x86_64-mingw32/bin/../lib/gcc/nios2-elf/5.2.0/../../../../../H-x86_64-mingw32/nios2-elf/lib/mhw-mulx\libc.a(lib_a-memcmp.o)
 .data          0x0000000000005cf0        0x0 c:/altera/16.0/nios2eds/bin/gnu/h-x86_64-mingw32/bin/../lib/gcc/nios2-elf/5.2.0/../../../../../H-x86_64-mingw32/nios2-elf/lib/mhw-mulx\libc.a(lib_a-strlen.o)
 .data          0x0000000000005cf0        0x0 c:/altera/16.0/nios2eds/bin/gnu/h-x86_64-mingw32/bin/../lib/gcc/nios2-elf/5.2.0/../../../../../H-x86_64-mingw32/nios2-elf/lib/mhw-mulx\libc.a(lib_a-__atexit.o)
 .data          0x0000000000005cf0        0x0 c:/altera/16.0/nios2eds/bin/gnu/h-x86_64-mingw32/bin/../lib/gcc/nios2-elf/5.2.0/../../../../../H-x86_64-mingw32/nios2-elf/lib/mhw-mulx\libc.a(lib_a-__call_atexit.o)
 .data          0x0000000000005cf0        0x0 C:/Users/mmatis01/Documents/FPGA/InterruptsNIOS_bsp/\libhal_bsp.a(alt_exit.o)
                0x000000000000dcf0                _gp = ABSOLUTE ((. + 0x8000))
                [!provide]                        PROVIDE (gp, _gp)
 *(.rwdata .rwdata.*)
 *(.sdata .sdata.* .gnu.linkonce.s.*)
 .sdata         0x0000000000005cf0        0x4 obj/default/InterruptDemo.o
 .sdata         0x0000000000005cf4        0x4 C:/Users/mmatis01/Documents/FPGA/InterruptsNIOS_bsp/\libhal_bsp.a(alt_irq_vars.o)
                0x0000000000005cf4                alt_priority_mask
 .sdata         0x0000000000005cf8       0x14 C:/Users/mmatis01/Documents/FPGA/InterruptsNIOS_bsp/\libhal_bsp.a(alt_dev.o)
                0x0000000000005cf8                alt_fs_list
                0x0000000000005d00                alt_dev_list
                0x0000000000005d08                alt_max_fd
 .sdata         0x0000000000005d0c        0x4 C:/Users/mmatis01/Documents/FPGA/InterruptsNIOS_bsp/\libhal_bsp.a(alt_errno.o)
                0x0000000000005d0c                alt_errno
 .sdata         0x0000000000005d10        0x8 C:/Users/mmatis01/Documents/FPGA/InterruptsNIOS_bsp/\libhal_bsp.a(alt_tick.o)
                0x0000000000005d10                alt_alarm_list
 .sdata._global_impure_ptr
                0x0000000000005d18        0x4 c:/altera/16.0/nios2eds/bin/gnu/h-x86_64-mingw32/bin/../lib/gcc/nios2-elf/5.2.0/../../../../../H-x86_64-mingw32/nios2-elf/lib/mhw-mulx\libc.a(lib_a-impure.o)
                0x0000000000005d18                _global_impure_ptr
 .sdata._impure_ptr
                0x0000000000005d1c        0x4 c:/altera/16.0/nios2eds/bin/gnu/h-x86_64-mingw32/bin/../lib/gcc/nios2-elf/5.2.0/../../../../../H-x86_64-mingw32/nios2-elf/lib/mhw-mulx\libc.a(lib_a-impure.o)
                0x0000000000005d1c                _impure_ptr
 *(.sdata2 .sdata2.* .gnu.linkonce.s2.*)
                0x0000000000005d20                . = ALIGN (0x4)
                0x0000000000005d20                _edata = ABSOLUTE (.)
                [!provide]                        PROVIDE (edata, ABSOLUTE (.))
                0x0000000000005d20                PROVIDE (__ram_rwdata_end, ABSOLUTE (.))
                0x0000000000005d20                PROVIDE (__flash_rwdata_start, LOADADDR (.rwdata))

.bss            0x00000000000076b8      0x124
                0x00000000000076b8                __bss_start = ABSOLUTE (.)
                [!provide]                        PROVIDE (__sbss_start, ABSOLUTE (.))
                [!provide]                        PROVIDE (___sbss_start, ABSOLUTE (.))
 *(.dynsbss)
 *(.sbss .sbss.* .gnu.linkonce.sb.*)
 .sbss          0x00000000000076b8        0x4 obj/default/InterruptDemo.o
 .sbss          0x00000000000076bc        0x4 C:/Users/mmatis01/Documents/FPGA/InterruptsNIOS_bsp/\libhal_bsp.a(alt_irq_vars.o)
                0x00000000000076bc                alt_irq_active
 .sbss          0x00000000000076c0        0xc C:/Users/mmatis01/Documents/FPGA/InterruptsNIOS_bsp/\libhal_bsp.a(alt_main.o)
                0x00000000000076c0                alt_argc
                0x00000000000076c4                alt_argv
                0x00000000000076c8                alt_envp
 .sbss          0x00000000000076cc        0x8 C:/Users/mmatis01/Documents/FPGA/InterruptsNIOS_bsp/\libhal_bsp.a(alt_tick.o)
                0x00000000000076cc                _alt_tick_rate
                0x00000000000076d0                _alt_nticks
 .sbss          0x00000000000076d4        0x4 C:/Users/mmatis01/Documents/FPGA/InterruptsNIOS_bsp/\libhal_bsp.a(alt_instruction_exception_entry.o)
                0x00000000000076d4                alt_instruction_exception_handler
 .sbss          0x00000000000076d8        0x4 c:/altera/16.0/nios2eds/bin/gnu/h-x86_64-mingw32/bin/../lib/gcc/nios2-elf/5.2.0/../../../../../H-x86_64-mingw32/nios2-elf/lib/mhw-mulx\libc.a(lib_a-int_errno.o)
                0x00000000000076d8                errno
 *(.sbss2 .sbss2.* .gnu.linkonce.sb2.*)
 *(.scommon)
                [!provide]                        PROVIDE (__sbss_end, ABSOLUTE (.))
                [!provide]                        PROVIDE (___sbss_end, ABSOLUTE (.))
 *(.dynbss)
 *(.bss .bss.* .gnu.linkonce.b.*)
 .bss           0x00000000000076dc        0x0 C:/Users/mmatis01/Documents/FPGA/InterruptsNIOS_bsp//obj/HAL/src/crt0.o
 .bss           0x00000000000076dc        0x0 obj/default/HexDisplay.o
 .bss           0x00000000000076dc        0x0 obj/default/InterruptDemo.o
 .bss           0x00000000000076dc        0x0 obj/default/buttonISR.o
 .bss           0x00000000000076dc        0x0 obj/default/lcd.o
 .bss           0x00000000000076dc        0x0 obj/default/seven_seg_bcd.o
 .bss           0x00000000000076dc        0x0 obj/default/seven_seg_hex.o
 .bss           0x00000000000076dc        0x0 obj/default/timerISR.o
 .bss           0x00000000000076dc        0x0 c:/altera/16.0/nios2eds/bin/gnu/h-x86_64-mingw32/bin/../lib/gcc/nios2-elf/5.2.0/../../../../../H-x86_64-mingw32/nios2-elf/lib/mhw-mulx\libc.a(lib_a-memcpy.o)
 .bss           0x00000000000076dc        0x0 C:/Users/mmatis01/Documents/FPGA/InterruptsNIOS_bsp/\libhal_bsp.a(alt_irq_register.o)
 .bss           0x00000000000076dc        0x0 C:/Users/mmatis01/Documents/FPGA/InterruptsNIOS_bsp/\libhal_bsp.a(alt_irq_vars.o)
 .bss           0x00000000000076dc        0x0 C:/Users/mmatis01/Documents/FPGA/InterruptsNIOS_bsp/\libhal_bsp.a(alt_load.o)
 .bss           0x00000000000076dc        0x0 C:/Users/mmatis01/Documents/FPGA/InterruptsNIOS_bsp/\libhal_bsp.a(alt_main.o)
 .bss           0x00000000000076dc        0x0 C:/Users/mmatis01/Documents/FPGA/InterruptsNIOS_bsp/\libhal_bsp.a(alt_sys_init.o)
 .bss           0x00000000000076dc        0x0 C:/Users/mmatis01/Documents/FPGA/InterruptsNIOS_bsp/\libhal_bsp.a(altera_avalon_jtag_uart_fd.o)
 .bss           0x00000000000076dc        0x0 C:/Users/mmatis01/Documents/FPGA/InterruptsNIOS_bsp/\libhal_bsp.a(altera_avalon_jtag_uart_init.o)
 .bss           0x00000000000076dc        0x0 C:/Users/mmatis01/Documents/FPGA/InterruptsNIOS_bsp/\libhal_bsp.a(altera_avalon_jtag_uart_ioctl.o)
 .bss           0x00000000000076dc        0x0 C:/Users/mmatis01/Documents/FPGA/InterruptsNIOS_bsp/\libhal_bsp.a(altera_avalon_jtag_uart_read.o)
 .bss           0x00000000000076dc        0x0 C:/Users/mmatis01/Documents/FPGA/InterruptsNIOS_bsp/\libhal_bsp.a(altera_avalon_jtag_uart_write.o)
 .bss           0x00000000000076dc        0x0 C:/Users/mmatis01/Documents/FPGA/InterruptsNIOS_bsp/\libhal_bsp.a(altera_avalon_timer_sc.o)
 .bss           0x00000000000076dc        0x0 C:/Users/mmatis01/Documents/FPGA/InterruptsNIOS_bsp/\libhal_bsp.a(altera_up_avalon_character_lcd.o)
 .bss           0x00000000000076dc        0x0 C:/Users/mmatis01/Documents/FPGA/InterruptsNIOS_bsp/\libhal_bsp.a(altera_up_avalon_irda.o)
 .bss           0x00000000000076dc        0x0 C:/Users/mmatis01/Documents/FPGA/InterruptsNIOS_bsp/\libhal_bsp.a(altera_up_avalon_ps2.o)
 .bss           0x00000000000076dc        0x0 C:/Users/mmatis01/Documents/FPGA/InterruptsNIOS_bsp/\libhal_bsp.a(altera_up_avalon_rs232.o)
 .bss           0x00000000000076dc        0x0 C:/Users/mmatis01/Documents/FPGA/InterruptsNIOS_bsp/\libhal_bsp.a(alt_alarm_start.o)
 .bss           0x00000000000076dc        0x0 C:/Users/mmatis01/Documents/FPGA/InterruptsNIOS_bsp/\libhal_bsp.a(alt_close.o)
 .bss           0x00000000000076dc        0x0 C:/Users/mmatis01/Documents/FPGA/InterruptsNIOS_bsp/\libhal_bsp.a(alt_dcache_flush_all.o)
 .bss           0x00000000000076dc        0x0 C:/Users/mmatis01/Documents/FPGA/InterruptsNIOS_bsp/\libhal_bsp.a(alt_dev.o)
 .bss           0x00000000000076dc        0x0 C:/Users/mmatis01/Documents/FPGA/InterruptsNIOS_bsp/\libhal_bsp.a(alt_dev_llist_insert.o)
 .bss           0x00000000000076dc        0x0 C:/Users/mmatis01/Documents/FPGA/InterruptsNIOS_bsp/\libhal_bsp.a(alt_do_ctors.o)
 .bss           0x00000000000076dc        0x0 C:/Users/mmatis01/Documents/FPGA/InterruptsNIOS_bsp/\libhal_bsp.a(alt_do_dtors.o)
 .bss           0x00000000000076dc        0x0 C:/Users/mmatis01/Documents/FPGA/InterruptsNIOS_bsp/\libhal_bsp.a(alt_errno.o)
 .bss           0x00000000000076dc        0x0 C:/Users/mmatis01/Documents/FPGA/InterruptsNIOS_bsp/\libhal_bsp.a(alt_find_dev.o)
 .bss           0x00000000000076dc        0x0 C:/Users/mmatis01/Documents/FPGA/InterruptsNIOS_bsp/\libhal_bsp.a(alt_icache_flush_all.o)
 .bss           0x00000000000076dc        0x0 C:/Users/mmatis01/Documents/FPGA/InterruptsNIOS_bsp/\libhal_bsp.a(alt_io_redirect.o)
 .bss           0x00000000000076dc        0x0 C:/Users/mmatis01/Documents/FPGA/InterruptsNIOS_bsp/\libhal_bsp.a(alt_irq_entry.o)
 .bss           0x00000000000076dc        0x0 C:/Users/mmatis01/Documents/FPGA/InterruptsNIOS_bsp/\libhal_bsp.a(alt_irq_handler.o)
 .bss           0x00000000000076dc        0x0 C:/Users/mmatis01/Documents/FPGA/InterruptsNIOS_bsp/\libhal_bsp.a(alt_open.o)
 .bss           0x00000000000076dc        0x0 C:/Users/mmatis01/Documents/FPGA/InterruptsNIOS_bsp/\libhal_bsp.a(alt_release_fd.o)
 .bss           0x00000000000076dc        0x0 C:/Users/mmatis01/Documents/FPGA/InterruptsNIOS_bsp/\libhal_bsp.a(alt_tick.o)
 .bss           0x00000000000076dc        0x0 C:/Users/mmatis01/Documents/FPGA/InterruptsNIOS_bsp/\libhal_bsp.a(altera_nios2_gen2_irq.o)
 .bss           0x00000000000076dc        0x0 C:/Users/mmatis01/Documents/FPGA/InterruptsNIOS_bsp/\libhal_bsp.a(alt_exception_entry.o)
 .bss           0x00000000000076dc        0x0 C:/Users/mmatis01/Documents/FPGA/InterruptsNIOS_bsp/\libhal_bsp.a(alt_find_file.o)
 .bss           0x00000000000076dc        0x0 C:/Users/mmatis01/Documents/FPGA/InterruptsNIOS_bsp/\libhal_bsp.a(alt_get_fd.o)
 .bss           0x00000000000076dc        0x0 C:/Users/mmatis01/Documents/FPGA/InterruptsNIOS_bsp/\libhal_bsp.a(alt_icache_flush.o)
 .bss           0x00000000000076dc        0x0 C:/Users/mmatis01/Documents/FPGA/InterruptsNIOS_bsp/\libhal_bsp.a(alt_instruction_exception_entry.o)
 .bss           0x00000000000076dc        0x0 c:/altera/16.0/nios2eds/bin/gnu/h-x86_64-mingw32/bin/../lib/gcc/nios2-elf/5.2.0/../../../../../H-x86_64-mingw32/nios2-elf/lib/mhw-mulx\libc.a(lib_a-atexit.o)
 .bss           0x00000000000076dc        0x0 c:/altera/16.0/nios2eds/bin/gnu/h-x86_64-mingw32/bin/../lib/gcc/nios2-elf/5.2.0/../../../../../H-x86_64-mingw32/nios2-elf/lib/mhw-mulx\libc.a(lib_a-exit.o)
 .bss           0x00000000000076dc        0x0 c:/altera/16.0/nios2eds/bin/gnu/h-x86_64-mingw32/bin/../lib/gcc/nios2-elf/5.2.0/../../../../../H-x86_64-mingw32/nios2-elf/lib/mhw-mulx\libc.a(lib_a-impure.o)
 .bss           0x00000000000076dc        0x0 c:/altera/16.0/nios2eds/bin/gnu/h-x86_64-mingw32/bin/../lib/gcc/nios2-elf/5.2.0/../../../../../H-x86_64-mingw32/nios2-elf/lib/mhw-mulx\libc.a(lib_a-int_errno.o)
 .bss           0x00000000000076dc        0x0 c:/altera/16.0/nios2eds/bin/gnu/h-x86_64-mingw32/bin/../lib/gcc/nios2-elf/5.2.0/../../../../../H-x86_64-mingw32/nios2-elf/lib/mhw-mulx\libc.a(lib_a-memcmp.o)
 .bss           0x00000000000076dc        0x0 c:/altera/16.0/nios2eds/bin/gnu/h-x86_64-mingw32/bin/../lib/gcc/nios2-elf/5.2.0/../../../../../H-x86_64-mingw32/nios2-elf/lib/mhw-mulx\libc.a(lib_a-strlen.o)
 .bss           0x00000000000076dc        0x0 c:/altera/16.0/nios2eds/bin/gnu/h-x86_64-mingw32/bin/../lib/gcc/nios2-elf/5.2.0/../../../../../H-x86_64-mingw32/nios2-elf/lib/mhw-mulx\libc.a(lib_a-__atexit.o)
 .bss           0x00000000000076dc        0x0 c:/altera/16.0/nios2eds/bin/gnu/h-x86_64-mingw32/bin/../lib/gcc/nios2-elf/5.2.0/../../../../../H-x86_64-mingw32/nios2-elf/lib/mhw-mulx\libc.a(lib_a-__call_atexit.o)
 .bss           0x00000000000076dc        0x0 C:/Users/mmatis01/Documents/FPGA/InterruptsNIOS_bsp/\libhal_bsp.a(alt_exit.o)
 *(COMMON)
 COMMON         0x00000000000076dc      0x100 C:/Users/mmatis01/Documents/FPGA/InterruptsNIOS_bsp/\libhal_bsp.a(alt_irq_handler.o)
                0x00000000000076dc                alt_irq
                0x00000000000077dc                . = ALIGN (0x4)
                0x00000000000077dc                __bss_end = ABSOLUTE (.)

.SDRAM          0x00000000000077dc        0x0
                [!provide]                        PROVIDE (_alt_partition_SDRAM_start, ABSOLUTE (.))
 *(.SDRAM .SDRAM. SDRAM.*)
                0x00000000000077dc                . = ALIGN (0x4)
                [!provide]                        PROVIDE (_alt_partition_SDRAM_end, ABSOLUTE (.))
                0x00000000000077dc                _end = ABSOLUTE (.)
                0x00000000000077dc                end = ABSOLUTE (.)
                0x00000000000077dc                __alt_stack_base = ABSOLUTE (.)
                [!provide]                        PROVIDE (_alt_partition_SDRAM_load_addr, LOADADDR (.SDRAM))

.VGA_Subsystem_Char_Buf_Subsystem_Onchip_SRAM
                0x0000000009000000        0x0 load address 0x00000000000077dc
                [!provide]                        PROVIDE (_alt_partition_VGA_Subsystem_Char_Buf_Subsystem_Onchip_SRAM_start, ABSOLUTE (.))
 *(.VGA_Subsystem_Char_Buf_Subsystem_Onchip_SRAM .VGA_Subsystem_Char_Buf_Subsystem_Onchip_SRAM. VGA_Subsystem_Char_Buf_Subsystem_Onchip_SRAM.*)
                0x0000000009000000                . = ALIGN (0x4)
                [!provide]                        PROVIDE (_alt_partition_VGA_Subsystem_Char_Buf_Subsystem_Onchip_SRAM_end, ABSOLUTE (.))
                [!provide]                        PROVIDE (_alt_partition_VGA_Subsystem_Char_Buf_Subsystem_Onchip_SRAM_load_addr, LOADADDR (.VGA_Subsystem_Char_Buf_Subsystem_Onchip_SRAM))

.stab
 *(.stab)

.stabstr
 *(.stabstr)

.stab.excl
 *(.stab.excl)

.stab.exclstr
 *(.stab.exclstr)

.stab.index
 *(.stab.index)

.stab.indexstr
 *(.stab.indexstr)

.comment        0x0000000000000000       0x23
 *(.comment)
 .comment       0x0000000000000000       0x23 obj/default/HexDisplay.o
                                         0x24 (size before relaxing)
 .comment       0x0000000000000023       0x24 obj/default/InterruptDemo.o
 .comment       0x0000000000000023       0x24 obj/default/buttonISR.o
 .comment       0x0000000000000023       0x24 obj/default/lcd.o
 .comment       0x0000000000000023       0x24 obj/default/seven_seg_bcd.o
 .comment       0x0000000000000023       0x24 obj/default/seven_seg_hex.o
 .comment       0x0000000000000023       0x24 obj/default/timerISR.o
 .comment       0x0000000000000023       0x24 c:/altera/16.0/nios2eds/bin/gnu/h-x86_64-mingw32/bin/../lib/gcc/nios2-elf/5.2.0/../../../../../H-x86_64-mingw32/nios2-elf/lib/mhw-mulx\libc.a(lib_a-memcpy.o)
 .comment       0x0000000000000023       0x24 C:/Users/mmatis01/Documents/FPGA/InterruptsNIOS_bsp/\libhal_bsp.a(alt_irq_register.o)
 .comment       0x0000000000000023       0x24 C:/Users/mmatis01/Documents/FPGA/InterruptsNIOS_bsp/\libhal_bsp.a(alt_irq_vars.o)
 .comment       0x0000000000000023       0x24 C:/Users/mmatis01/Documents/FPGA/InterruptsNIOS_bsp/\libhal_bsp.a(alt_load.o)
 .comment       0x0000000000000023       0x24 C:/Users/mmatis01/Documents/FPGA/InterruptsNIOS_bsp/\libhal_bsp.a(alt_main.o)
 .comment       0x0000000000000023       0x24 C:/Users/mmatis01/Documents/FPGA/InterruptsNIOS_bsp/\libhal_bsp.a(alt_sys_init.o)
 .comment       0x0000000000000023       0x24 C:/Users/mmatis01/Documents/FPGA/InterruptsNIOS_bsp/\libhal_bsp.a(altera_avalon_jtag_uart_fd.o)
 .comment       0x0000000000000023       0x24 C:/Users/mmatis01/Documents/FPGA/InterruptsNIOS_bsp/\libhal_bsp.a(altera_avalon_jtag_uart_init.o)
 .comment       0x0000000000000023       0x24 C:/Users/mmatis01/Documents/FPGA/InterruptsNIOS_bsp/\libhal_bsp.a(altera_avalon_jtag_uart_ioctl.o)
 .comment       0x0000000000000023       0x24 C:/Users/mmatis01/Documents/FPGA/InterruptsNIOS_bsp/\libhal_bsp.a(altera_avalon_jtag_uart_read.o)
 .comment       0x0000000000000023       0x24 C:/Users/mmatis01/Documents/FPGA/InterruptsNIOS_bsp/\libhal_bsp.a(altera_avalon_jtag_uart_write.o)
 .comment       0x0000000000000023       0x24 C:/Users/mmatis01/Documents/FPGA/InterruptsNIOS_bsp/\libhal_bsp.a(altera_avalon_timer_sc.o)
 .comment       0x0000000000000023       0x24 C:/Users/mmatis01/Documents/FPGA/InterruptsNIOS_bsp/\libhal_bsp.a(altera_up_avalon_character_lcd.o)
 .comment       0x0000000000000023       0x24 C:/Users/mmatis01/Documents/FPGA/InterruptsNIOS_bsp/\libhal_bsp.a(altera_up_avalon_irda.o)
 .comment       0x0000000000000023       0x24 C:/Users/mmatis01/Documents/FPGA/InterruptsNIOS_bsp/\libhal_bsp.a(altera_up_avalon_ps2.o)
 .comment       0x0000000000000023       0x24 C:/Users/mmatis01/Documents/FPGA/InterruptsNIOS_bsp/\libhal_bsp.a(altera_up_avalon_rs232.o)
 .comment       0x0000000000000023       0x24 C:/Users/mmatis01/Documents/FPGA/InterruptsNIOS_bsp/\libhal_bsp.a(alt_alarm_start.o)
 .comment       0x0000000000000023       0x24 C:/Users/mmatis01/Documents/FPGA/InterruptsNIOS_bsp/\libhal_bsp.a(alt_close.o)
 .comment       0x0000000000000023       0x24 C:/Users/mmatis01/Documents/FPGA/InterruptsNIOS_bsp/\libhal_bsp.a(alt_dcache_flush_all.o)
 .comment       0x0000000000000023       0x24 C:/Users/mmatis01/Documents/FPGA/InterruptsNIOS_bsp/\libhal_bsp.a(alt_dev.o)
 .comment       0x0000000000000023       0x24 C:/Users/mmatis01/Documents/FPGA/InterruptsNIOS_bsp/\libhal_bsp.a(alt_dev_llist_insert.o)
 .comment       0x0000000000000023       0x24 C:/Users/mmatis01/Documents/FPGA/InterruptsNIOS_bsp/\libhal_bsp.a(alt_do_ctors.o)
 .comment       0x0000000000000023       0x24 C:/Users/mmatis01/Documents/FPGA/InterruptsNIOS_bsp/\libhal_bsp.a(alt_do_dtors.o)
 .comment       0x0000000000000023       0x24 C:/Users/mmatis01/Documents/FPGA/InterruptsNIOS_bsp/\libhal_bsp.a(alt_errno.o)
 .comment       0x0000000000000023       0x24 C:/Users/mmatis01/Documents/FPGA/InterruptsNIOS_bsp/\libhal_bsp.a(alt_find_dev.o)
 .comment       0x0000000000000023       0x24 C:/Users/mmatis01/Documents/FPGA/InterruptsNIOS_bsp/\libhal_bsp.a(alt_icache_flush_all.o)
 .comment       0x0000000000000023       0x24 C:/Users/mmatis01/Documents/FPGA/InterruptsNIOS_bsp/\libhal_bsp.a(alt_io_redirect.o)
 .comment       0x0000000000000023       0x24 C:/Users/mmatis01/Documents/FPGA/InterruptsNIOS_bsp/\libhal_bsp.a(alt_irq_handler.o)
 .comment       0x0000000000000023       0x24 C:/Users/mmatis01/Documents/FPGA/InterruptsNIOS_bsp/\libhal_bsp.a(alt_open.o)
 .comment       0x0000000000000023       0x24 C:/Users/mmatis01/Documents/FPGA/InterruptsNIOS_bsp/\libhal_bsp.a(alt_release_fd.o)
 .comment       0x0000000000000023       0x24 C:/Users/mmatis01/Documents/FPGA/InterruptsNIOS_bsp/\libhal_bsp.a(alt_tick.o)
 .comment       0x0000000000000023       0x24 C:/Users/mmatis01/Documents/FPGA/InterruptsNIOS_bsp/\libhal_bsp.a(altera_nios2_gen2_irq.o)
 .comment       0x0000000000000023       0x24 C:/Users/mmatis01/Documents/FPGA/InterruptsNIOS_bsp/\libhal_bsp.a(alt_find_file.o)
 .comment       0x0000000000000023       0x24 C:/Users/mmatis01/Documents/FPGA/InterruptsNIOS_bsp/\libhal_bsp.a(alt_get_fd.o)
 .comment       0x0000000000000023       0x24 C:/Users/mmatis01/Documents/FPGA/InterruptsNIOS_bsp/\libhal_bsp.a(alt_icache_flush.o)
 .comment       0x0000000000000023       0x24 C:/Users/mmatis01/Documents/FPGA/InterruptsNIOS_bsp/\libhal_bsp.a(alt_instruction_exception_entry.o)
 .comment       0x0000000000000023       0x24 c:/altera/16.0/nios2eds/bin/gnu/h-x86_64-mingw32/bin/../lib/gcc/nios2-elf/5.2.0/../../../../../H-x86_64-mingw32/nios2-elf/lib/mhw-mulx\libc.a(lib_a-atexit.o)
 .comment       0x0000000000000023       0x24 c:/altera/16.0/nios2eds/bin/gnu/h-x86_64-mingw32/bin/../lib/gcc/nios2-elf/5.2.0/../../../../../H-x86_64-mingw32/nios2-elf/lib/mhw-mulx\libc.a(lib_a-exit.o)
 .comment       0x0000000000000023       0x24 c:/altera/16.0/nios2eds/bin/gnu/h-x86_64-mingw32/bin/../lib/gcc/nios2-elf/5.2.0/../../../../../H-x86_64-mingw32/nios2-elf/lib/mhw-mulx\libc.a(lib_a-impure.o)
 .comment       0x0000000000000023       0x24 c:/altera/16.0/nios2eds/bin/gnu/h-x86_64-mingw32/bin/../lib/gcc/nios2-elf/5.2.0/../../../../../H-x86_64-mingw32/nios2-elf/lib/mhw-mulx\libc.a(lib_a-int_errno.o)
 .comment       0x0000000000000023       0x24 c:/altera/16.0/nios2eds/bin/gnu/h-x86_64-mingw32/bin/../lib/gcc/nios2-elf/5.2.0/../../../../../H-x86_64-mingw32/nios2-elf/lib/mhw-mulx\libc.a(lib_a-memcmp.o)
 .comment       0x0000000000000023       0x24 c:/altera/16.0/nios2eds/bin/gnu/h-x86_64-mingw32/bin/../lib/gcc/nios2-elf/5.2.0/../../../../../H-x86_64-mingw32/nios2-elf/lib/mhw-mulx\libc.a(lib_a-strlen.o)
 .comment       0x0000000000000023       0x24 c:/altera/16.0/nios2eds/bin/gnu/h-x86_64-mingw32/bin/../lib/gcc/nios2-elf/5.2.0/../../../../../H-x86_64-mingw32/nios2-elf/lib/mhw-mulx\libc.a(lib_a-__atexit.o)
 .comment       0x0000000000000023       0x24 c:/altera/16.0/nios2eds/bin/gnu/h-x86_64-mingw32/bin/../lib/gcc/nios2-elf/5.2.0/../../../../../H-x86_64-mingw32/nios2-elf/lib/mhw-mulx\libc.a(lib_a-__call_atexit.o)
 .comment       0x0000000000000023       0x24 C:/Users/mmatis01/Documents/FPGA/InterruptsNIOS_bsp/\libhal_bsp.a(alt_exit.o)

.debug
 *(.debug)

.line
 *(.line)

.debug_srcinfo
 *(.debug_srcinfo)

.debug_sfnames
 *(.debug_sfnames)

.debug_aranges  0x0000000000000000      0x6f8
 *(.debug_aranges)
 .debug_aranges
                0x0000000000000000       0x28 C:/Users/mmatis01/Documents/FPGA/InterruptsNIOS_bsp//obj/HAL/src/crt0.o
 .debug_aranges
                0x0000000000000028       0x20 obj/default/HexDisplay.o
 .debug_aranges
                0x0000000000000048       0x20 obj/default/InterruptDemo.o
 .debug_aranges
                0x0000000000000068       0x20 obj/default/buttonISR.o
 .debug_aranges
                0x0000000000000088       0x20 obj/default/lcd.o
 .debug_aranges
                0x00000000000000a8       0x20 obj/default/seven_seg_bcd.o
 .debug_aranges
                0x00000000000000c8       0x20 obj/default/seven_seg_hex.o
 .debug_aranges
                0x00000000000000e8       0x20 obj/default/timerISR.o
 .debug_aranges
                0x0000000000000108       0x20 c:/altera/16.0/nios2eds/bin/gnu/h-x86_64-mingw32/bin/../lib/gcc/nios2-elf/5.2.0/../../../../../H-x86_64-mingw32/nios2-elf/lib/mhw-mulx\libc.a(lib_a-memcpy.o)
 .debug_aranges
                0x0000000000000128       0x20 C:/Users/mmatis01/Documents/FPGA/InterruptsNIOS_bsp/\libhal_bsp.a(alt_irq_register.o)
 .debug_aranges
                0x0000000000000148       0x18 C:/Users/mmatis01/Documents/FPGA/InterruptsNIOS_bsp/\libhal_bsp.a(alt_irq_vars.o)
 .debug_aranges
                0x0000000000000160       0x20 C:/Users/mmatis01/Documents/FPGA/InterruptsNIOS_bsp/\libhal_bsp.a(alt_load.o)
 .debug_aranges
                0x0000000000000180       0x20 C:/Users/mmatis01/Documents/FPGA/InterruptsNIOS_bsp/\libhal_bsp.a(alt_main.o)
 .debug_aranges
                0x00000000000001a0       0x20 C:/Users/mmatis01/Documents/FPGA/InterruptsNIOS_bsp/\libhal_bsp.a(alt_sys_init.o)
 .debug_aranges
                0x00000000000001c0       0x20 C:/Users/mmatis01/Documents/FPGA/InterruptsNIOS_bsp/\libhal_bsp.a(altera_avalon_jtag_uart_fd.o)
 .debug_aranges
                0x00000000000001e0       0x20 C:/Users/mmatis01/Documents/FPGA/InterruptsNIOS_bsp/\libhal_bsp.a(altera_avalon_jtag_uart_init.o)
 .debug_aranges
                0x0000000000000200       0x20 C:/Users/mmatis01/Documents/FPGA/InterruptsNIOS_bsp/\libhal_bsp.a(altera_avalon_jtag_uart_ioctl.o)
 .debug_aranges
                0x0000000000000220       0x20 C:/Users/mmatis01/Documents/FPGA/InterruptsNIOS_bsp/\libhal_bsp.a(altera_avalon_jtag_uart_read.o)
 .debug_aranges
                0x0000000000000240       0x20 C:/Users/mmatis01/Documents/FPGA/InterruptsNIOS_bsp/\libhal_bsp.a(altera_avalon_jtag_uart_write.o)
 .debug_aranges
                0x0000000000000260       0x20 C:/Users/mmatis01/Documents/FPGA/InterruptsNIOS_bsp/\libhal_bsp.a(altera_avalon_timer_sc.o)
 .debug_aranges
                0x0000000000000280       0x20 C:/Users/mmatis01/Documents/FPGA/InterruptsNIOS_bsp/\libhal_bsp.a(altera_up_avalon_character_lcd.o)
 .debug_aranges
                0x00000000000002a0       0x20 C:/Users/mmatis01/Documents/FPGA/InterruptsNIOS_bsp/\libhal_bsp.a(altera_up_avalon_irda.o)
 .debug_aranges
                0x00000000000002c0       0x20 C:/Users/mmatis01/Documents/FPGA/InterruptsNIOS_bsp/\libhal_bsp.a(altera_up_avalon_ps2.o)
 .debug_aranges
                0x00000000000002e0       0x20 C:/Users/mmatis01/Documents/FPGA/InterruptsNIOS_bsp/\libhal_bsp.a(altera_up_avalon_rs232.o)
 .debug_aranges
                0x0000000000000300       0x20 C:/Users/mmatis01/Documents/FPGA/InterruptsNIOS_bsp/\libhal_bsp.a(alt_alarm_start.o)
 .debug_aranges
                0x0000000000000320       0x20 C:/Users/mmatis01/Documents/FPGA/InterruptsNIOS_bsp/\libhal_bsp.a(alt_close.o)
 .debug_aranges
                0x0000000000000340       0x20 C:/Users/mmatis01/Documents/FPGA/InterruptsNIOS_bsp/\libhal_bsp.a(alt_dcache_flush_all.o)
 .debug_aranges
                0x0000000000000360       0x20 C:/Users/mmatis01/Documents/FPGA/InterruptsNIOS_bsp/\libhal_bsp.a(alt_dev.o)
 .debug_aranges
                0x0000000000000380       0x20 C:/Users/mmatis01/Documents/FPGA/InterruptsNIOS_bsp/\libhal_bsp.a(alt_dev_llist_insert.o)
 .debug_aranges
                0x00000000000003a0       0x20 C:/Users/mmatis01/Documents/FPGA/InterruptsNIOS_bsp/\libhal_bsp.a(alt_do_ctors.o)
 .debug_aranges
                0x00000000000003c0       0x20 C:/Users/mmatis01/Documents/FPGA/InterruptsNIOS_bsp/\libhal_bsp.a(alt_do_dtors.o)
 .debug_aranges
                0x00000000000003e0       0x18 C:/Users/mmatis01/Documents/FPGA/InterruptsNIOS_bsp/\libhal_bsp.a(alt_errno.o)
 .debug_aranges
                0x00000000000003f8       0x20 C:/Users/mmatis01/Documents/FPGA/InterruptsNIOS_bsp/\libhal_bsp.a(alt_find_dev.o)
 .debug_aranges
                0x0000000000000418       0x20 C:/Users/mmatis01/Documents/FPGA/InterruptsNIOS_bsp/\libhal_bsp.a(alt_icache_flush_all.o)
 .debug_aranges
                0x0000000000000438       0x20 C:/Users/mmatis01/Documents/FPGA/InterruptsNIOS_bsp/\libhal_bsp.a(alt_io_redirect.o)
 .debug_aranges
                0x0000000000000458       0x30 C:/Users/mmatis01/Documents/FPGA/InterruptsNIOS_bsp/\libhal_bsp.a(alt_irq_entry.o)
 .debug_aranges
                0x0000000000000488       0x20 C:/Users/mmatis01/Documents/FPGA/InterruptsNIOS_bsp/\libhal_bsp.a(alt_irq_handler.o)
 .debug_aranges
                0x00000000000004a8       0x20 C:/Users/mmatis01/Documents/FPGA/InterruptsNIOS_bsp/\libhal_bsp.a(alt_open.o)
 .debug_aranges
                0x00000000000004c8       0x20 C:/Users/mmatis01/Documents/FPGA/InterruptsNIOS_bsp/\libhal_bsp.a(alt_release_fd.o)
 .debug_aranges
                0x00000000000004e8       0x20 C:/Users/mmatis01/Documents/FPGA/InterruptsNIOS_bsp/\libhal_bsp.a(alt_tick.o)
 .debug_aranges
                0x0000000000000508       0x20 C:/Users/mmatis01/Documents/FPGA/InterruptsNIOS_bsp/\libhal_bsp.a(altera_nios2_gen2_irq.o)
 .debug_aranges
                0x0000000000000528       0x38 C:/Users/mmatis01/Documents/FPGA/InterruptsNIOS_bsp/\libhal_bsp.a(alt_exception_entry.o)
 .debug_aranges
                0x0000000000000560       0x20 C:/Users/mmatis01/Documents/FPGA/InterruptsNIOS_bsp/\libhal_bsp.a(alt_find_file.o)
 .debug_aranges
                0x0000000000000580       0x20 C:/Users/mmatis01/Documents/FPGA/InterruptsNIOS_bsp/\libhal_bsp.a(alt_get_fd.o)
 .debug_aranges
                0x00000000000005a0       0x20 C:/Users/mmatis01/Documents/FPGA/InterruptsNIOS_bsp/\libhal_bsp.a(alt_icache_flush.o)
 .debug_aranges
                0x00000000000005c0       0x28 C:/Users/mmatis01/Documents/FPGA/InterruptsNIOS_bsp/\libhal_bsp.a(alt_instruction_exception_entry.o)
 .debug_aranges
                0x00000000000005e8       0x20 c:/altera/16.0/nios2eds/bin/gnu/h-x86_64-mingw32/bin/../lib/gcc/nios2-elf/5.2.0/../../../../../H-x86_64-mingw32/nios2-elf/lib/mhw-mulx\libc.a(lib_a-atexit.o)
 .debug_aranges
                0x0000000000000608       0x20 c:/altera/16.0/nios2eds/bin/gnu/h-x86_64-mingw32/bin/../lib/gcc/nios2-elf/5.2.0/../../../../../H-x86_64-mingw32/nios2-elf/lib/mhw-mulx\libc.a(lib_a-exit.o)
 .debug_aranges
                0x0000000000000628       0x18 c:/altera/16.0/nios2eds/bin/gnu/h-x86_64-mingw32/bin/../lib/gcc/nios2-elf/5.2.0/../../../../../H-x86_64-mingw32/nios2-elf/lib/mhw-mulx\libc.a(lib_a-impure.o)
 .debug_aranges
                0x0000000000000640       0x18 c:/altera/16.0/nios2eds/bin/gnu/h-x86_64-mingw32/bin/../lib/gcc/nios2-elf/5.2.0/../../../../../H-x86_64-mingw32/nios2-elf/lib/mhw-mulx\libc.a(lib_a-int_errno.o)
 .debug_aranges
                0x0000000000000658       0x20 c:/altera/16.0/nios2eds/bin/gnu/h-x86_64-mingw32/bin/../lib/gcc/nios2-elf/5.2.0/../../../../../H-x86_64-mingw32/nios2-elf/lib/mhw-mulx\libc.a(lib_a-memcmp.o)
 .debug_aranges
                0x0000000000000678       0x20 c:/altera/16.0/nios2eds/bin/gnu/h-x86_64-mingw32/bin/../lib/gcc/nios2-elf/5.2.0/../../../../../H-x86_64-mingw32/nios2-elf/lib/mhw-mulx\libc.a(lib_a-strlen.o)
 .debug_aranges
                0x0000000000000698       0x20 c:/altera/16.0/nios2eds/bin/gnu/h-x86_64-mingw32/bin/../lib/gcc/nios2-elf/5.2.0/../../../../../H-x86_64-mingw32/nios2-elf/lib/mhw-mulx\libc.a(lib_a-__atexit.o)
 .debug_aranges
                0x00000000000006b8       0x20 c:/altera/16.0/nios2eds/bin/gnu/h-x86_64-mingw32/bin/../lib/gcc/nios2-elf/5.2.0/../../../../../H-x86_64-mingw32/nios2-elf/lib/mhw-mulx\libc.a(lib_a-__call_atexit.o)
 .debug_aranges
                0x00000000000006d8       0x20 C:/Users/mmatis01/Documents/FPGA/InterruptsNIOS_bsp/\libhal_bsp.a(alt_exit.o)

.debug_pubnames
 *(.debug_pubnames)

.debug_info     0x0000000000000000     0x9992
 *(.debug_info .gnu.linkonce.wi.*)
 .debug_info    0x0000000000000000       0x68 C:/Users/mmatis01/Documents/FPGA/InterruptsNIOS_bsp//obj/HAL/src/crt0.o
 .debug_info    0x0000000000000068       0xac obj/default/HexDisplay.o
 .debug_info    0x0000000000000114       0xff obj/default/InterruptDemo.o
 .debug_info    0x0000000000000213       0xe3 obj/default/buttonISR.o
 .debug_info    0x00000000000002f6       0xe1 obj/default/lcd.o
 .debug_info    0x00000000000003d7      0x14b obj/default/seven_seg_bcd.o
 .debug_info    0x0000000000000522      0x143 obj/default/seven_seg_hex.o
 .debug_info    0x0000000000000665       0xbb obj/default/timerISR.o
 .debug_info    0x0000000000000720      0x144 c:/altera/16.0/nios2eds/bin/gnu/h-x86_64-mingw32/bin/../lib/gcc/nios2-elf/5.2.0/../../../../../H-x86_64-mingw32/nios2-elf/lib/mhw-mulx\libc.a(lib_a-memcpy.o)
 .debug_info    0x0000000000000864      0x329 C:/Users/mmatis01/Documents/FPGA/InterruptsNIOS_bsp/\libhal_bsp.a(alt_irq_register.o)
 .debug_info    0x0000000000000b8d       0x88 C:/Users/mmatis01/Documents/FPGA/InterruptsNIOS_bsp/\libhal_bsp.a(alt_irq_vars.o)
 .debug_info    0x0000000000000c15      0x145 C:/Users/mmatis01/Documents/FPGA/InterruptsNIOS_bsp/\libhal_bsp.a(alt_load.o)
 .debug_info    0x0000000000000d5a      0x157 C:/Users/mmatis01/Documents/FPGA/InterruptsNIOS_bsp/\libhal_bsp.a(alt_main.o)
 .debug_info    0x0000000000000eb1      0x959 C:/Users/mmatis01/Documents/FPGA/InterruptsNIOS_bsp/\libhal_bsp.a(alt_sys_init.o)
 .debug_info    0x000000000000180a      0x52e C:/Users/mmatis01/Documents/FPGA/InterruptsNIOS_bsp/\libhal_bsp.a(altera_avalon_jtag_uart_fd.o)
 .debug_info    0x0000000000001d38      0x3c3 C:/Users/mmatis01/Documents/FPGA/InterruptsNIOS_bsp/\libhal_bsp.a(altera_avalon_jtag_uart_init.o)
 .debug_info    0x00000000000020fb      0x280 C:/Users/mmatis01/Documents/FPGA/InterruptsNIOS_bsp/\libhal_bsp.a(altera_avalon_jtag_uart_ioctl.o)
 .debug_info    0x000000000000237b      0x35b C:/Users/mmatis01/Documents/FPGA/InterruptsNIOS_bsp/\libhal_bsp.a(altera_avalon_jtag_uart_read.o)
 .debug_info    0x00000000000026d6      0x356 C:/Users/mmatis01/Documents/FPGA/InterruptsNIOS_bsp/\libhal_bsp.a(altera_avalon_jtag_uart_write.o)
 .debug_info    0x0000000000002a2c      0x249 C:/Users/mmatis01/Documents/FPGA/InterruptsNIOS_bsp/\libhal_bsp.a(altera_avalon_timer_sc.o)
 .debug_info    0x0000000000002c75      0x601 C:/Users/mmatis01/Documents/FPGA/InterruptsNIOS_bsp/\libhal_bsp.a(altera_up_avalon_character_lcd.o)
 .debug_info    0x0000000000003276      0x568 C:/Users/mmatis01/Documents/FPGA/InterruptsNIOS_bsp/\libhal_bsp.a(altera_up_avalon_irda.o)
 .debug_info    0x00000000000037de      0x7d4 C:/Users/mmatis01/Documents/FPGA/InterruptsNIOS_bsp/\libhal_bsp.a(altera_up_avalon_ps2.o)
 .debug_info    0x0000000000003fb2      0x568 C:/Users/mmatis01/Documents/FPGA/InterruptsNIOS_bsp/\libhal_bsp.a(altera_up_avalon_rs232.o)
 .debug_info    0x000000000000451a      0x2e2 C:/Users/mmatis01/Documents/FPGA/InterruptsNIOS_bsp/\libhal_bsp.a(alt_alarm_start.o)
 .debug_info    0x00000000000047fc      0x321 C:/Users/mmatis01/Documents/FPGA/InterruptsNIOS_bsp/\libhal_bsp.a(alt_close.o)
 .debug_info    0x0000000000004b1d       0x92 C:/Users/mmatis01/Documents/FPGA/InterruptsNIOS_bsp/\libhal_bsp.a(alt_dcache_flush_all.o)
 .debug_info    0x0000000000004baf      0x49c C:/Users/mmatis01/Documents/FPGA/InterruptsNIOS_bsp/\libhal_bsp.a(alt_dev.o)
 .debug_info    0x000000000000504b      0x1a9 C:/Users/mmatis01/Documents/FPGA/InterruptsNIOS_bsp/\libhal_bsp.a(alt_dev_llist_insert.o)
 .debug_info    0x00000000000051f4       0x83 C:/Users/mmatis01/Documents/FPGA/InterruptsNIOS_bsp/\libhal_bsp.a(alt_do_ctors.o)
 .debug_info    0x0000000000005277       0x83 C:/Users/mmatis01/Documents/FPGA/InterruptsNIOS_bsp/\libhal_bsp.a(alt_do_dtors.o)
 .debug_info    0x00000000000052fa       0xa6 C:/Users/mmatis01/Documents/FPGA/InterruptsNIOS_bsp/\libhal_bsp.a(alt_errno.o)
 .debug_info    0x00000000000053a0      0x2e9 C:/Users/mmatis01/Documents/FPGA/InterruptsNIOS_bsp/\libhal_bsp.a(alt_find_dev.o)
 .debug_info    0x0000000000005689       0x92 C:/Users/mmatis01/Documents/FPGA/InterruptsNIOS_bsp/\libhal_bsp.a(alt_icache_flush_all.o)
 .debug_info    0x000000000000571b      0x4a5 C:/Users/mmatis01/Documents/FPGA/InterruptsNIOS_bsp/\libhal_bsp.a(alt_io_redirect.o)
 .debug_info    0x0000000000005bc0       0x71 C:/Users/mmatis01/Documents/FPGA/InterruptsNIOS_bsp/\libhal_bsp.a(alt_irq_entry.o)
 .debug_info    0x0000000000005c31      0x1a7 C:/Users/mmatis01/Documents/FPGA/InterruptsNIOS_bsp/\libhal_bsp.a(alt_irq_handler.o)
 .debug_info    0x0000000000005dd8      0x3bb C:/Users/mmatis01/Documents/FPGA/InterruptsNIOS_bsp/\libhal_bsp.a(alt_open.o)
 .debug_info    0x0000000000006193      0x2b0 C:/Users/mmatis01/Documents/FPGA/InterruptsNIOS_bsp/\libhal_bsp.a(alt_release_fd.o)
 .debug_info    0x0000000000006443      0x2af C:/Users/mmatis01/Documents/FPGA/InterruptsNIOS_bsp/\libhal_bsp.a(alt_tick.o)
 .debug_info    0x00000000000066f2       0xb8 C:/Users/mmatis01/Documents/FPGA/InterruptsNIOS_bsp/\libhal_bsp.a(altera_nios2_gen2_irq.o)
 .debug_info    0x00000000000067aa       0x77 C:/Users/mmatis01/Documents/FPGA/InterruptsNIOS_bsp/\libhal_bsp.a(alt_exception_entry.o)
 .debug_info    0x0000000000006821      0x2e6 C:/Users/mmatis01/Documents/FPGA/InterruptsNIOS_bsp/\libhal_bsp.a(alt_find_file.o)
 .debug_info    0x0000000000006b07      0x310 C:/Users/mmatis01/Documents/FPGA/InterruptsNIOS_bsp/\libhal_bsp.a(alt_get_fd.o)
 .debug_info    0x0000000000006e17       0xdc C:/Users/mmatis01/Documents/FPGA/InterruptsNIOS_bsp/\libhal_bsp.a(alt_icache_flush.o)
 .debug_info    0x0000000000006ef3      0x1e7 C:/Users/mmatis01/Documents/FPGA/InterruptsNIOS_bsp/\libhal_bsp.a(alt_instruction_exception_entry.o)
 .debug_info    0x00000000000070da       0xfe c:/altera/16.0/nios2eds/bin/gnu/h-x86_64-mingw32/bin/../lib/gcc/nios2-elf/5.2.0/../../../../../H-x86_64-mingw32/nios2-elf/lib/mhw-mulx\libc.a(lib_a-atexit.o)
 .debug_info    0x00000000000071d8      0x8e4 c:/altera/16.0/nios2eds/bin/gnu/h-x86_64-mingw32/bin/../lib/gcc/nios2-elf/5.2.0/../../../../../H-x86_64-mingw32/nios2-elf/lib/mhw-mulx\libc.a(lib_a-exit.o)
 .debug_info    0x0000000000007abc      0x8a1 c:/altera/16.0/nios2eds/bin/gnu/h-x86_64-mingw32/bin/../lib/gcc/nios2-elf/5.2.0/../../../../../H-x86_64-mingw32/nios2-elf/lib/mhw-mulx\libc.a(lib_a-impure.o)
 .debug_info    0x000000000000835d       0x8a c:/altera/16.0/nios2eds/bin/gnu/h-x86_64-mingw32/bin/../lib/gcc/nios2-elf/5.2.0/../../../../../H-x86_64-mingw32/nios2-elf/lib/mhw-mulx\libc.a(lib_a-int_errno.o)
 .debug_info    0x00000000000083e7      0x11a c:/altera/16.0/nios2eds/bin/gnu/h-x86_64-mingw32/bin/../lib/gcc/nios2-elf/5.2.0/../../../../../H-x86_64-mingw32/nios2-elf/lib/mhw-mulx\libc.a(lib_a-memcmp.o)
 .debug_info    0x0000000000008501       0xe2 c:/altera/16.0/nios2eds/bin/gnu/h-x86_64-mingw32/bin/../lib/gcc/nios2-elf/5.2.0/../../../../../H-x86_64-mingw32/nios2-elf/lib/mhw-mulx\libc.a(lib_a-strlen.o)
 .debug_info    0x00000000000085e3      0x934 c:/altera/16.0/nios2eds/bin/gnu/h-x86_64-mingw32/bin/../lib/gcc/nios2-elf/5.2.0/../../../../../H-x86_64-mingw32/nios2-elf/lib/mhw-mulx\libc.a(lib_a-__atexit.o)
 .debug_info    0x0000000000008f17      0x965 c:/altera/16.0/nios2eds/bin/gnu/h-x86_64-mingw32/bin/../lib/gcc/nios2-elf/5.2.0/../../../../../H-x86_64-mingw32/nios2-elf/lib/mhw-mulx\libc.a(lib_a-__call_atexit.o)
 .debug_info    0x000000000000987c      0x116 C:/Users/mmatis01/Documents/FPGA/InterruptsNIOS_bsp/\libhal_bsp.a(alt_exit.o)

.debug_abbrev   0x0000000000000000     0x32d2
 *(.debug_abbrev)
 .debug_abbrev  0x0000000000000000       0x12 C:/Users/mmatis01/Documents/FPGA/InterruptsNIOS_bsp//obj/HAL/src/crt0.o
 .debug_abbrev  0x0000000000000012       0x6d obj/default/HexDisplay.o
 .debug_abbrev  0x000000000000007f       0x88 obj/default/InterruptDemo.o
 .debug_abbrev  0x0000000000000107       0x95 obj/default/buttonISR.o
 .debug_abbrev  0x000000000000019c       0x99 obj/default/lcd.o
 .debug_abbrev  0x0000000000000235       0xaf obj/default/seven_seg_bcd.o
 .debug_abbrev  0x00000000000002e4       0xa8 obj/default/seven_seg_hex.o
 .debug_abbrev  0x000000000000038c       0x83 obj/default/timerISR.o
 .debug_abbrev  0x000000000000040f       0xa3 c:/altera/16.0/nios2eds/bin/gnu/h-x86_64-mingw32/bin/../lib/gcc/nios2-elf/5.2.0/../../../../../H-x86_64-mingw32/nios2-elf/lib/mhw-mulx\libc.a(lib_a-memcpy.o)
 .debug_abbrev  0x00000000000004b2      0x186 C:/Users/mmatis01/Documents/FPGA/InterruptsNIOS_bsp/\libhal_bsp.a(alt_irq_register.o)
 .debug_abbrev  0x0000000000000638       0x40 C:/Users/mmatis01/Documents/FPGA/InterruptsNIOS_bsp/\libhal_bsp.a(alt_irq_vars.o)
 .debug_abbrev  0x0000000000000678       0x9f C:/Users/mmatis01/Documents/FPGA/InterruptsNIOS_bsp/\libhal_bsp.a(alt_load.o)
 .debug_abbrev  0x0000000000000717       0xc1 C:/Users/mmatis01/Documents/FPGA/InterruptsNIOS_bsp/\libhal_bsp.a(alt_main.o)
 .debug_abbrev  0x00000000000007d8      0x19f C:/Users/mmatis01/Documents/FPGA/InterruptsNIOS_bsp/\libhal_bsp.a(alt_sys_init.o)
 .debug_abbrev  0x0000000000000977      0x127 C:/Users/mmatis01/Documents/FPGA/InterruptsNIOS_bsp/\libhal_bsp.a(altera_avalon_jtag_uart_fd.o)
 .debug_abbrev  0x0000000000000a9e      0x19e C:/Users/mmatis01/Documents/FPGA/InterruptsNIOS_bsp/\libhal_bsp.a(altera_avalon_jtag_uart_init.o)
 .debug_abbrev  0x0000000000000c3c      0x111 C:/Users/mmatis01/Documents/FPGA/InterruptsNIOS_bsp/\libhal_bsp.a(altera_avalon_jtag_uart_ioctl.o)
 .debug_abbrev  0x0000000000000d4d      0x1aa C:/Users/mmatis01/Documents/FPGA/InterruptsNIOS_bsp/\libhal_bsp.a(altera_avalon_jtag_uart_read.o)
 .debug_abbrev  0x0000000000000ef7      0x1a8 C:/Users/mmatis01/Documents/FPGA/InterruptsNIOS_bsp/\libhal_bsp.a(altera_avalon_jtag_uart_write.o)
 .debug_abbrev  0x000000000000109f      0x155 C:/Users/mmatis01/Documents/FPGA/InterruptsNIOS_bsp/\libhal_bsp.a(altera_avalon_timer_sc.o)
 .debug_abbrev  0x00000000000011f4      0x156 C:/Users/mmatis01/Documents/FPGA/InterruptsNIOS_bsp/\libhal_bsp.a(altera_up_avalon_character_lcd.o)
 .debug_abbrev  0x000000000000134a      0x135 C:/Users/mmatis01/Documents/FPGA/InterruptsNIOS_bsp/\libhal_bsp.a(altera_up_avalon_irda.o)
 .debug_abbrev  0x000000000000147f      0x1a1 C:/Users/mmatis01/Documents/FPGA/InterruptsNIOS_bsp/\libhal_bsp.a(altera_up_avalon_ps2.o)
 .debug_abbrev  0x0000000000001620      0x135 C:/Users/mmatis01/Documents/FPGA/InterruptsNIOS_bsp/\libhal_bsp.a(altera_up_avalon_rs232.o)
 .debug_abbrev  0x0000000000001755      0x162 C:/Users/mmatis01/Documents/FPGA/InterruptsNIOS_bsp/\libhal_bsp.a(alt_alarm_start.o)
 .debug_abbrev  0x00000000000018b7      0x11f C:/Users/mmatis01/Documents/FPGA/InterruptsNIOS_bsp/\libhal_bsp.a(alt_close.o)
 .debug_abbrev  0x00000000000019d6       0x42 C:/Users/mmatis01/Documents/FPGA/InterruptsNIOS_bsp/\libhal_bsp.a(alt_dcache_flush_all.o)
 .debug_abbrev  0x0000000000001a18       0xd9 C:/Users/mmatis01/Documents/FPGA/InterruptsNIOS_bsp/\libhal_bsp.a(alt_dev.o)
 .debug_abbrev  0x0000000000001af1      0x114 C:/Users/mmatis01/Documents/FPGA/InterruptsNIOS_bsp/\libhal_bsp.a(alt_dev_llist_insert.o)
 .debug_abbrev  0x0000000000001c05       0x79 C:/Users/mmatis01/Documents/FPGA/InterruptsNIOS_bsp/\libhal_bsp.a(alt_do_ctors.o)
 .debug_abbrev  0x0000000000001c7e       0x79 C:/Users/mmatis01/Documents/FPGA/InterruptsNIOS_bsp/\libhal_bsp.a(alt_do_dtors.o)
 .debug_abbrev  0x0000000000001cf7       0x5a C:/Users/mmatis01/Documents/FPGA/InterruptsNIOS_bsp/\libhal_bsp.a(alt_errno.o)
 .debug_abbrev  0x0000000000001d51       0xf0 C:/Users/mmatis01/Documents/FPGA/InterruptsNIOS_bsp/\libhal_bsp.a(alt_find_dev.o)
 .debug_abbrev  0x0000000000001e41       0x42 C:/Users/mmatis01/Documents/FPGA/InterruptsNIOS_bsp/\libhal_bsp.a(alt_icache_flush_all.o)
 .debug_abbrev  0x0000000000001e83      0x114 C:/Users/mmatis01/Documents/FPGA/InterruptsNIOS_bsp/\libhal_bsp.a(alt_io_redirect.o)
 .debug_abbrev  0x0000000000001f97       0x12 C:/Users/mmatis01/Documents/FPGA/InterruptsNIOS_bsp/\libhal_bsp.a(alt_irq_entry.o)
 .debug_abbrev  0x0000000000001fa9      0x13a C:/Users/mmatis01/Documents/FPGA/InterruptsNIOS_bsp/\libhal_bsp.a(alt_irq_handler.o)
 .debug_abbrev  0x00000000000020e3      0x148 C:/Users/mmatis01/Documents/FPGA/InterruptsNIOS_bsp/\libhal_bsp.a(alt_open.o)
 .debug_abbrev  0x000000000000222b       0xde C:/Users/mmatis01/Documents/FPGA/InterruptsNIOS_bsp/\libhal_bsp.a(alt_release_fd.o)
 .debug_abbrev  0x0000000000002309      0x16b C:/Users/mmatis01/Documents/FPGA/InterruptsNIOS_bsp/\libhal_bsp.a(alt_tick.o)
 .debug_abbrev  0x0000000000002474       0x67 C:/Users/mmatis01/Documents/FPGA/InterruptsNIOS_bsp/\libhal_bsp.a(altera_nios2_gen2_irq.o)
 .debug_abbrev  0x00000000000024db       0x12 C:/Users/mmatis01/Documents/FPGA/InterruptsNIOS_bsp/\libhal_bsp.a(alt_exception_entry.o)
 .debug_abbrev  0x00000000000024ed       0xf0 C:/Users/mmatis01/Documents/FPGA/InterruptsNIOS_bsp/\libhal_bsp.a(alt_find_file.o)
 .debug_abbrev  0x00000000000025dd      0x10d C:/Users/mmatis01/Documents/FPGA/InterruptsNIOS_bsp/\libhal_bsp.a(alt_get_fd.o)
 .debug_abbrev  0x00000000000026ea       0x8c C:/Users/mmatis01/Documents/FPGA/InterruptsNIOS_bsp/\libhal_bsp.a(alt_icache_flush.o)
 .debug_abbrev  0x0000000000002776       0xdc C:/Users/mmatis01/Documents/FPGA/InterruptsNIOS_bsp/\libhal_bsp.a(alt_instruction_exception_entry.o)
 .debug_abbrev  0x0000000000002852       0xaa c:/altera/16.0/nios2eds/bin/gnu/h-x86_64-mingw32/bin/../lib/gcc/nios2-elf/5.2.0/../../../../../H-x86_64-mingw32/nios2-elf/lib/mhw-mulx\libc.a(lib_a-atexit.o)
 .debug_abbrev  0x00000000000028fc      0x1e5 c:/altera/16.0/nios2eds/bin/gnu/h-x86_64-mingw32/bin/../lib/gcc/nios2-elf/5.2.0/../../../../../H-x86_64-mingw32/nios2-elf/lib/mhw-mulx\libc.a(lib_a-exit.o)
 .debug_abbrev  0x0000000000002ae1      0x18f c:/altera/16.0/nios2eds/bin/gnu/h-x86_64-mingw32/bin/../lib/gcc/nios2-elf/5.2.0/../../../../../H-x86_64-mingw32/nios2-elf/lib/mhw-mulx\libc.a(lib_a-impure.o)
 .debug_abbrev  0x0000000000002c70       0x37 c:/altera/16.0/nios2eds/bin/gnu/h-x86_64-mingw32/bin/../lib/gcc/nios2-elf/5.2.0/../../../../../H-x86_64-mingw32/nios2-elf/lib/mhw-mulx\libc.a(lib_a-int_errno.o)
 .debug_abbrev  0x0000000000002ca7       0x7f c:/altera/16.0/nios2eds/bin/gnu/h-x86_64-mingw32/bin/../lib/gcc/nios2-elf/5.2.0/../../../../../H-x86_64-mingw32/nios2-elf/lib/mhw-mulx\libc.a(lib_a-memcmp.o)
 .debug_abbrev  0x0000000000002d26       0x90 c:/altera/16.0/nios2eds/bin/gnu/h-x86_64-mingw32/bin/../lib/gcc/nios2-elf/5.2.0/../../../../../H-x86_64-mingw32/nios2-elf/lib/mhw-mulx\libc.a(lib_a-strlen.o)
 .debug_abbrev  0x0000000000002db6      0x21e c:/altera/16.0/nios2eds/bin/gnu/h-x86_64-mingw32/bin/../lib/gcc/nios2-elf/5.2.0/../../../../../H-x86_64-mingw32/nios2-elf/lib/mhw-mulx\libc.a(lib_a-__atexit.o)
 .debug_abbrev  0x0000000000002fd4      0x22e c:/altera/16.0/nios2eds/bin/gnu/h-x86_64-mingw32/bin/../lib/gcc/nios2-elf/5.2.0/../../../../../H-x86_64-mingw32/nios2-elf/lib/mhw-mulx\libc.a(lib_a-__call_atexit.o)
 .debug_abbrev  0x0000000000003202       0xd0 C:/Users/mmatis01/Documents/FPGA/InterruptsNIOS_bsp/\libhal_bsp.a(alt_exit.o)

.debug_line     0x0000000000000000     0x3713
 *(.debug_line)
 .debug_line    0x0000000000000000       0x6c C:/Users/mmatis01/Documents/FPGA/InterruptsNIOS_bsp//obj/HAL/src/crt0.o
 .debug_line    0x000000000000006c       0x8b obj/default/HexDisplay.o
 .debug_line    0x00000000000000f7       0x98 obj/default/InterruptDemo.o
 .debug_line    0x000000000000018f       0x9b obj/default/buttonISR.o
 .debug_line    0x000000000000022a       0x52 obj/default/lcd.o
 .debug_line    0x000000000000027c      0x145 obj/default/seven_seg_bcd.o
 .debug_line    0x00000000000003c1       0xbc obj/default/seven_seg_hex.o
 .debug_line    0x000000000000047d       0x8e obj/default/timerISR.o
 .debug_line    0x000000000000050b      0x18c c:/altera/16.0/nios2eds/bin/gnu/h-x86_64-mingw32/bin/../lib/gcc/nios2-elf/5.2.0/../../../../../H-x86_64-mingw32/nios2-elf/lib/mhw-mulx\libc.a(lib_a-memcpy.o)
 .debug_line    0x0000000000000697      0x159 C:/Users/mmatis01/Documents/FPGA/InterruptsNIOS_bsp/\libhal_bsp.a(alt_irq_register.o)
 .debug_line    0x00000000000007f0       0x50 C:/Users/mmatis01/Documents/FPGA/InterruptsNIOS_bsp/\libhal_bsp.a(alt_irq_vars.o)
 .debug_line    0x0000000000000840       0x8e C:/Users/mmatis01/Documents/FPGA/InterruptsNIOS_bsp/\libhal_bsp.a(alt_load.o)
 .debug_line    0x00000000000008ce       0xd1 C:/Users/mmatis01/Documents/FPGA/InterruptsNIOS_bsp/\libhal_bsp.a(alt_main.o)
 .debug_line    0x000000000000099f      0x2f2 C:/Users/mmatis01/Documents/FPGA/InterruptsNIOS_bsp/\libhal_bsp.a(alt_sys_init.o)
 .debug_line    0x0000000000000c91      0x12f C:/Users/mmatis01/Documents/FPGA/InterruptsNIOS_bsp/\libhal_bsp.a(altera_avalon_jtag_uart_fd.o)
 .debug_line    0x0000000000000dc0      0x19f C:/Users/mmatis01/Documents/FPGA/InterruptsNIOS_bsp/\libhal_bsp.a(altera_avalon_jtag_uart_init.o)
 .debug_line    0x0000000000000f5f      0x131 C:/Users/mmatis01/Documents/FPGA/InterruptsNIOS_bsp/\libhal_bsp.a(altera_avalon_jtag_uart_ioctl.o)
 .debug_line    0x0000000000001090      0x185 C:/Users/mmatis01/Documents/FPGA/InterruptsNIOS_bsp/\libhal_bsp.a(altera_avalon_jtag_uart_read.o)
 .debug_line    0x0000000000001215      0x184 C:/Users/mmatis01/Documents/FPGA/InterruptsNIOS_bsp/\libhal_bsp.a(altera_avalon_jtag_uart_write.o)
 .debug_line    0x0000000000001399      0x113 C:/Users/mmatis01/Documents/FPGA/InterruptsNIOS_bsp/\libhal_bsp.a(altera_avalon_timer_sc.o)
 .debug_line    0x00000000000014ac      0x1c4 C:/Users/mmatis01/Documents/FPGA/InterruptsNIOS_bsp/\libhal_bsp.a(altera_up_avalon_character_lcd.o)
 .debug_line    0x0000000000001670      0x13d C:/Users/mmatis01/Documents/FPGA/InterruptsNIOS_bsp/\libhal_bsp.a(altera_up_avalon_irda.o)
 .debug_line    0x00000000000017ad      0x1a6 C:/Users/mmatis01/Documents/FPGA/InterruptsNIOS_bsp/\libhal_bsp.a(altera_up_avalon_ps2.o)
 .debug_line    0x0000000000001953      0x13f C:/Users/mmatis01/Documents/FPGA/InterruptsNIOS_bsp/\libhal_bsp.a(altera_up_avalon_rs232.o)
 .debug_line    0x0000000000001a92      0x10e C:/Users/mmatis01/Documents/FPGA/InterruptsNIOS_bsp/\libhal_bsp.a(alt_alarm_start.o)
 .debug_line    0x0000000000001ba0      0x15e C:/Users/mmatis01/Documents/FPGA/InterruptsNIOS_bsp/\libhal_bsp.a(alt_close.o)
 .debug_line    0x0000000000001cfe       0x51 C:/Users/mmatis01/Documents/FPGA/InterruptsNIOS_bsp/\libhal_bsp.a(alt_dcache_flush_all.o)
 .debug_line    0x0000000000001d4f       0xf0 C:/Users/mmatis01/Documents/FPGA/InterruptsNIOS_bsp/\libhal_bsp.a(alt_dev.o)
 .debug_line    0x0000000000001e3f       0xd0 C:/Users/mmatis01/Documents/FPGA/InterruptsNIOS_bsp/\libhal_bsp.a(alt_dev_llist_insert.o)
 .debug_line    0x0000000000001f0f       0x59 C:/Users/mmatis01/Documents/FPGA/InterruptsNIOS_bsp/\libhal_bsp.a(alt_do_ctors.o)
 .debug_line    0x0000000000001f68       0x59 C:/Users/mmatis01/Documents/FPGA/InterruptsNIOS_bsp/\libhal_bsp.a(alt_do_dtors.o)
 .debug_line    0x0000000000001fc1       0x51 C:/Users/mmatis01/Documents/FPGA/InterruptsNIOS_bsp/\libhal_bsp.a(alt_errno.o)
 .debug_line    0x0000000000002012       0xb5 C:/Users/mmatis01/Documents/FPGA/InterruptsNIOS_bsp/\libhal_bsp.a(alt_find_dev.o)
 .debug_line    0x00000000000020c7       0x50 C:/Users/mmatis01/Documents/FPGA/InterruptsNIOS_bsp/\libhal_bsp.a(alt_icache_flush_all.o)
 .debug_line    0x0000000000002117      0x12b C:/Users/mmatis01/Documents/FPGA/InterruptsNIOS_bsp/\libhal_bsp.a(alt_io_redirect.o)
 .debug_line    0x0000000000002242       0x6b C:/Users/mmatis01/Documents/FPGA/InterruptsNIOS_bsp/\libhal_bsp.a(alt_irq_entry.o)
 .debug_line    0x00000000000022ad       0xcd C:/Users/mmatis01/Documents/FPGA/InterruptsNIOS_bsp/\libhal_bsp.a(alt_irq_handler.o)
 .debug_line    0x000000000000237a      0x12a C:/Users/mmatis01/Documents/FPGA/InterruptsNIOS_bsp/\libhal_bsp.a(alt_open.o)
 .debug_line    0x00000000000024a4       0xae C:/Users/mmatis01/Documents/FPGA/InterruptsNIOS_bsp/\libhal_bsp.a(alt_release_fd.o)
 .debug_line    0x0000000000002552      0x113 C:/Users/mmatis01/Documents/FPGA/InterruptsNIOS_bsp/\libhal_bsp.a(alt_tick.o)
 .debug_line    0x0000000000002665       0x8d C:/Users/mmatis01/Documents/FPGA/InterruptsNIOS_bsp/\libhal_bsp.a(altera_nios2_gen2_irq.o)
 .debug_line    0x00000000000026f2       0xb3 C:/Users/mmatis01/Documents/FPGA/InterruptsNIOS_bsp/\libhal_bsp.a(alt_exception_entry.o)
 .debug_line    0x00000000000027a5       0xd1 C:/Users/mmatis01/Documents/FPGA/InterruptsNIOS_bsp/\libhal_bsp.a(alt_find_file.o)
 .debug_line    0x0000000000002876       0xd5 C:/Users/mmatis01/Documents/FPGA/InterruptsNIOS_bsp/\libhal_bsp.a(alt_get_fd.o)
 .debug_line    0x000000000000294b       0x81 C:/Users/mmatis01/Documents/FPGA/InterruptsNIOS_bsp/\libhal_bsp.a(alt_icache_flush.o)
 .debug_line    0x00000000000029cc       0xba C:/Users/mmatis01/Documents/FPGA/InterruptsNIOS_bsp/\libhal_bsp.a(alt_instruction_exception_entry.o)
 .debug_line    0x0000000000002a86       0xe7 c:/altera/16.0/nios2eds/bin/gnu/h-x86_64-mingw32/bin/../lib/gcc/nios2-elf/5.2.0/../../../../../H-x86_64-mingw32/nios2-elf/lib/mhw-mulx\libc.a(lib_a-atexit.o)
 .debug_line    0x0000000000002b6d      0x1fc c:/altera/16.0/nios2eds/bin/gnu/h-x86_64-mingw32/bin/../lib/gcc/nios2-elf/5.2.0/../../../../../H-x86_64-mingw32/nios2-elf/lib/mhw-mulx\libc.a(lib_a-exit.o)
 .debug_line    0x0000000000002d69      0x160 c:/altera/16.0/nios2eds/bin/gnu/h-x86_64-mingw32/bin/../lib/gcc/nios2-elf/5.2.0/../../../../../H-x86_64-mingw32/nios2-elf/lib/mhw-mulx\libc.a(lib_a-impure.o)
 .debug_line    0x0000000000002ec9       0x5f c:/altera/16.0/nios2eds/bin/gnu/h-x86_64-mingw32/bin/../lib/gcc/nios2-elf/5.2.0/../../../../../H-x86_64-mingw32/nios2-elf/lib/mhw-mulx\libc.a(lib_a-int_errno.o)
 .debug_line    0x0000000000002f28      0x176 c:/altera/16.0/nios2eds/bin/gnu/h-x86_64-mingw32/bin/../lib/gcc/nios2-elf/5.2.0/../../../../../H-x86_64-mingw32/nios2-elf/lib/mhw-mulx\libc.a(lib_a-memcmp.o)
 .debug_line    0x000000000000309e      0x16f c:/altera/16.0/nios2eds/bin/gnu/h-x86_64-mingw32/bin/../lib/gcc/nios2-elf/5.2.0/../../../../../H-x86_64-mingw32/nios2-elf/lib/mhw-mulx\libc.a(lib_a-strlen.o)
 .debug_line    0x000000000000320d      0x21f c:/altera/16.0/nios2eds/bin/gnu/h-x86_64-mingw32/bin/../lib/gcc/nios2-elf/5.2.0/../../../../../H-x86_64-mingw32/nios2-elf/lib/mhw-mulx\libc.a(lib_a-__atexit.o)
 .debug_line    0x000000000000342c      0x23a c:/altera/16.0/nios2eds/bin/gnu/h-x86_64-mingw32/bin/../lib/gcc/nios2-elf/5.2.0/../../../../../H-x86_64-mingw32/nios2-elf/lib/mhw-mulx\libc.a(lib_a-__call_atexit.o)
 .debug_line    0x0000000000003666       0xad C:/Users/mmatis01/Documents/FPGA/InterruptsNIOS_bsp/\libhal_bsp.a(alt_exit.o)

.debug_frame    0x0000000000000000     0x13b8
 *(.debug_frame)
 .debug_frame   0x0000000000000000       0x38 obj/default/HexDisplay.o
 .debug_frame   0x0000000000000038       0x2c obj/default/InterruptDemo.o
 .debug_frame   0x0000000000000064       0x34 obj/default/buttonISR.o
 .debug_frame   0x0000000000000098       0x7c obj/default/lcd.o
 .debug_frame   0x0000000000000114       0x34 obj/default/seven_seg_bcd.o
 .debug_frame   0x0000000000000148       0x38 obj/default/seven_seg_hex.o
 .debug_frame   0x0000000000000180       0x38 obj/default/timerISR.o
 .debug_frame   0x00000000000001b8       0x38 c:/altera/16.0/nios2eds/bin/gnu/h-x86_64-mingw32/bin/../lib/gcc/nios2-elf/5.2.0/../../../../../H-x86_64-mingw32/nios2-elf/lib/mhw-mulx\libc.a(lib_a-memcpy.o)
 .debug_frame   0x00000000000001f0       0x34 C:/Users/mmatis01/Documents/FPGA/InterruptsNIOS_bsp/\libhal_bsp.a(alt_irq_register.o)
 .debug_frame   0x0000000000000224       0x5c C:/Users/mmatis01/Documents/FPGA/InterruptsNIOS_bsp/\libhal_bsp.a(alt_load.o)
 .debug_frame   0x0000000000000280       0x2c C:/Users/mmatis01/Documents/FPGA/InterruptsNIOS_bsp/\libhal_bsp.a(alt_main.o)
 .debug_frame   0x00000000000002ac       0x88 C:/Users/mmatis01/Documents/FPGA/InterruptsNIOS_bsp/\libhal_bsp.a(alt_sys_init.o)
 .debug_frame   0x0000000000000334       0xb0 C:/Users/mmatis01/Documents/FPGA/InterruptsNIOS_bsp/\libhal_bsp.a(altera_avalon_jtag_uart_fd.o)
 .debug_frame   0x00000000000003e4       0xa4 C:/Users/mmatis01/Documents/FPGA/InterruptsNIOS_bsp/\libhal_bsp.a(altera_avalon_jtag_uart_init.o)
 .debug_frame   0x0000000000000488       0x34 C:/Users/mmatis01/Documents/FPGA/InterruptsNIOS_bsp/\libhal_bsp.a(altera_avalon_jtag_uart_ioctl.o)
 .debug_frame   0x00000000000004bc       0x38 C:/Users/mmatis01/Documents/FPGA/InterruptsNIOS_bsp/\libhal_bsp.a(altera_avalon_jtag_uart_read.o)
 .debug_frame   0x00000000000004f4       0x38 C:/Users/mmatis01/Documents/FPGA/InterruptsNIOS_bsp/\libhal_bsp.a(altera_avalon_jtag_uart_write.o)
 .debug_frame   0x000000000000052c       0x60 C:/Users/mmatis01/Documents/FPGA/InterruptsNIOS_bsp/\libhal_bsp.a(altera_avalon_timer_sc.o)
 .debug_frame   0x000000000000058c      0x204 C:/Users/mmatis01/Documents/FPGA/InterruptsNIOS_bsp/\libhal_bsp.a(altera_up_avalon_character_lcd.o)
 .debug_frame   0x0000000000000790      0x188 C:/Users/mmatis01/Documents/FPGA/InterruptsNIOS_bsp/\libhal_bsp.a(altera_up_avalon_irda.o)
 .debug_frame   0x0000000000000918      0x2c0 C:/Users/mmatis01/Documents/FPGA/InterruptsNIOS_bsp/\libhal_bsp.a(altera_up_avalon_ps2.o)
 .debug_frame   0x0000000000000bd8      0x188 C:/Users/mmatis01/Documents/FPGA/InterruptsNIOS_bsp/\libhal_bsp.a(altera_up_avalon_rs232.o)
 .debug_frame   0x0000000000000d60       0x34 C:/Users/mmatis01/Documents/FPGA/InterruptsNIOS_bsp/\libhal_bsp.a(alt_alarm_start.o)
 .debug_frame   0x0000000000000d94       0x60 C:/Users/mmatis01/Documents/FPGA/InterruptsNIOS_bsp/\libhal_bsp.a(alt_close.o)
 .debug_frame   0x0000000000000df4       0x34 C:/Users/mmatis01/Documents/FPGA/InterruptsNIOS_bsp/\libhal_bsp.a(alt_dcache_flush_all.o)
 .debug_frame   0x0000000000000e28       0x34 C:/Users/mmatis01/Documents/FPGA/InterruptsNIOS_bsp/\libhal_bsp.a(alt_dev.o)
 .debug_frame   0x0000000000000e5c       0x60 C:/Users/mmatis01/Documents/FPGA/InterruptsNIOS_bsp/\libhal_bsp.a(alt_dev_llist_insert.o)
 .debug_frame   0x0000000000000ebc       0x38 C:/Users/mmatis01/Documents/FPGA/InterruptsNIOS_bsp/\libhal_bsp.a(alt_do_ctors.o)
 .debug_frame   0x0000000000000ef4       0x38 C:/Users/mmatis01/Documents/FPGA/InterruptsNIOS_bsp/\libhal_bsp.a(alt_do_dtors.o)
 .debug_frame   0x0000000000000f2c       0x38 C:/Users/mmatis01/Documents/FPGA/InterruptsNIOS_bsp/\libhal_bsp.a(alt_find_dev.o)
 .debug_frame   0x0000000000000f64       0x38 C:/Users/mmatis01/Documents/FPGA/InterruptsNIOS_bsp/\libhal_bsp.a(alt_icache_flush_all.o)
 .debug_frame   0x0000000000000f9c       0x60 C:/Users/mmatis01/Documents/FPGA/InterruptsNIOS_bsp/\libhal_bsp.a(alt_io_redirect.o)
 .debug_frame   0x0000000000000ffc       0x38 C:/Users/mmatis01/Documents/FPGA/InterruptsNIOS_bsp/\libhal_bsp.a(alt_irq_handler.o)
 .debug_frame   0x0000000000001034       0x84 C:/Users/mmatis01/Documents/FPGA/InterruptsNIOS_bsp/\libhal_bsp.a(alt_open.o)
 .debug_frame   0x00000000000010b8       0x34 C:/Users/mmatis01/Documents/FPGA/InterruptsNIOS_bsp/\libhal_bsp.a(alt_release_fd.o)
 .debug_frame   0x00000000000010ec       0x5c C:/Users/mmatis01/Documents/FPGA/InterruptsNIOS_bsp/\libhal_bsp.a(alt_tick.o)
 .debug_frame   0x0000000000001148       0x34 C:/Users/mmatis01/Documents/FPGA/InterruptsNIOS_bsp/\libhal_bsp.a(altera_nios2_gen2_irq.o)
 .debug_frame   0x000000000000117c       0x38 C:/Users/mmatis01/Documents/FPGA/InterruptsNIOS_bsp/\libhal_bsp.a(alt_find_file.o)
 .debug_frame   0x00000000000011b4       0x34 C:/Users/mmatis01/Documents/FPGA/InterruptsNIOS_bsp/\libhal_bsp.a(alt_get_fd.o)
 .debug_frame   0x00000000000011e8       0x34 C:/Users/mmatis01/Documents/FPGA/InterruptsNIOS_bsp/\libhal_bsp.a(alt_icache_flush.o)
 .debug_frame   0x000000000000121c       0x5c C:/Users/mmatis01/Documents/FPGA/InterruptsNIOS_bsp/\libhal_bsp.a(alt_instruction_exception_entry.o)
 .debug_frame   0x0000000000001278       0x20 c:/altera/16.0/nios2eds/bin/gnu/h-x86_64-mingw32/bin/../lib/gcc/nios2-elf/5.2.0/../../../../../H-x86_64-mingw32/nios2-elf/lib/mhw-mulx\libc.a(lib_a-atexit.o)
 .debug_frame   0x0000000000001298       0x28 c:/altera/16.0/nios2eds/bin/gnu/h-x86_64-mingw32/bin/../lib/gcc/nios2-elf/5.2.0/../../../../../H-x86_64-mingw32/nios2-elf/lib/mhw-mulx\libc.a(lib_a-exit.o)
 .debug_frame   0x00000000000012c0       0x20 c:/altera/16.0/nios2eds/bin/gnu/h-x86_64-mingw32/bin/../lib/gcc/nios2-elf/5.2.0/../../../../../H-x86_64-mingw32/nios2-elf/lib/mhw-mulx\libc.a(lib_a-memcmp.o)
 .debug_frame   0x00000000000012e0       0x20 c:/altera/16.0/nios2eds/bin/gnu/h-x86_64-mingw32/bin/../lib/gcc/nios2-elf/5.2.0/../../../../../H-x86_64-mingw32/nios2-elf/lib/mhw-mulx\libc.a(lib_a-strlen.o)
 .debug_frame   0x0000000000001300       0x38 c:/altera/16.0/nios2eds/bin/gnu/h-x86_64-mingw32/bin/../lib/gcc/nios2-elf/5.2.0/../../../../../H-x86_64-mingw32/nios2-elf/lib/mhw-mulx\libc.a(lib_a-__atexit.o)
 .debug_frame   0x0000000000001338       0x54 c:/altera/16.0/nios2eds/bin/gnu/h-x86_64-mingw32/bin/../lib/gcc/nios2-elf/5.2.0/../../../../../H-x86_64-mingw32/nios2-elf/lib/mhw-mulx\libc.a(lib_a-__call_atexit.o)
 .debug_frame   0x000000000000138c       0x2c C:/Users/mmatis01/Documents/FPGA/InterruptsNIOS_bsp/\libhal_bsp.a(alt_exit.o)

.debug_str      0x0000000000000000     0x2572
 *(.debug_str)
 .debug_str     0x0000000000000000       0xef obj/default/HexDisplay.o
                                        0x11b (size before relaxing)
 .debug_str     0x00000000000000ef       0x52 obj/default/InterruptDemo.o
                                        0x153 (size before relaxing)
 .debug_str     0x0000000000000141       0x1c obj/default/buttonISR.o
                                        0x13c (size before relaxing)
 .debug_str     0x000000000000015d       0x48 obj/default/lcd.o
                                         0xca (size before relaxing)
 .debug_str     0x00000000000001a5       0x58 obj/default/seven_seg_bcd.o
                                        0x162 (size before relaxing)
 .debug_str     0x00000000000001fd       0x2d obj/default/seven_seg_hex.o
                                        0x15d (size before relaxing)
 .debug_str     0x000000000000022a       0x14 obj/default/timerISR.o
                                        0x120 (size before relaxing)
 .debug_str     0x000000000000023e      0x175 c:/altera/16.0/nios2eds/bin/gnu/h-x86_64-mingw32/bin/../lib/gcc/nios2-elf/5.2.0/../../../../../H-x86_64-mingw32/nios2-elf/lib/mhw-mulx\libc.a(lib_a-memcpy.o)
                                        0x207 (size before relaxing)
 .debug_str     0x00000000000003b3      0x140 C:/Users/mmatis01/Documents/FPGA/InterruptsNIOS_bsp/\libhal_bsp.a(alt_irq_register.o)
                                        0x20e (size before relaxing)
 .debug_str     0x00000000000004f3       0x17 C:/Users/mmatis01/Documents/FPGA/InterruptsNIOS_bsp/\libhal_bsp.a(alt_irq_vars.o)
                                        0x140 (size before relaxing)
 .debug_str     0x000000000000050a       0xe9 C:/Users/mmatis01/Documents/FPGA/InterruptsNIOS_bsp/\libhal_bsp.a(alt_load.o)
                                        0x218 (size before relaxing)