Archive member included to satisfy reference by file (symbol)

c:/altera/16.0/nios2eds/bin/gnu/h-x86_64-mingw32/bin/../lib/gcc/nios2-elf/5.2.0/../../../../../H-x86_64-mingw32/nios2-elf/lib/mhw-mulx\libc.a(lib_a-memcpy.o)
                              obj/default/seven_seg_hex.o (memcpy)
C:/Users/mmatis01/Documents/FPGA/InterruptsNIOS_bsp/\libhal_bsp.a(alt_irq_register.o)
                              obj/default/InterruptDemo.o (alt_irq_register)
C:/Users/mmatis01/Documents/FPGA/InterruptsNIOS_bsp/\libhal_bsp.a(alt_irq_vars.o)
                              C:/Users/mmatis01/Documents/FPGA/InterruptsNIOS_bsp/\libhal_bsp.a(alt_irq_register.o) (alt_irq_active)
C:/Users/mmatis01/Documents/FPGA/InterruptsNIOS_bsp/\libhal_bsp.a(alt_load.o)
                              C:/Users/mmatis01/Documents/FPGA/InterruptsNIOS_bsp//obj/HAL/src/crt0.o (alt_load)
C:/Users/mmatis01/Documents/FPGA/InterruptsNIOS_bsp/\libhal_bsp.a(alt_main.o)
                              C:/Users/mmatis01/Documents/FPGA/InterruptsNIOS_bsp//obj/HAL/src/crt0.o (alt_main)
C:/Users/mmatis01/Documents/FPGA/InterruptsNIOS_bsp/\libhal_bsp.a(alt_sys_init.o)
                              C:/Users/mmatis01/Documents/FPGA/InterruptsNIOS_bsp/\libhal_bsp.a(alt_main.o) (alt_irq_init)
C:/Users/mmatis01/Documents/FPGA/InterruptsNIOS_bsp/\libhal_bsp.a(altera_avalon_jtag_uart_fd.o)
                              C:/Users/mmatis01/Documents/FPGA/InterruptsNIOS_bsp/\libhal_bsp.a(alt_sys_init.o) (altera_avalon_jtag_uart_read_fd)
C:/Users/mmatis01/Documents/FPGA/InterruptsNIOS_bsp/\libhal_bsp.a(altera_avalon_jtag_uart_init.o)
                              C:/Users/mmatis01/Documents/FPGA/InterruptsNIOS_bsp/\libhal_bsp.a(alt_sys_init.o) (altera_avalon_jtag_uart_init)
C:/Users/mmatis01/Documents/FPGA/InterruptsNIOS_bsp/\libhal_bsp.a(altera_avalon_jtag_uart_ioctl.o)
                              C:/Users/mmatis01/Documents/FPGA/InterruptsNIOS_bsp/\libhal_bsp.a(altera_avalon_jtag_uart_fd.o) (altera_avalon_jtag_uart_ioctl)
C:/Users/mmatis01/Documents/FPGA/InterruptsNIOS_bsp/\libhal_bsp.a(altera_avalon_jtag_uart_read.o)
                              C:/Users/mmatis01/Documents/FPGA/InterruptsNIOS_bsp/\libhal_bsp.a(altera_avalon_jtag_uart_fd.o) (altera_avalon_jtag_uart_read)
C:/Users/mmatis01/Documents/FPGA/InterruptsNIOS_bsp/\libhal_bsp.a(altera_avalon_jtag_uart_write.o)
                              C:/Users/mmatis01/Documents/FPGA/InterruptsNIOS_bsp/\libhal_bsp.a(altera_avalon_jtag_uart_fd.o) (altera_avalon_jtag_uart_write)
C:/Users/mmatis01/Documents/FPGA/InterruptsNIOS_bsp/\libhal_bsp.a(altera_avalon_timer_sc.o)
                              C:/Users/mmatis01/Documents/FPGA/InterruptsNIOS_bsp/\libhal_bsp.a(alt_sys_init.o) (alt_avalon_timer_sc_init)
C:/Users/mmatis01/Documents/FPGA/InterruptsNIOS_bsp/\libhal_bsp.a(altera_up_avalon_character_lcd.o)
                              C:/Users/mmatis01/Documents/FPGA/InterruptsNIOS_bsp/\libhal_bsp.a(alt_sys_init.o) (alt_up_character_lcd_init)
C:/Users/mmatis01/Documents/FPGA/InterruptsNIOS_bsp/\libhal_bsp.a(altera_up_avalon_irda.o)
                              C:/Users/mmatis01/Documents/FPGA/InterruptsNIOS_bsp/\libhal_bsp.a(alt_sys_init.o) (alt_up_irda_read_fd)
C:/Users/mmatis01/Documents/FPGA/InterruptsNIOS_bsp/\libhal_bsp.a(altera_up_avalon_ps2.o)
                              C:/Users/mmatis01/Documents/FPGA/InterruptsNIOS_bsp/\libhal_bsp.a(alt_sys_init.o) (alt_up_ps2_init)
C:/Users/mmatis01/Documents/FPGA/InterruptsNIOS_bsp/\libhal_bsp.a(altera_up_avalon_rs232.o)
                              C:/Users/mmatis01/Documents/FPGA/InterruptsNIOS_bsp/\libhal_bsp.a(alt_sys_init.o) (alt_up_rs232_read_fd)
C:/Users/mmatis01/Documents/FPGA/InterruptsNIOS_bsp/\libhal_bsp.a(alt_alarm_start.o)
                              C:/Users/mmatis01/Documents/FPGA/InterruptsNIOS_bsp/\libhal_bsp.a(altera_avalon_jtag_uart_init.o) (alt_alarm_start)
C:/Users/mmatis01/Documents/FPGA/InterruptsNIOS_bsp/\libhal_bsp.a(alt_close.o)
                              C:/Users/mmatis01/Documents/FPGA/InterruptsNIOS_bsp/\libhal_bsp.a(alt_main.o) (close)
C:/Users/mmatis01/Documents/FPGA/InterruptsNIOS_bsp/\libhal_bsp.a(alt_dcache_flush_all.o)
                              C:/Users/mmatis01/Documents/FPGA/InterruptsNIOS_bsp/\libhal_bsp.a(alt_load.o) (alt_dcache_flush_all)
C:/Users/mmatis01/Documents/FPGA/InterruptsNIOS_bsp/\libhal_bsp.a(alt_dev.o)
                              C:/Users/mmatis01/Documents/FPGA/InterruptsNIOS_bsp/\libhal_bsp.a(alt_sys_init.o) (alt_dev_list)
C:/Users/mmatis01/Documents/FPGA/InterruptsNIOS_bsp/\libhal_bsp.a(alt_dev_llist_insert.o)
                              C:/Users/mmatis01/Documents/FPGA/InterruptsNIOS_bsp/\libhal_bsp.a(alt_sys_init.o) (alt_dev_llist_insert)
C:/Users/mmatis01/Documents/FPGA/InterruptsNIOS_bsp/\libhal_bsp.a(alt_do_ctors.o)
                              C:/Users/mmatis01/Documents/FPGA/InterruptsNIOS_bsp/\libhal_bsp.a(alt_main.o) (_do_ctors)
[...]
Memory Configuration

Name             Origin             Length             Attributes
reset            0x0000000000000000 0x0000000000000020
SDRAM            0x0000000000000020 0x0000000003ffffe0
VGA_Subsystem_Char_Buf_Subsystem_Onchip_SRAM 0x0000000009000000 0x0000000000002000
*default*        0x0000000000000000 0xffffffffffffffff

Linker script and memory map

LOAD C:/Users/mmatis01/Documents/FPGA/InterruptsNIOS_bsp//obj/HAL/src/crt0.o
LOAD obj/default/HexDisplay.o
LOAD obj/default/InterruptDemo.o
LOAD obj/default/buttonISR.o
LOAD obj/default/lcd.o
LOAD obj/default/seven_seg_bcd.o
LOAD obj/default/seven_seg_hex.o
LOAD obj/default/timerISR.o
LOAD c:/altera/16.0/nios2eds/bin/gnu/h-x86_64-mingw32/bin/../lib/gcc/nios2-elf/5.2.0/../../../../../H-x86_64-mingw32/nios2-elf/lib/mhw-mulx\libstdc++.a
LOAD c:/altera/16.0/nios2eds/bin/gnu/h-x86_64-mingw32/bin/../lib/gcc/nios2-elf/5.2.0/../../../../../H-x86_64-mingw32/nios2-elf/lib/mhw-mulx\libm.a
LOAD c:/altera/16.0/nios2eds/bin/gnu/h-x86_64-mingw32/bin/../lib/gcc/nios2-elf/5.2.0/mhw-mulx\libgcc.a
START GROUP
LOAD c:/altera/16.0/nios2eds/bin/gnu/h-x86_64-mingw32/bin/../lib/gcc/nios2-elf/5.2.0/../../../../../H-x86_64-mingw32/nios2-elf/lib/mhw-mulx\libc.a
LOAD c:/altera/16.0/nios2eds/bin/gnu/h-x86_64-mingw32/bin/../lib/gcc/nios2-elf/5.2.0/mhw-mulx\libgcc.a
LOAD C:/Users/mmatis01/Documents/FPGA/InterruptsNIOS_bsp/\libhal_bsp.a
LOAD c:/altera/16.0/nios2eds/bin/gnu/h-x86_64-mingw32/bin/../lib/gcc/nios2-elf/5.2.0/../../../../../H-x86_64-mingw32/nios2-elf/lib/mhw-mulx\libm.a
END GROUP
LOAD c:/altera/16.0/nios2eds/bin/gnu/h-x86_64-mingw32/bin/../lib/gcc/nios2-elf/5.2.0/mhw-mulx\libgcc.a
                0x0000000000000000                __alt_mem_SDRAM = 0x0
                0x0000000009000000                __alt_mem_VGA_Subsystem_Char_Buf_Subsystem_Onchip_SRAM = 0x9000000

.entry          0x0000000000000000       0x20
 *(.entry)
 .entry         0x0000000000000000       0x20 C:/Users/mmatis01/Documents/FPGA/InterruptsNIOS_bsp//obj/HAL/src/crt0.o
                0x0000000000000000                __reset

.exceptions     0x0000000000000020      0x228
                0x0000000000000020                PROVIDE (__ram_exceptions_start, ABSOLUTE (.))
                0x0000000000000020                . = ALIGN (0x20)
 *(.irq)
 *(.exceptions.entry.label)
 .exceptions.entry.label
                0x0000000000000020        0x0 C:/Users/mmatis01/Documents/FPGA/InterruptsNIOS_bsp/\libhal_bsp.a(alt_irq_entry.o)
                0x0000000000000020                alt_irq_entry
 .exceptions.entry.label
                0x0000000000000020        0x0 C:/Users/mmatis01/Documents/FPGA/InterruptsNIOS_bsp/\libhal_bsp.a(alt_exception_entry.o)
                0x0000000000000020                alt_exception
 *(.exceptions.entry.user)
 *(.exceptions.entry.ecc_fatal)
 *(.exceptions.entry)
 .exceptions.entry
                0x0000000000000020       0x54 C:/Users/mmatis01/Documents/FPGA/InterruptsNIOS_bsp/\libhal_bsp.a(alt_exception_entry.o)
 *(.exceptions.irqtest.user)
 *(.exceptions.irqtest)
 .exceptions.irqtest
                0x0000000000000074       0x10 C:/Users/mmatis01/Documents/FPGA/InterruptsNIOS_bsp/\libhal_bsp.a(alt_irq_entry.o)
 *(.exceptions.irqhandler.user)
 *(.exceptions.irqhandler)
 .exceptions.irqhandler
                0x0000000000000084        0x4 C:/Users/mmatis01/Documents/FPGA/InterruptsNIOS_bsp/\libhal_bsp.a(alt_irq_entry.o)
 *(.exceptions.irqreturn.user)
 *(.exceptions.irqreturn)
 .exceptions.irqreturn
                0x0000000000000088        0x4 C:/Users/mmatis01/Documents/FPGA/InterruptsNIOS_bsp/\libhal_bsp.a(alt_irq_entry.o)
 *(.exceptions.notirq.label)
 .exceptions.notirq.label
                0x000000000000008c        0x0 C:/Users/mmatis01/Documents/FPGA/InterruptsNIOS_bsp/\libhal_bsp.a(alt_irq_entry.o)
 *(.exceptions.notirq.user)
 *(.exceptions.notirq)
 .exceptions.notirq
                0x000000000000008c        0x8 C:/Users/mmatis01/Documents/FPGA/InterruptsNIOS_bsp/\libhal_bsp.a(alt_exception_entry.o)
 *(.exceptions.soft.user)
 *(.exceptions.soft)
 *(.exceptions.unknown.user)
 *(.exceptions.unknown)
 .exceptions.unknown
                0x0000000000000094       0x14 C:/Users/mmatis01/Documents/FPGA/InterruptsNIOS_bsp/\libhal_bsp.a(alt_exception_entry.o)
 *(.exceptions.exit.label)
 .exceptions.exit.label
                0x00000000000000a8        0x0 C:/Users/mmatis01/Documents/FPGA/InterruptsNIOS_bsp/\libhal_bsp.a(alt_irq_entry.o)
 .exceptions.exit.label
                0x00000000000000a8        0x0 C:/Users/mmatis01/Documents/FPGA/InterruptsNIOS_bsp/\libhal_bsp.a(alt_exception_entry.o)
 *(.exceptions.exit.user)
 *(.exceptions.exit)
 .exceptions.exit
                0x00000000000000a8       0x54 C:/Users/mmatis01/Documents/FPGA/InterruptsNIOS_bsp/\libhal_bsp.a(alt_exception_entry.o)
 *(.exceptions)
 .exceptions    0x00000000000000fc       0xd8 C:/Users/mmatis01/Documents/FPGA/InterruptsNIOS_bsp/\libhal_bsp.a(alt_irq_handler.o)
                0x00000000000000fc                alt_irq_handler
 .exceptions    0x00000000000001d4       0x74 C:/Users/mmatis01/Documents/FPGA/InterruptsNIOS_bsp/\libhal_bsp.a(alt_instruction_exception_entry.o)
                0x00000000000001d4                alt_instruction_exception_entry
                0x0000000000000248                PROVIDE (__ram_exceptions_end, ABSOLUTE (.))
                0x0000000000000020                PROVIDE (__flash_exceptions_start, LOADADDR (.exceptions))

.text           0x0000000000000248     0x4008
                [!provide]                        PROVIDE (stext, ABSOLUTE (.))
 *(.interp)
 *(.hash)
 *(.dynsym)
 *(.dynstr)
 *(.gnu.version)
 *(.gnu.version_d)
 *(.gnu.version_r)
 *(.rel.init)
 *(.rela.init)
 *(.rel.text .rel.text.* .rel.gnu.linkonce.t.*)
 *(.rela.text .rela.text.* .rela.gnu.linkonce.t.*)
 *(.rel.fini)
 *(.rela.fini)
 *(.rel.rodata .rel.rodata.* .rel.gnu.linkonce.r.*)
 *(.rela.rodata .rela.rodata.* .rela.gnu.linkonce.r.*)
 *(.rel.data .rel.data.* .rel.gnu.linkonce.d.*)
 *(.rela.data .rela.data.* .rela.gnu.linkonce.d.*)
 *(.rel.tdata .rel.tdata.* .rel.gnu.linkonce.td.*)
 *(.rela.tdata .rela.tdata.* .rela.gnu.linkonce.td.*)
 *(.rel.tbss .rel.tbss.* .rel.gnu.linkonce.tb.*)
 *(.rela.tbss .rela.tbss.* .rela.gnu.linkonce.tb.*)
 *(.rel.ctors)
 *(.rela.ctors)
 *(.rel.dtors)
 *(.rela.dtors)
 *(.rel.got)
 *(.rela.got)
 *(.rel.sdata .rel.sdata.* .rel.gnu.linkonce.s.*)
 *(.rela.sdata .rela.sdata.* .rela.gnu.linkonce.s.*)
 *(.rel.sbss .rel.sbss.* .rel.gnu.linkonce.sb.*)
 *(.rela.sbss .rela.sbss.* .rela.gnu.linkonce.sb.*)
 *(.rel.sdata2 .rel.sdata2.* .rel.gnu.linkonce.s2.*)
 *(.rela.sdata2 .rela.sdata2.* .rela.gnu.linkonce.s2.*)
 *(.rel.sbss2 .rel.sbss2.* .rel.gnu.linkonce.sb2.*)
 *(.rela.sbss2 .rela.sbss2.* .rela.gnu.linkonce.sb2.*)
 *(.rel.bss .rel.bss.* .rel.gnu.linkonce.b.*)
 *(.rela.bss .rela.bss.* .rela.gnu.linkonce.b.*)
 *(.rel.plt)
 *(.rela.plt)
 *(.rel.dyn)
 *(.init)
 *(.plt)
 *(.text .stub .text.* .gnu.linkonce.t.*)
 .text          0x0000000000000248       0x3c C:/Users/mmatis01/Documents/FPGA/InterruptsNIOS_bsp//obj/HAL/src/crt0.o
                0x0000000000000248                _start
 .text          0x0000000000000284       0x94 obj/default/HexDisplay.o
                0x0000000000000284                HexDisplay
 .text          0x0000000000000318       0x88 obj/default/InterruptDemo.o
                0x0000000000000318                main
 .text          0x00000000000003a0       0xc8 obj/default/buttonISR.o
                0x00000000000003a0                buttonISR
 .text          0x0000000000000468      0x110 obj/default/lcd.o
                0x0000000000000468                LCD_cursor
                0x00000000000004d4                LCD_text
                0x0000000000000540                LCD_cursor_off
 .text          0x0000000000000578      0x2bc obj/default/seven_seg_bcd.o
                0x0000000000000578                seven_seg_bcd
 .text          0x0000000000000834      0x14c obj/default/seven_seg_hex.o
                0x0000000000000834                seven_seg_hex
 .text          0x0000000000000980       0x78 obj/default/timerISR.o
                0x0000000000000980                timerISR
 .text          0x00000000000009f8        0x0 c:/altera/16.0/nios2eds/bin/gnu/h-x86_64-mingw32/bin/../lib/gcc/nios2-elf/5.2.0/../../../../../H-x86_64-mingw32/nios2-elf/lib/mhw-mulx\libc.a(lib_a-memcpy.o)
 .text.memcpy   0x00000000000009f8      0x148 c:/altera/16.0/nios2eds/bin/gnu/h-x86_64-mingw32/bin/../lib/gcc/nios2-elf/5.2.0/../../../../../H-x86_64-mingw32/nios2-elf/lib/mhw-mulx\libc.a(lib_a-memcpy.o)
                0x00000000000009f8                memcpy
 .text          0x0000000000000b40      0x1b0 C:/Users/mmatis01/Documents/FPGA/InterruptsNIOS_bsp/\libhal_bsp.a(alt_irq_register.o)
                0x0000000000000b40                alt_irq_register
 .text          0x0000000000000cf0        0x0 C:/Users/mmatis01/Documents/FPGA/InterruptsNIOS_bsp/\libhal_bsp.a(alt_irq_vars.o)
 .text          0x0000000000000cf0       0xec C:/Users/mmatis01/Documents/FPGA/InterruptsNIOS_bsp/\libhal_bsp.a(alt_load.o)
                0x0000000000000d58                alt_load
 .text          0x0000000000000ddc       0x7c C:/Users/mmatis01/Documents/FPGA/InterruptsNIOS_bsp/\libhal_bsp.a(alt_main.o)
                0x0000000000000ddc                alt_main
 .text          0x0000000000000e58      0x394 C:/Users/mmatis01/Documents/FPGA/InterruptsNIOS_bsp/\libhal_bsp.a(alt_sys_init.o)
                0x0000000000000e90                alt_irq_init
                0x0000000000000ec8                alt_sys_init
 .text          0x00000000000011ec      0x164 C:/Users/mmatis01/Documents/FPGA/InterruptsNIOS_bsp/\libhal_bsp.a(altera_avalon_jtag_uart_fd.o)
                0x00000000000011ec                altera_avalon_jtag_uart_read_fd
                0x000000000000124c                altera_avalon_jtag_uart_write_fd
                0x00000000000012ac                altera_avalon_jtag_uart_close_fd
                0x00000000000012fc                altera_avalon_jtag_uart_ioctl_fd
 .text          0x0000000000001350      0x3dc C:/Users/mmatis01/Documents/FPGA/InterruptsNIOS_bsp/\libhal_bsp.a(altera_avalon_jtag_uart_init.o)
                0x0000000000001350                altera_avalon_jtag_uart_init
                0x00000000000016c4                altera_avalon_jtag_uart_close
 .text          0x000000000000172c       0xf0 C:/Users/mmatis01/Documents/FPGA/InterruptsNIOS_bsp/\libhal_bsp.a(altera_avalon_jtag_uart_ioctl.o)
                0x000000000000172c                altera_avalon_jtag_uart_ioctl
 .text          0x000000000000181c      0x21c C:/Users/mmatis01/Documents/FPGA/InterruptsNIOS_bsp/\libhal_bsp.a(altera_avalon_jtag_uart_read.o)
                0x000000000000181c                altera_avalon_jtag_uart_read
 .text          0x0000000000001a38      0x224 C:/Users/mmatis01/Documents/FPGA/InterruptsNIOS_bsp/\libhal_bsp.a(altera_avalon_jtag_uart_write.o)
                0x0000000000001a38                altera_avalon_jtag_uart_write
 .text          0x0000000000001c5c      0x100 C:/Users/mmatis01/Documents/FPGA/InterruptsNIOS_bsp/\libhal_bsp.a(altera_avalon_timer_sc.o)
                0x0000000000001cd8                alt_avalon_timer_sc_init
 .text          0x0000000000001d5c      0x4f8 C:/Users/mmatis01/Documents/FPGA/InterruptsNIOS_bsp/\libhal_bsp.a(altera_up_avalon_character_lcd.o)
                0x0000000000001d5c                get_DDRAM_addr
                0x0000000000001dd0                alt_up_character_lcd_send_cmd
                0x0000000000001e10                alt_up_character_lcd_init
                0x0000000000001e48                alt_up_character_lcd_open_dev
                0x0000000000001e88                alt_up_character_lcd_write
                0x0000000000001f04                alt_up_character_lcd_string
                0x0000000000001f7c                alt_up_character_lcd_write_fd
                0x0000000000001fcc                alt_up_character_lcd_set_cursor_pos
                0x0000000000002040                alt_up_character_lcd_shift_cursor
                0x00000000000020cc                alt_up_character_lcd_shift_display
                0x0000000000002158                alt_up_character_lcd_erase_pos
                0x00000000000021e4                alt_up_character_lcd_cursor_off
                0x000000000000221c                alt_up_character_lcd_cursor_blink_on
 .text          0x0000000000002254      0x390 C:/Users/mmatis01/Documents/FPGA/InterruptsNIOS_bsp/\libhal_bsp.a(altera_up_avalon_irda.o)
                0x0000000000002254                alt_up_irda_enable_read_interrupt
                0x00000000000022b0                alt_up_irda_disable_read_interrupt
                0x0000000000002310                alt_up_irda_get_used_space_in_read_FIFO
                0x0000000000002350                alt_up_irda_get_available_space_in_write_FIFO
                0x000000000000238c                alt_up_irda_check_parity
                0x00000000000023d0                alt_up_irda_write_data
                0x0000000000002410                alt_up_irda_read_data
                0x0000000000002484                alt_up_irda_read_fd
                0x0000000000002514                alt_up_irda_write_fd
                0x00000000000025a4                alt_up_irda_open_dev
 .text          0x00000000000025e4      0x6b4 C:/Users/mmatis01/Documents/FPGA/InterruptsNIOS_bsp/\libhal_bsp.a(altera_up_avalon_ps2.o)
                0x00000000000025e4                read_RI_bit
                0x0000000000002618                read_RE_bit
                0x0000000000002648                read_CE_bit
                0x000000000000267c                read_num_bytes_available
                0x00000000000026ac                read_data_valid
                0x00000000000026e0                read_data_byte
                0x000000000000270c                alt_up_ps2_init
                0x00000000000027d4                alt_up_ps2_enable_read_interrupt
                0x0000000000002830                alt_up_ps2_disable_read_interrupt
                0x0000000000002890                alt_up_ps2_write_data_byte
                0x0000000000002904                alt_up_ps2_wait_for_ack
                0x000000000000296c                alt_up_ps2_write_data_byte_with_ack
                0x00000000000029d0                alt_up_ps2_read_data_byte_timeout
                0x0000000000002a6c                alt_up_ps2_read_data_byte
                0x0000000000002adc                alt_up_ps2_clear_fifo
                0x0000000000002b34                alt_up_ps2_read_fd
                0x0000000000002bc0                alt_up_ps2_write_fd
                0x0000000000002c58                alt_up_ps2_open_dev
 .text          0x0000000000002c98      0x394 C:/Users/mmatis01/Documents/FPGA/InterruptsNIOS_bsp/\libhal_bsp.a(altera_up_avalon_rs232.o)
                0x0000000000002c98                alt_up_rs232_enable_read_interrupt
                0x0000000000002cf4                alt_up_rs232_disable_read_interrupt
                0x0000000000002d54                alt_up_rs232_get_used_space_in_read_FIFO
                0x0000000000002d94                alt_up_rs232_get_available_space_in_write_FIFO
                0x0000000000002dd0                alt_up_rs232_check_parity
                0x0000000000002e14                alt_up_rs232_write_data
                0x0000000000002e54                alt_up_rs232_read_data
                0x0000000000002ec8                alt_up_rs232_read_fd
                0x0000000000002f58                alt_up_rs232_write_fd
                0x0000000000002fec                alt_up_rs232_open_dev
 .text          0x000000000000302c      0x140 C:/Users/mmatis01/Documents/FPGA/InterruptsNIOS_bsp/\libhal_bsp.a(alt_alarm_start.o)
                0x000000000000302c                alt_alarm_start
 .text          0x000000000000316c      0x120 C:/Users/mmatis01/Documents/FPGA/InterruptsNIOS_bsp/\libhal_bsp.a(alt_close.o)
                0x00000000000031bc                close
 .text          0x000000000000328c       0x20 C:/Users/mmatis01/Documents/FPGA/InterruptsNIOS_bsp/\libhal_bsp.a(alt_dcache_flush_all.o)
                0x000000000000328c                alt_dcache_flush_all
 .text          0x00000000000032ac       0x2c C:/Users/mmatis01/Documents/FPGA/InterruptsNIOS_bsp/\libhal_bsp.a(alt_dev.o)
 .text          0x00000000000032d8       0xf4 C:/Users/mmatis01/Documents/FPGA/InterruptsNIOS_bsp/\libhal_bsp.a(alt_dev_llist_insert.o)
                0x0000000000003328                alt_dev_llist_insert
 .text          0x00000000000033cc       0x60 C:/Users/mmatis01/Documents/FPGA/InterruptsNIOS_bsp/\libhal_bsp.a(alt_do_ctors.o)
                0x00000000000033cc                _do_ctors
 .text          0x000000000000342c       0x60 C:/Users/mmatis01/Documents/FPGA/InterruptsNIOS_bsp/\libhal_bsp.a(alt_do_dtors.o)
                0x000000000000342c                _do_dtors
 .text          0x000000000000348c        0x0 C:/Users/mmatis01/Documents/FPGA/InterruptsNIOS_bsp/\libhal_bsp.a(alt_errno.o)
 .text          0x000000000000348c       0x90 C:/Users/mmatis01/Documents/FPGA/InterruptsNIOS_bsp/\libhal_bsp.a(alt_find_dev.o)
                0x000000000000348c                alt_find_dev
 .text          0x000000000000351c       0x34 C:/Users/mmatis01/Documents/FPGA/InterruptsNIOS_bsp/\libhal_bsp.a(alt_icache_flush_all.o)
                0x000000000000351c                alt_icache_flush_all
 .text          0x0000000000003550      0x140 C:/Users/mmatis01/Documents/FPGA/InterruptsNIOS_bsp/\libhal_bsp.a(alt_io_redirect.o)
                0x0000000000003614                alt_io_redirect
 .text          0x0000000000003690        0x0 C:/Users/mmatis01/Documents/FPGA/InterruptsNIOS_bsp/\libhal_bsp.a(alt_irq_entry.o)
 .text          0x0000000000003690        0x0 C:/Users/mmatis01/Documents/FPGA/InterruptsNIOS_bsp/\libhal_bsp.a(alt_irq_handler.o)
 .text          0x0000000000003690      0x274 C:/Users/mmatis01/Documents/FPGA/InterruptsNIOS_bsp/\libhal_bsp.a(alt_open.o)
                0x00000000000037ac                open
 .text          0x0000000000003904       0x64 C:/Users/mmatis01/Documents/FPGA/InterruptsNIOS_bsp/\libhal_bsp.a(alt_release_fd.o)
                0x0000000000003904                alt_release_fd
 .text          0x0000000000003968      0x1a4 C:/Users/mmatis01/Documents/FPGA/InterruptsNIOS_bsp/\libhal_bsp.a(alt_tick.o)
                0x0000000000003968                alt_alarm_stop
                0x0000000000003a04                alt_tick
 .text          0x0000000000003b0c       0x24 C:/Users/mmatis01/Documents/FPGA/InterruptsNIOS_bsp/\libhal_bsp.a(altera_nios2_gen2_irq.o)
                0x0000000000003b0c                altera_nios2_gen2_irq_init
 .text          0x0000000000003b30        0x0 C:/Users/mmatis01/Documents/FPGA/InterruptsNIOS_bsp/\libhal_bsp.a(alt_exception_entry.o)
 .text          0x0000000000003b30      0x114 C:/Users/mmatis01/Documents/FPGA/InterruptsNIOS_bsp/\libhal_bsp.a(alt_find_file.o)
                0x0000000000003b30                alt_find_file
 .text          0x0000000000003c44       0xb4 C:/Users/mmatis01/Documents/FPGA/InterruptsNIOS_bsp/\libhal_bsp.a(alt_get_fd.o)
                0x0000000000003c44                alt_get_fd
 .text          0x0000000000003cf8       0x90 C:/Users/mmatis01/Documents/FPGA/InterruptsNIOS_bsp/\libhal_bsp.a(alt_icache_flush.o)
                0x0000000000003cf8                alt_icache_flush
 .text          0x0000000000003d88       0x9c C:/Users/mmatis01/Documents/FPGA/InterruptsNIOS_bsp/\libhal_bsp.a(alt_instruction_exception_entry.o)
                0x0000000000003d88                alt_exception_cause_generated_bad_addr
 .text          0x0000000000003e24        0x0 c:/altera/16.0/nios2eds/bin/gnu/h-x86_64-mingw32/bin/../lib/gcc/nios2-elf/5.2.0/../../../../../H-x86_64-mingw32/nios2-elf/lib/mhw-mulx\libc.a(lib_a-atexit.o)
 .text.atexit   0x0000000000003e24       0x14 c:/altera/16.0/nios2eds/bin/gnu/h-x86_64-mingw32/bin/../lib/gcc/nios2-elf/5.2.0/../../../../../H-x86_64-mingw32/nios2-elf/lib/mhw-mulx\libc.a(lib_a-atexit.o)
                0x0000000000003e24                atexit
 .text          0x0000000000003e38        0x0 c:/altera/16.0/nios2eds/bin/gnu/h-x86_64-mingw32/bin/../lib/gcc/nios2-elf/5.2.0/../../../../../H-x86_64-mingw32/nios2-elf/lib/mhw-mulx\libc.a(lib_a-exit.o)
 .text.exit     0x0000000000003e38       0x38 c:/altera/16.0/nios2eds/bin/gnu/h-x86_64-mingw32/bin/../lib/gcc/nios2-elf/5.2.0/../../../../../H-x86_64-mingw32/nios2-elf/lib/mhw-mulx\libc.a(lib_a-exit.o)
                0x0000000000003e38                exit
 .text          0x0000000000003e70        0x0 c:/altera/16.0/nios2eds/bin/gnu/h-x86_64-mingw32/bin/../lib/gcc/nios2-elf/5.2.0/../../../../../H-x86_64-mingw32/nios2-elf/lib/mhw-mulx\libc.a(lib_a-impure.o)
 .text          0x0000000000003e70        0x0 c:/altera/16.0/nios2eds/bin/gnu/h-x86_64-mingw32/bin/../lib/gcc/nios2-elf/5.2.0/../../../../../H-x86_64-mingw32/nios2-elf/lib/mhw-mulx\libc.a(lib_a-int_errno.o)
 .text          0x0000000000003e70        0x0 c:/altera/16.0/nios2eds/bin/gnu/h-x86_64-mingw32/bin/../lib/gcc/nios2-elf/5.2.0/../../../../../H-x86_64-mingw32/nios2-elf/lib/mhw-mulx\libc.a(lib_a-memcmp.o)
 .text.memcmp   0x0000000000003e70       0x7c c:/altera/16.0/nios2eds/bin/gnu/h-x86_64-mingw32/bin/../lib/gcc/nios2-elf/5.2.0/../../../../../H-x86_64-mingw32/nios2-elf/lib/mhw-mulx\libc.a(lib_a-memcmp.o)
                0x0000000000003e70                memcmp
 .text          0x0000000000003eec        0x0 c:/altera/16.0/nios2eds/bin/gnu/h-x86_64-mingw32/bin/../lib/gcc/nios2-elf/5.2.0/../../../../../H-x86_64-mingw32/nios2-elf/lib/mhw-mulx\libc.a(lib_a-strlen.o)
 .text.strlen   0x0000000000003eec       0x98 c:/altera/16.0/nios2eds/bin/gnu/h-x86_64-mingw32/bin/../lib/gcc/nios2-elf/5.2.0/../../../../../H-x86_64-mingw32/nios2-elf/lib/mhw-mulx\libc.a(lib_a-strlen.o)
                0x0000000000003eec                strlen
 .text          0x0000000000003f84        0x0 c:/altera/16.0/nios2eds/bin/gnu/h-x86_64-mingw32/bin/../lib/gcc/nios2-elf/5.2.0/../../../../../H-x86_64-mingw32/nios2-elf/lib/mhw-mulx\libc.a(lib_a-__atexit.o)
 .text.__register_exitproc
                0x0000000000003f84      0x118 c:/altera/16.0/nios2eds/bin/gnu/h-x86_64-mingw32/bin/../lib/gcc/nios2-elf/5.2.0/../../../../../H-x86_64-mingw32/nios2-elf/lib/mhw-mulx\libc.a(lib_a-__atexit.o)
                0x0000000000003f84                __register_exitproc
 .text          0x000000000000409c        0x0 c:/altera/16.0/nios2eds/bin/gnu/h-x86_64-mingw32/bin/../lib/gcc/nios2-elf/5.2.0/../../../../../H-x86_64-mingw32/nios2-elf/lib/mhw-mulx\libc.a(lib_a-__call_atexit.o)
 .text.__call_exitprocs
                0x000000000000409c      0x180 c:/altera/16.0/nios2eds/bin/gnu/h-x86_64-mingw32/bin/../lib/gcc/nios2-elf/5.2.0/../../../../../H-x86_64-mingw32/nios2-elf/lib/mhw-mulx\libc.a(lib_a-__call_atexit.o)
                0x000000000000409c                __call_exitprocs
 .text          0x000000000000421c       0x34 C:/Users/mmatis01/Documents/FPGA/InterruptsNIOS_bsp/\libhal_bsp.a(alt_exit.o)
                0x000000000000421c                _exit
 *(.gnu.warning.*)
 *(.fini)
                [!provide]                        PROVIDE (__etext, ABSOLUTE (.))
                [!provide]                        PROVIDE (_etext, ABSOLUTE (.))
                [!provide]                        PROVIDE (etext, ABSOLUTE (.))
 *(.eh_frame_hdr)
                0x0000000000004250                . = ALIGN (0x4)
                [!provide]                        PROVIDE (__preinit_array_start, ABSOLUTE (.))
 *(.preinit_array)
                [!provide]                        PROVIDE (__preinit_array_end, ABSOLUTE (.))
                [!provide]                        PROVIDE (__init_array_start, ABSOLUTE (.))
 *(.init_array)
                [!provide]                        PROVIDE (__init_array_end, ABSOLUTE (.))
                [!provide]                        PROVIDE (__fini_array_start, ABSOLUTE (.))
 *(.fini_array)
                [!provide]                        PROVIDE (__fini_array_end, ABSOLUTE (.))
 *(.eh_frame)
 *(.gcc_except_table .gcc_except_table.*)
 *(.dynamic)
                0x0000000000004250                PROVIDE (__CTOR_LIST__, ABSOLUTE (.))
 *(.ctors)
 *(SORT(.ctors.*))
                0x0000000000004250                PROVIDE (__CTOR_END__, ABSOLUTE (.))
                0x0000000000004250                PROVIDE (__DTOR_LIST__, ABSOLUTE (.))
 *(.dtors)
 *(SORT(.dtors.*))
                0x0000000000004250                PROVIDE (__DTOR_END__, ABSOLUTE (.))
 *(.jcr)
                0x0000000000004250                . = ALIGN (0x4)

.rodata         0x0000000000004250      0x184
                0x0000000000004250                PROVIDE (__ram_rodata_start, ABSOLUTE (.))
                0x0000000000004250                . = ALIGN (0x4)
 *(.rodata .rodata.* .gnu.linkonce.r.*)
 .rodata        0x0000000000004250       0x10 obj/default/seven_seg_hex.o
 .rodata        0x0000000000004260        0xf C:/Users/mmatis01/Documents/FPGA/InterruptsNIOS_bsp/\libhal_bsp.a(alt_main.o)
 *fill*         0x000000000000426f        0x1 
 .rodata        0x0000000000004270      0x151 C:/Users/mmatis01/Documents/FPGA/InterruptsNIOS_bsp/\libhal_bsp.a(alt_sys_init.o)
 *fill*         0x00000000000043c1        0x3 
 .rodata        0x00000000000043c4        0xa C:/Users/mmatis01/Documents/FPGA/InterruptsNIOS_bsp/\libhal_bsp.a(alt_dev.o)
 *fill*         0x00000000000043ce        0x2 
 .rodata.str1.4
                0x00000000000043d0        0x4 c:/altera/16.0/nios2eds/bin/gnu/h-x86_64-mingw32/bin/../lib/gcc/nios2-elf/5.2.0/../../../../../H-x86_64-mingw32/nios2-elf/lib/mhw-mulx\libc.a(lib_a-impure.o)
                                          0x2 (size before relaxing)
 *(.rodata1)
                0x00000000000043d4                . = ALIGN (0x4)
                0x00000000000043d4                PROVIDE (__ram_rodata_end, ABSOLUTE (.))
                0x0000000000004250                PROVIDE (__flash_rodata_start, LOADADDR (.rodata))

.rwdata         0x00000000000043d4     0x1998 load address 0x0000000000005d6c
                0x00000000000043d4                PROVIDE (__ram_rwdata_start, ABSOLUTE (.))
                0x00000000000043d4                . = ALIGN (0x4)
 *(.got.plt)
 *(.got)
 *(.data1)
 *(.data .data.* .gnu.linkonce.d.*)
 .data          0x00000000000043d4        0x0 C:/Users/mmatis01/Documents/FPGA/InterruptsNIOS_bsp//obj/HAL/src/crt0.o
 .data          0x00000000000043d4        0x0 obj/default/HexDisplay.o
 .data          0x00000000000043d4        0x0 obj/default/InterruptDemo.o
 .data          0x00000000000043d4        0x0 obj/default/buttonISR.o
 .data          0x00000000000043d4        0x0 obj/default/lcd.o
 .data          0x00000000000043d4        0x0 obj/default/seven_seg_bcd.o
 .data          0x00000000000043d4        0x0 obj/default/seven_seg_hex.o
 .data          0x00000000000043d4        0x0 obj/default/timerISR.o
 .data          0x00000000000043d4        0x0 c:/altera/16.0/nios2eds/bin/gnu/h-x86_64-mingw32/bin/../lib/gcc/nios2-elf/5.2.0/../../../../../H-x86_64-mingw32/nios2-elf/lib/mhw-mulx\libc.a(lib_a-memcpy.o)
 .data          0x00000000000043d4        0x0 C:/Users/mmatis01/Documents/FPGA/InterruptsNIOS_bsp/\libhal_bsp.a(alt_irq_register.o)
 .data          0x00000000000043d4        0x0 C:/Users/mmatis01/Documents/FPGA/InterruptsNIOS_bsp/\libhal_bsp.a(alt_irq_vars.o)
 .data          0x00000000000043d4        0x0 C:/Users/mmatis01/Documents/FPGA/InterruptsNIOS_bsp/\libhal_bsp.a(alt_load.o)
 .data          0x00000000000043d4        0x0 C:/Users/mmatis01/Documents/FPGA/InterruptsNIOS_bsp/\libhal_bsp.a(alt_main.o)
 .data          0x00000000000043d4     0x139c C:/Users/mmatis01/Documents/FPGA/InterruptsNIOS_bsp/\libhal_bsp.a(alt_sys_init.o)
 .data          0x0000000000005770        0x0 C:/Users/mmatis01/Documents/FPGA/InterruptsNIOS_bsp/\libhal_bsp.a(altera_avalon_jtag_uart_fd.o)
 .data          0x0000000000005770        0x0 C:/Users/mmatis01/Documents/FPGA/InterruptsNIOS_bsp/\libhal_bsp.a(altera_avalon_jtag_uart_init.o)
 .data          0x0000000000005770        0x0 C:/Users/mmatis01/Documents/FPGA/InterruptsNIOS_bsp/\libhal_bsp.a(altera_avalon_jtag_uart_ioctl.o)
 .data          0x0000000000005770        0x0 C:/Users/mmatis01/Documents/FPGA/InterruptsNIOS_bsp/\libhal_bsp.a(altera_avalon_jtag_uart_read.o)
 .data          0x0000000000005770        0x0 C:/Users/mmatis01/Documents/FPGA/InterruptsNIOS_bsp/\libhal_bsp.a(altera_avalon_jtag_uart_write.o)
 .data          0x0000000000005770        0x0 C:/Users/mmatis01/Documents/FPGA/InterruptsNIOS_bsp/\libhal_bsp.a(altera_avalon_timer_sc.o)
 .data          0x0000000000005770        0x0 C:/Users/mmatis01/Documents/FPGA/InterruptsNIOS_bsp/\libhal_bsp.a(altera_up_avalon_character_lcd.o)
 .data          0x0000000000005770        0x0 C:/Users/mmatis01/Documents/FPGA/InterruptsNIOS_bsp/\libhal_bsp.a(altera_up_avalon_irda.o)
 .data          0x0000000000005770        0x0 C:/Users/mmatis01/Documents/FPGA/InterruptsNIOS_bsp/\libhal_bsp.a(altera_up_avalon_ps2.o)
 .data          0x0000000000005770        0x0 C:/Users/mmatis01/Documents/FPGA/InterruptsNIOS_bsp/\libhal_bsp.a(altera_up_avalon_rs232.o)
 .data          0x0000000000005770        0x0 C:/Users/mmatis01/Documents/FPGA/InterruptsNIOS_bsp/\libhal_bsp.a(alt_alarm_start.o)
 .data          0x0000000000005770        0x0 C:/Users/mmatis01/Documents/FPGA/InterruptsNIOS_bsp/\libhal_bsp.a(alt_close.o)
 .data          0x0000000000005770        0x0 C:/Users/mmatis01/Documents/FPGA/InterruptsNIOS_bsp/\libhal_bsp.a(alt_dcache_flush_all.o)
 .data          0x0000000000005770      0x1a8 C:/Users/mmatis01/Documents/FPGA/InterruptsNIOS_bsp/\libhal_bsp.a(alt_dev.o)
                0x0000000000005770                alt_dev_null
                0x0000000000005798                alt_fd_list
 .data          0x0000000000005918        0x0 C:/Users/mmatis01/Documents/FPGA/InterruptsNIOS_bsp/\libhal_bsp.a(alt_dev_llist_insert.o)
 .data          0x0000000000005918        0x0 C:/Users/mmatis01/Documents/FPGA/InterruptsNIOS_bsp/\libhal_bsp.a(alt_do_ctors.o)
 .data          0x0000000000005918        0x0 C:/Users/mmatis01/Documents/FPGA/InterruptsNIOS_bsp/\libhal_bsp.a(alt_do_dtors.o)
 .data          0x0000000000005918        0x0 C:/Users/mmatis01/Documents/FPGA/InterruptsNIOS_bsp/\libhal_bsp.a(alt_errno.o)
 .data          0x0000000000005918        0x0 C:/Users/mmatis01/Documents/FPGA/InterruptsNIOS_bsp/\libhal_bsp.a(alt_find_dev.o)
 .data          0x0000000000005918        0x0 C:/Users/mmatis01/Documents/FPGA/InterruptsNIOS_bsp/\libhal_bsp.a(alt_icache_flush_all.o)
 .data          0x0000000000005918        0x0 C:/Users/mmatis01/Documents/FPGA/InterruptsNIOS_bsp/\libhal_bsp.a(alt_io_redirect.o)
 .data          0x0000000000005918        0x0 C:/Users/mmatis01/Documents/FPGA/InterruptsNIOS_bsp/\libhal_bsp.a(alt_irq_entry.o)
 .data          0x0000000000005918        0x0 C:/Users/mmatis01/Documents/FPGA/InterruptsNIOS_bsp/\libhal_bsp.a(alt_irq_handler.o)
 .data          0x0000000000005918        0x0 C:/Users/mmatis01/Documents/FPGA/InterruptsNIOS_bsp/\libhal_bsp.a(alt_open.o)
 .data          0x0000000000005918        0x0 C:/Users/mmatis01/Documents/FPGA/InterruptsNIOS_bsp/\libhal_bsp.a(alt_release_fd.o)
 .data          0x0000000000005918        0x0 C:/Users/mmatis01/Documents/FPGA/InterruptsNIOS_bsp/\libhal_bsp.a(alt_tick.o)
 .data          0x0000000000005918        0x0 C:/Users/mmatis01/Documents/FPGA/InterruptsNIOS_bsp/\libhal_bsp.a(altera_nios2_gen2_irq.o)
 .data          0x0000000000005918        0x0 C:/Users/mmatis01/Documents/FPGA/InterruptsNIOS_bsp/\libhal_bsp.a(alt_exception_entry.o)
 .data          0x0000000000005918        0x0 C:/Users/mmatis01/Documents/FPGA/InterruptsNIOS_bsp/\libhal_bsp.a(alt_find_file.o)
 .data          0x0000000000005918        0x0 C:/Users/mmatis01/Documents/FPGA/InterruptsNIOS_bsp/\libhal_bsp.a(alt_get_fd.o)
 .data          0x0000000000005918        0x0 C:/Users/mmatis01/Documents/FPGA/InterruptsNIOS_bsp/\libhal_bsp.a(alt_icache_flush.o)
 .data          0x0000000000005918        0x0 C:/Users/mmatis01/Documents/FPGA/InterruptsNIOS_bsp/\libhal_bsp.a(alt_instruction_exception_entry.o)
 .data          0x0000000000005918        0x0 c:/altera/16.0/nios2eds/bin/gnu/h-x86_64-mingw32/bin/../lib/gcc/nios2-elf/5.2.0/../../../../../H-x86_64-mingw32/nios2-elf/lib/mhw-mulx\libc.a(lib_a-atexit.o)
 .data          0x0000000000005918        0x0 c:/altera/16.0/nios2eds/bin/gnu/h-x86_64-mingw32/bin/../lib/gcc/nios2-elf/5.2.0/../../../../../H-x86_64-mingw32/nios2-elf/lib/mhw-mulx\libc.a(lib_a-exit.o)
 .data          0x0000000000005918        0x0 c:/altera/16.0/nios2eds/bin/gnu/h-x86_64-mingw32/bin/../lib/gcc/nios2-elf/5.2.0/../../../../../H-x86_64-mingw32/nios2-elf/lib/mhw-mulx\libc.a(lib_a-impure.o)
 .data.impure_data
                0x0000000000005918      0x424 c:/altera/16.0/nios2eds/bin/gnu/h-x86_64-mingw32/bin/../lib/gcc/nios2-elf/5.2.0/../../../../../H-x86_64-mingw32/nios2-elf/lib/mhw-mulx\libc.a(lib_a-impure.o)
 .data          0x0000000000005d3c        0x0 c:/altera/16.0/nios2eds/bin/gnu/h-x86_64-mingw32/bin/../lib/gcc/nios2-elf/5.2.0/../../../../../H-x86_64-mingw32/nios2-elf/lib/mhw-mulx\libc.a(lib_a-int_errno.o)
 .data          0x0000000000005d3c        0x0 c:/altera/16.0/nios2eds/bin/gnu/h-x86_64-mingw32/bin/../lib/gcc/nios2-elf/5.2.0/../../../../../H-x86_64-mingw32/nios2-elf/lib/mhw-mulx\libc.a(lib_a-memcmp.o)
 .data          0x0000000000005d3c        0x0 c:/altera/16.0/nios2eds/bin/gnu/h-x86_64-mingw32/bin/../lib/gcc/nios2-elf/5.2.0/../../../../../H-x86_64-mingw32/nios2-elf/lib/mhw-mulx\libc.a(lib_a-strlen.o)
 .data          0x0000000000005d3c        0x0 c:/altera/16.0/nios2eds/bin/gnu/h-x86_64-mingw32/bin/../lib/gcc/nios2-elf/5.2.0/../../../../../H-x86_64-mingw32/nios2-elf/lib/mhw-mulx\libc.a(lib_a-__atexit.o)
 .data          0x0000000000005d3c        0x0 c:/altera/16.0/nios2eds/bin/gnu/h-x86_64-mingw32/bin/../lib/gcc/nios2-elf/5.2.0/../../../../../H-x86_64-mingw32/nios2-elf/lib/mhw-mulx\libc.a(lib_a-__call_atexit.o)
 .data          0x0000000000005d3c        0x0 C:/Users/mmatis01/Documents/FPGA/InterruptsNIOS_bsp/\libhal_bsp.a(alt_exit.o)
                0x000000000000dd3c                _gp = ABSOLUTE ((. + 0x8000))
                [!provide]                        PROVIDE (gp, _gp)
 *(.rwdata .rwdata.*)
 *(.sdata .sdata.* .gnu.linkonce.s.*)
 .sdata         0x0000000000005d3c        0x4 obj/default/InterruptDemo.o
 .sdata         0x0000000000005d40        0x4 C:/Users/mmatis01/Documents/FPGA/InterruptsNIOS_bsp/\libhal_bsp.a(alt_irq_vars.o)
                0x0000000000005d40                alt_priority_mask
 .sdata         0x0000000000005d44       0x14 C:/Users/mmatis01/Documents/FPGA/InterruptsNIOS_bsp/\libhal_bsp.a(alt_dev.o)
                0x0000000000005d44                alt_fs_list
                0x0000000000005d4c                alt_dev_list
                0x0000000000005d54                alt_max_fd
 .sdata         0x0000000000005d58        0x4 C:/Users/mmatis01/Documents/FPGA/InterruptsNIOS_bsp/\libhal_bsp.a(alt_errno.o)
                0x0000000000005d58                alt_errno
 .sdata         0x0000000000005d5c        0x8 C:/Users/mmatis01/Documents/FPGA/InterruptsNIOS_bsp/\libhal_bsp.a(alt_tick.o)
                0x0000000000005d5c                alt_alarm_list
 .sdata._global_impure_ptr
                0x0000000000005d64        0x4 c:/altera/16.0/nios2eds/bin/gnu/h-x86_64-mingw32/bin/../lib/gcc/nios2-elf/5.2.0/../../../../../H-x86_64-mingw32/nios2-elf/lib/mhw-mulx\libc.a(lib_a-impure.o)
                0x0000000000005d64                _global_impure_ptr
 .sdata._impure_ptr
                0x0000000000005d68        0x4 c:/altera/16.0/nios2eds/bin/gnu/h-x86_64-mingw32/bin/../lib/gcc/nios2-elf/5.2.0/../../../../../H-x86_64-mingw32/nios2-elf/lib/mhw-mulx\libc.a(lib_a-impure.o)
                0x0000000000005d68                _impure_ptr
 *(.sdata2 .sdata2.* .gnu.linkonce.s2.*)
                0x0000000000005d6c                . = ALIGN (0x4)
                0x0000000000005d6c                _edata = ABSOLUTE (.)
                [!provide]                        PROVIDE (edata, ABSOLUTE (.))
                0x0000000000005d6c                PROVIDE (__ram_rwdata_end, ABSOLUTE (.))
                0x0000000000005d6c                PROVIDE (__flash_rwdata_start, LOADADDR (.rwdata))

.bss            0x0000000000007704      0x124
                0x0000000000007704                __bss_start = ABSOLUTE (.)
                [!provide]                        PROVIDE (__sbss_start, ABSOLUTE (.))
                [!provide]                        PROVIDE (___sbss_start, ABSOLUTE (.))
 *(.dynsbss)
 *(.sbss .sbss.* .gnu.linkonce.sb.*)
 .sbss          0x0000000000007704        0x4 obj/default/InterruptDemo.o
 .sbss          0x0000000000007708        0x4 C:/Users/mmatis01/Documents/FPGA/InterruptsNIOS_bsp/\libhal_bsp.a(alt_irq_vars.o)
                0x0000000000007708                alt_irq_active
 .sbss          0x000000000000770c        0xc C:/Users/mmatis01/Documents/FPGA/InterruptsNIOS_bsp/\libhal_bsp.a(alt_main.o)
                0x000000000000770c                alt_argc
                0x0000000000007710                alt_argv
                0x0000000000007714                alt_envp
 .sbss          0x0000000000007718        0x8 C:/Users/mmatis01/Documents/FPGA/InterruptsNIOS_bsp/\libhal_bsp.a(alt_tick.o)
                0x0000000000007718                _alt_tick_rate
                0x000000000000771c                _alt_nticks
 .sbss          0x0000000000007720        0x4 C:/Users/mmatis01/Documents/FPGA/InterruptsNIOS_bsp/\libhal_bsp.a(alt_instruction_exception_entry.o)
                0x0000000000007720                alt_instruction_exception_handler
 .sbss          0x0000000000007724        0x4 c:/altera/16.0/nios2eds/bin/gnu/h-x86_64-mingw32/bin/../lib/gcc/nios2-elf/5.2.0/../../../../../H-x86_64-mingw32/nios2-elf/lib/mhw-mulx\libc.a(lib_a-int_errno.o)
                0x0000000000007724                errno
 *(.sbss2 .sbss2.* .gnu.linkonce.sb2.*)
 *(.scommon)
                [!provide]                        PROVIDE (__sbss_end, ABSOLUTE (.))
                [!provide]                        PROVIDE (___sbss_end, ABSOLUTE (.))
 *(.dynbss)
 *(.bss .bss.* .gnu.linkonce.b.*)
 .bss           0x0000000000007728        0x0 C:/Users/mmatis01/Documents/FPGA/InterruptsNIOS_bsp//obj/HAL/src/crt0.o
 .bss           0x0000000000007728        0x0 obj/default/HexDisplay.o
 .bss           0x0000000000007728        0x0 obj/default/InterruptDemo.o
 .bss           0x0000000000007728        0x0 obj/default/buttonISR.o
 .bss           0x0000000000007728        0x0 obj/default/lcd.o
 .bss           0x0000000000007728        0x0 obj/default/seven_seg_bcd.o
 .bss           0x0000000000007728        0x0 obj/default/seven_seg_hex.o
 .bss           0x0000000000007728        0x0 obj/default/timerISR.o
 .bss           0x0000000000007728        0x0 c:/altera/16.0/nios2eds/bin/gnu/h-x86_64-mingw32/bin/../lib/gcc/nios2-elf/5.2.0/../../../../../H-x86_64-mingw32/nios2-elf/lib/mhw-mulx\libc.a(lib_a-memcpy.o)
 .bss           0x0000000000007728        0x0 C:/Users/mmatis01/Documents/FPGA/InterruptsNIOS_bsp/\libhal_bsp.a(alt_irq_register.o)
 .bss           0x0000000000007728        0x0 C:/Users/mmatis01/Documents/FPGA/InterruptsNIOS_bsp/\libhal_bsp.a(alt_irq_vars.o)
 .bss           0x0000000000007728        0x0 C:/Users/mmatis01/Documents/FPGA/InterruptsNIOS_bsp/\libhal_bsp.a(alt_load.o)
 .bss           0x0000000000007728        0x0 C:/Users/mmatis01/Documents/FPGA/InterruptsNIOS_bsp/\libhal_bsp.a(alt_main.o)
 .bss           0x0000000000007728        0x0 C:/Users/mmatis01/Documents/FPGA/InterruptsNIOS_bsp/\libhal_bsp.a(alt_sys_init.o)
 .bss           0x0000000000007728        0x0 C:/Users/mmatis01/Documents/FPGA/InterruptsNIOS_bsp/\libhal_bsp.a(altera_avalon_jtag_uart_fd.o)
 .bss           0x0000000000007728        0x0 C:/Users/mmatis01/Documents/FPGA/InterruptsNIOS_bsp/\libhal_bsp.a(altera_avalon_jtag_uart_init.o)
 .bss           0x0000000000007728        0x0 C:/Users/mmatis01/Documents/FPGA/InterruptsNIOS_bsp/\libhal_bsp.a(altera_avalon_jtag_uart_ioctl.o)
 .bss           0x0000000000007728        0x0 C:/Users/mmatis01/Documents/FPGA/InterruptsNIOS_bsp/\libhal_bsp.a(altera_avalon_jtag_uart_read.o)
 .bss           0x0000000000007728        0x0 C:/Users/mmatis01/Documents/FPGA/InterruptsNIOS_bsp/\libhal_bsp.a(altera_avalon_jtag_uart_write.o)
 .bss           0x0000000000007728        0x0 C:/Users/mmatis01/Documents/FPGA/InterruptsNIOS_bsp/\libhal_bsp.a(altera_avalon_timer_sc.o)
 .bss           0x0000000000007728        0x0 C:/Users/mmatis01/Documents/FPGA/InterruptsNIOS_bsp/\libhal_bsp.a(altera_up_avalon_character_lcd.o)
 .bss           0x0000000000007728        0x0 C:/Users/mmatis01/Documents/FPGA/InterruptsNIOS_bsp/\libhal_bsp.a(altera_up_avalon_irda.o)
 .bss           0x0000000000007728        0x0 C:/Users/mmatis01/Documents/FPGA/InterruptsNIOS_bsp/\libhal_bsp.a(altera_up_avalon_ps2.o)
 .bss           0x0000000000007728        0x0 C:/Users/mmatis01/Documents/FPGA/InterruptsNIOS_bsp/\libhal_bsp.a(altera_up_avalon_rs232.o)
 .bss           0x0000000000007728        0x0 C:/Users/mmatis01/Documents/FPGA/InterruptsNIOS_bsp/\libhal_bsp.a(alt_alarm_start.o)
 .bss           0x0000000000007728        0x0 C:/Users/mmatis01/Documents/FPGA/InterruptsNIOS_bsp/\libhal_bsp.a(alt_close.o)
 .bss           0x0000000000007728        0x0 C:/Users/mmatis01/Documents/FPGA/InterruptsNIOS_bsp/\libhal_bsp.a(alt_dcache_flush_all.o)
 .bss           0x0000000000007728        0x0 C:/Users/mmatis01/Documents/FPGA/InterruptsNIOS_bsp/\libhal_bsp.a(alt_dev.o)
 .bss           0x0000000000007728        0x0 C:/Users/mmatis01/Documents/FPGA/InterruptsNIOS_bsp/\libhal_bsp.a(alt_dev_llist_insert.o)
 .bss           0x0000000000007728        0x0 C:/Users/mmatis01/Documents/FPGA/InterruptsNIOS_bsp/\libhal_bsp.a(alt_do_ctors.o)
 .bss           0x0000000000007728        0x0 C:/Users/mmatis01/Documents/FPGA/InterruptsNIOS_bsp/\libhal_bsp.a(alt_do_dtors.o)
 .bss           0x0000000000007728        0x0 C:/Users/mmatis01/Documents/FPGA/InterruptsNIOS_bsp/\libhal_bsp.a(alt_errno.o)
 .bss           0x0000000000007728        0x0 C:/Users/mmatis01/Documents/FPGA/InterruptsNIOS_bsp/\libhal_bsp.a(alt_find_dev.o)
 .bss           0x0000000000007728        0x0 C:/Users/mmatis01/Documents/FPGA/InterruptsNIOS_bsp/\libhal_bsp.a(alt_icache_flush_all.o)
 .bss           0x0000000000007728        0x0 C:/Users/mmatis01/Documents/FPGA/InterruptsNIOS_bsp/\libhal_bsp.a(alt_io_redirect.o)
 .bss           0x0000000000007728        0x0 C:/Users/mmatis01/Documents/FPGA/InterruptsNIOS_bsp/\libhal_bsp.a(alt_irq_entry.o)
 .bss           0x0000000000007728        0x0 C:/Users/mmatis01/Documents/FPGA/InterruptsNIOS_bsp/\libhal_bsp.a(alt_irq_handler.o)
 .bss           0x0000000000007728        0x0 C:/Users/mmatis01/Documents/FPGA/InterruptsNIOS_bsp/\libhal_bsp.a(alt_open.o)
 .bss           0x0000000000007728        0x0 C:/Users/mmatis01/Documents/FPGA/InterruptsNIOS_bsp/\libhal_bsp.a(alt_release_fd.o)
 .bss           0x0000000000007728        0x0 C:/Users/mmatis01/Documents/FPGA/InterruptsNIOS_bsp/\libhal_bsp.a(alt_tick.o)
 .bss           0x0000000000007728        0x0 C:/Users/mmatis01/Documents/FPGA/InterruptsNIOS_bsp/\libhal_bsp.a(altera_nios2_gen2_irq.o)
 .bss           0x0000000000007728        0x0 C:/Users/mmatis01/Documents/FPGA/InterruptsNIOS_bsp/\libhal_bsp.a(alt_exception_entry.o)
 .bss           0x0000000000007728        0x0 C:/Users/mmatis01/Documents/FPGA/InterruptsNIOS_bsp/\libhal_bsp.a(alt_find_file.o)
 .bss           0x0000000000007728        0x0 C:/Users/mmatis01/Documents/FPGA/InterruptsNIOS_bsp/\libhal_bsp.a(alt_get_fd.o)
 .bss           0x0000000000007728        0x0 C:/Users/mmatis01/Documents/FPGA/InterruptsNIOS_bsp/\libhal_bsp.a(alt_icache_flush.o)
 .bss           0x0000000000007728        0x0 C:/Users/mmatis01/Documents/FPGA/InterruptsNIOS_bsp/\libhal_bsp.a(alt_instruction_exception_entry.o)
 .bss           0x0000000000007728        0x0 c:/altera/16.0/nios2eds/bin/gnu/h-x86_64-mingw32/bin/../lib/gcc/nios2-elf/5.2.0/../../../../../H-x86_64-mingw32/nios2-elf/lib/mhw-mulx\libc.a(lib_a-atexit.o)
 .bss           0x0000000000007728        0x0 c:/altera/16.0/nios2eds/bin/gnu/h-x86_64-mingw32/bin/../lib/gcc/nios2-elf/5.2.0/../../../../../H-x86_64-mingw32/nios2-elf/lib/mhw-mulx\libc.a(lib_a-exit.o)
 .bss           0x0000000000007728        0x0 c:/altera/16.0/nios2eds/bin/gnu/h-x86_64-mingw32/bin/../lib/gcc/nios2-elf/5.2.0/../../../../../H-x86_64-mingw32/nios2-elf/lib/mhw-mulx\libc.a(lib_a-impure.o)
 .bss           0x0000000000007728        0x0 c:/altera/16.0/nios2eds/bin/gnu/h-x86_64-mingw32/bin/../lib/gcc/nios2-elf/5.2.0/../../../../../H-x86_64-mingw32/nios2-elf/lib/mhw-mulx\libc.a(lib_a-int_errno.o)
 .bss           0x0000000000007728        0x0 c:/altera/16.0/nios2eds/bin/gnu/h-x86_64-mingw32/bin/../lib/gcc/nios2-elf/5.2.0/../../../../../H-x86_64-mingw32/nios2-elf/lib/mhw-mulx\libc.a(lib_a-memcmp.o)
 .bss           0x0000000000007728        0x0 c:/altera/16.0/nios2eds/bin/gnu/h-x86_64-mingw32/bin/../lib/gcc/nios2-elf/5.2.0/../../../../../H-x86_64-mingw32/nios2-elf/lib/mhw-mulx\libc.a(lib_a-strlen.o)
 .bss           0x0000000000007728        0x0 c:/altera/16.0/nios2eds/bin/gnu/h-x86_64-mingw32/bin/../lib/gcc/nios2-elf/5.2.0/../../../../../H-x86_64-mingw32/nios2-elf/lib/mhw-mulx\libc.a(lib_a-__atexit.o)
 .bss           0x0000000000007728        0x0 c:/altera/16.0/nios2eds/bin/gnu/h-x86_64-mingw32/bin/../lib/gcc/nios2-elf/5.2.0/../../../../../H-x86_64-mingw32/nios2-elf/lib/mhw-mulx\libc.a(lib_a-__call_atexit.o)
 .bss           0x0000000000007728        0x0 C:/Users/mmatis01/Documents/FPGA/InterruptsNIOS_bsp/\libhal_bsp.a(alt_exit.o)
 *(COMMON)
 COMMON         0x0000000000007728      0x100 C:/Users/mmatis01/Documents/FPGA/InterruptsNIOS_bsp/\libhal_bsp.a(alt_irq_handler.o)
                0x0000000000007728                alt_irq
                0x0000000000007828                . = ALIGN (0x4)
                0x0000000000007828                __bss_end = ABSOLUTE (.)

.SDRAM          0x0000000000007828        0x0
                [!provide]                        PROVIDE (_alt_partition_SDRAM_start, ABSOLUTE (.))
 *(.SDRAM .SDRAM. SDRAM.*)
                0x0000000000007828                . = ALIGN (0x4)
                [!provide]                        PROVIDE (_alt_partition_SDRAM_end, ABSOLUTE (.))
                0x0000000000007828                _end = ABSOLUTE (.)
                0x0000000000007828                end = ABSOLUTE (.)
                0x0000000000007828                __alt_stack_base = ABSOLUTE (.)
                [!provide]                        PROVIDE (_alt_partition_SDRAM_load_addr, LOADADDR (.SDRAM))

.VGA_Subsystem_Char_Buf_Subsystem_Onchip_SRAM
                0x0000000009000000        0x0 load address 0x0000000000007828
                [!provide]                        PROVIDE (_alt_partition_VGA_Subsystem_Char_Buf_Subsystem_Onchip_SRAM_start, ABSOLUTE (.))
 *(.VGA_Subsystem_Char_Buf_Subsystem_Onchip_SRAM .VGA_Subsystem_Char_Buf_Subsystem_Onchip_SRAM. VGA_Subsystem_Char_Buf_Subsystem_Onchip_SRAM.*)
                0x0000000009000000                . = ALIGN (0x4)
                [!provide]                        PROVIDE (_alt_partition_VGA_Subsystem_Char_Buf_Subsystem_Onchip_SRAM_end, ABSOLUTE (.))
                [!provide]                        PROVIDE (_alt_partition_VGA_Subsystem_Char_Buf_Subsystem_Onchip_SRAM_load_addr, LOADADDR (.VGA_Subsystem_Char_Buf_Subsystem_Onchip_SRAM))

.stab
 *(.stab)

.stabstr
 *(.stabstr)

.stab.excl
 *(.stab.excl)

.stab.exclstr
 *(.stab.exclstr)

.stab.index
 *(.stab.index)

.stab.indexstr
 *(.stab.indexstr)

.comment        0x0000000000000000       0x23
 *(.comment)
 .comment       0x0000000000000000       0x23 obj/default/HexDisplay.o
                                         0x24 (size before relaxing)
 .comment       0x0000000000000023       0x24 obj/default/InterruptDemo.o
 .comment       0x0000000000000023       0x24 obj/default/buttonISR.o
 .comment       0x0000000000000023       0x24 obj/default/lcd.o
 .comment       0x0000000000000023       0x24 obj/default/seven_seg_bcd.o
 .comment       0x0000000000000023       0x24 obj/default/seven_seg_hex.o
 .comment       0x0000000000000023       0x24 obj/default/timerISR.o
 .comment       0x0000000000000023       0x24 c:/altera/16.0/nios2eds/bin/gnu/h-x86_64-mingw32/bin/../lib/gcc/nios2-elf/5.2.0/../../../../../H-x86_64-mingw32/nios2-elf/lib/mhw-mulx\libc.a(lib_a-memcpy.o)
 .comment       0x0000000000000023       0x24 C:/Users/mmatis01/Documents/FPGA/InterruptsNIOS_bsp/\libhal_bsp.a(alt_irq_register.o)
 .comment       0x0000000000000023       0x24 C:/Users/mmatis01/Documents/FPGA/InterruptsNIOS_bsp/\libhal_bsp.a(alt_irq_vars.o)
 .comment       0x0000000000000023       0x24 C:/Users/mmatis01/Documents/FPGA/InterruptsNIOS_bsp/\libhal_bsp.a(alt_load.o)
 .comment       0x0000000000000023       0x24 C:/Users/mmatis01/Documents/FPGA/InterruptsNIOS_bsp/\libhal_bsp.a(alt_main.o)
 .comment       0x0000000000000023       0x24 C:/Users/mmatis01/Documents/FPGA/InterruptsNIOS_bsp/\libhal_bsp.a(alt_sys_init.o)
 .comment       0x0000000000000023       0x24 C:/Users/mmatis01/Documents/FPGA/InterruptsNIOS_bsp/\libhal_bsp.a(altera_avalon_jtag_uart_fd.o)
 .comment       0x0000000000000023       0x24 C:/Users/mmatis01/Documents/FPGA/InterruptsNIOS_bsp/\libhal_bsp.a(altera_avalon_jtag_uart_init.o)
 .comment       0x0000000000000023       0x24 C:/Users/mmatis01/Documents/FPGA/InterruptsNIOS_bsp/\libhal_bsp.a(altera_avalon_jtag_uart_ioctl.o)
 .comment       0x0000000000000023       0x24 C:/Users/mmatis01/Documents/FPGA/InterruptsNIOS_bsp/\libhal_bsp.a(altera_avalon_jtag_uart_read.o)
 .comment       0x0000000000000023       0x24 C:/Users/mmatis01/Documents/FPGA/InterruptsNIOS_bsp/\libhal_bsp.a(altera_avalon_jtag_uart_write.o)
 .comment       0x0000000000000023       0x24 C:/Users/mmatis01/Documents/FPGA/InterruptsNIOS_bsp/\libhal_bsp.a(altera_avalon_timer_sc.o)
 .comment       0x0000000000000023       0x24 C:/Users/mmatis01/Documents/FPGA/InterruptsNIOS_bsp/\libhal_bsp.a(altera_up_avalon_character_lcd.o)
 .comment       0x0000000000000023       0x24 C:/Users/mmatis01/Documents/FPGA/InterruptsNIOS_bsp/\libhal_bsp.a(altera_up_avalon_irda.o)
 .comment       0x0000000000000023       0x24 C:/Users/mmatis01/Documents/FPGA/InterruptsNIOS_bsp/\libhal_bsp.a(altera_up_avalon_ps2.o)
 .comment       0x0000000000000023       0x24 C:/Users/mmatis01/Documents/FPGA/InterruptsNIOS_bsp/\libhal_bsp.a(altera_up_avalon_rs232.o)
 .comment       0x0000000000000023       0x24 C:/Users/mmatis01/Documents/FPGA/InterruptsNIOS_bsp/\libhal_bsp.a(alt_alarm_start.o)
 .comment       0x0000000000000023       0x24 C:/Users/mmatis01/Documents/FPGA/InterruptsNIOS_bsp/\libhal_bsp.a(alt_close.o)
 .comment       0x0000000000000023       0x24 C:/Users/mmatis01/Documents/FPGA/InterruptsNIOS_bsp/\libhal_bsp.a(alt_dcache_flush_all.o)
 .comment       0x0000000000000023       0x24 C:/Users/mmatis01/Documents/FPGA/InterruptsNIOS_bsp/\libhal_bsp.a(alt_dev.o)
 .comment       0x0000000000000023       0x24 C:/Users/mmatis01/Documents/FPGA/InterruptsNIOS_bsp/\libhal_bsp.a(alt_dev_llist_insert.o)
 .comment       0x0000000000000023       0x24 C:/Users/mmatis01/Documents/FPGA/InterruptsNIOS_bsp/\libhal_bsp.a(alt_do_ctors.o)
 .comment       0x0000000000000023       0x24 C:/Users/mmatis01/Documents/FPGA/InterruptsNIOS_bsp/\libhal_bsp.a(alt_do_dtors.o)
 .comment       0x0000000000000023       0x24 C:/Users/mmatis01/Documents/FPGA/InterruptsNIOS_bsp/\libhal_bsp.a(alt_errno.o)
 .comment       0x0000000000000023       0x24 C:/Users/mmatis01/Documents/FPGA/InterruptsNIOS_bsp/\libhal_bsp.a(alt_find_dev.o)
 .comment       0x0000000000000023       0x24 C:/Users/mmatis01/Documents/FPGA/InterruptsNIOS_bsp/\libhal_bsp.a(alt_icache_flush_all.o)
 .comment       0x0000000000000023       0x24 C:/Users/mmatis01/Documents/FPGA/InterruptsNIOS_bsp/\libhal_bsp.a(alt_io_redirect.o)
 .comment       0x0000000000000023       0x24 C:/Users/mmatis01/Documents/FPGA/InterruptsNIOS_bsp/\libhal_bsp.a(alt_irq_handler.o)
 .comment       0x0000000000000023       0x24 C:/Users/mmatis01/Documents/FPGA/InterruptsNIOS_bsp/\libhal_bsp.a(alt_open.o)
 .comment       0x0000000000000023       0x24 C:/Users/mmatis01/Documents/FPGA/InterruptsNIOS_bsp/\libhal_bsp.a(alt_release_fd.o)
 .comment       0x0000000000000023       0x24 C:/Users/mmatis01/Documents/FPGA/InterruptsNIOS_bsp/\libhal_bsp.a(alt_tick.o)
 .comment       0x0000000000000023       0x24 C:/Users/mmatis01/Documents/FPGA/InterruptsNIOS_bsp/\libhal_bsp.a(altera_nios2_gen2_irq.o)
 .comment       0x0000000000000023       0x24 C:/Users/mmatis01/Documents/FPGA/InterruptsNIOS_bsp/\libhal_bsp.a(alt_find_file.o)
 .comment       0x0000000000000023       0x24 C:/Users/mmatis01/Documents/FPGA/InterruptsNIOS_bsp/\libhal_bsp.a(alt_get_fd.o)
 .comment       0x0000000000000023       0x24 C:/Users/mmatis01/Documents/FPGA/InterruptsNIOS_bsp/\libhal_bsp.a(alt_icache_flush.o)
 .comment       0x0000000000000023       0x24 C:/Users/mmatis01/Documents/FPGA/InterruptsNIOS_bsp/\libhal_bsp.a(alt_instruction_exception_entry.o)
 .comment       0x0000000000000023       0x24 c:/altera/16.0/nios2eds/bin/gnu/h-x86_64-mingw32/bin/../lib/gcc/nios2-elf/5.2.0/../../../../../H-x86_64-mingw32/nios2-elf/lib/mhw-mulx\libc.a(lib_a-atexit.o)
 .comment       0x0000000000000023       0x24 c:/altera/16.0/nios2eds/bin/gnu/h-x86_64-mingw32/bin/../lib/gcc/nios2-elf/5.2.0/../../../../../H-x86_64-mingw32/nios2-elf/lib/mhw-mulx\libc.a(lib_a-exit.o)
 .comment       0x0000000000000023       0x24 c:/altera/16.0/nios2eds/bin/gnu/h-x86_64-mingw32/bin/../lib/gcc/nios2-elf/5.2.0/../../../../../H-x86_64-mingw32/nios2-elf/lib/mhw-mulx\libc.a(lib_a-impure.o)
 .comment       0x0000000000000023       0x24 c:/altera/16.0/nios2eds/bin/gnu/h-x86_64-mingw32/bin/../lib/gcc/nios2-elf/5.2.0/../../../../../H-x86_64-mingw32/nios2-elf/lib/mhw-mulx\libc.a(lib_a-int_errno.o)
 .comment       0x0000000000000023       0x24 c:/altera/16.0/nios2eds/bin/gnu/h-x86_64-mingw32/bin/../lib/gcc/nios2-elf/5.2.0/../../../../../H-x86_64-mingw32/nios2-elf/lib/mhw-mulx\libc.a(lib_a-memcmp.o)
 .comment       0x0000000000000023       0x24 c:/altera/16.0/nios2eds/bin/gnu/h-x86_64-mingw32/bin/../lib/gcc/nios2-elf/5.2.0/../../../../../H-x86_64-mingw32/nios2-elf/lib/mhw-mulx\libc.a(lib_a-strlen.o)
 .comment       0x0000000000000023       0x24 c:/altera/16.0/nios2eds/bin/gnu/h-x86_64-mingw32/bin/../lib/gcc/nios2-elf/5.2.0/../../../../../H-x86_64-mingw32/nios2-elf/lib/mhw-mulx\libc.a(lib_a-__atexit.o)
 .comment       0x0000000000000023       0x24 c:/altera/16.0/nios2eds/bin/gnu/h-x86_64-mingw32/bin/../lib/gcc/nios2-elf/5.2.0/../../../../../H-x86_64-mingw32/nios2-elf/lib/mhw-mulx\libc.a(lib_a-__call_atexit.o)
 .comment       0x0000000000000023       0x24 C:/Users/mmatis01/Documents/FPGA/InterruptsNIOS_bsp/\libhal_bsp.a(alt_exit.o)

.debug
 *(.debug)

.line
 *(.line)

.debug_srcinfo
 *(.debug_srcinfo)

.debug_sfnames
 *(.debug_sfnames)

.debug_aranges  0x0000000000000000      0x6f8
 *(.debug_aranges)
 .debug_aranges
                0x0000000000000000       0x28 C:/Users/mmatis01/Documents/FPGA/InterruptsNIOS_bsp//obj/HAL/src/crt0.o
 .debug_aranges
                0x0000000000000028       0x20 obj/default/HexDisplay.o
 .debug_aranges
                0x0000000000000048       0x20 obj/default/InterruptDemo.o
 .debug_aranges
                0x0000000000000068       0x20 obj/default/buttonISR.o
 .debug_aranges
                0x0000000000000088       0x20 obj/default/lcd.o
 .debug_aranges
                0x00000000000000a8       0x20 obj/default/seven_seg_bcd.o
 .debug_aranges
                0x00000000000000c8       0x20 obj/default/seven_seg_hex.o
 .debug_aranges
                0x00000000000000e8       0x20 obj/default/timerISR.o
 .debug_aranges
                0x0000000000000108       0x20 c:/altera/16.0/nios2eds/bin/gnu/h-x86_64-mingw32/bin/../lib/gcc/nios2-elf/5.2.0/../../../../../H-x86_64-mingw32/nios2-elf/lib/mhw-mulx\libc.a(lib_a-memcpy.o)
 .debug_aranges
                0x0000000000000128       0x20 C:/Users/mmatis01/Documents/FPGA/InterruptsNIOS_bsp/\libhal_bsp.a(alt_irq_register.o)
 .debug_aranges
                0x0000000000000148       0x18 C:/Users/mmatis01/Documents/FPGA/InterruptsNIOS_bsp/\libhal_bsp.a(alt_irq_vars.o)
 .debug_aranges
                0x0000000000000160       0x20 C:/Users/mmatis01/Documents/FPGA/InterruptsNIOS_bsp/\libhal_bsp.a(alt_load.o)
 .debug_aranges
                0x0000000000000180       0x20 C:/Users/mmatis01/Documents/FPGA/InterruptsNIOS_bsp/\libhal_bsp.a(alt_main.o)
 .debug_aranges
                0x00000000000001a0       0x20 C:/Users/mmatis01/Documents/FPGA/InterruptsNIOS_bsp/\libhal_bsp.a(alt_sys_init.o)
 .debug_aranges
                0x00000000000001c0       0x20 C:/Users/mmatis01/Documents/FPGA/InterruptsNIOS_bsp/\libhal_bsp.a(altera_avalon_jtag_uart_fd.o)
 .debug_aranges
                0x00000000000001e0       0x20 C:/Users/mmatis01/Documents/FPGA/InterruptsNIOS_bsp/\libhal_bsp.a(altera_avalon_jtag_uart_init.o)
 .debug_aranges
                0x0000000000000200       0x20 C:/Users/mmatis01/Documents/FPGA/InterruptsNIOS_bsp/\libhal_bsp.a(altera_avalon_jtag_uart_ioctl.o)
 .debug_aranges
                0x0000000000000220       0x20 C:/Users/mmatis01/Documents/FPGA/InterruptsNIOS_bsp/\libhal_bsp.a(altera_avalon_jtag_uart_read.o)
 .debug_aranges
                0x0000000000000240       0x20 C:/Users/mmatis01/Documents/FPGA/InterruptsNIOS_bsp/\libhal_bsp.a(altera_avalon_jtag_uart_write.o)
 .debug_aranges
                0x0000000000000260       0x20 C:/Users/mmatis01/Documents/FPGA/InterruptsNIOS_bsp/\libhal_bsp.a(altera_avalon_timer_sc.o)
 .debug_aranges
                0x0000000000000280       0x20 C:/Users/mmatis01/Documents/FPGA/InterruptsNIOS_bsp/\libhal_bsp.a(altera_up_avalon_character_lcd.o)
 .debug_aranges
                0x00000000000002a0       0x20 C:/Users/mmatis01/Documents/FPGA/InterruptsNIOS_bsp/\libhal_bsp.a(altera_up_avalon_irda.o)
 .debug_aranges
                0x00000000000002c0       0x20 C:/Users/mmatis01/Documents/FPGA/InterruptsNIOS_bsp/\libhal_bsp.a(altera_up_avalon_ps2.o)
 .debug_aranges
                0x00000000000002e0       0x20 C:/Users/mmatis01/Documents/FPGA/InterruptsNIOS_bsp/\libhal_bsp.a(altera_up_avalon_rs232.o)
 .debug_aranges
                0x0000000000000300       0x20 C:/Users/mmatis01/Documents/FPGA/InterruptsNIOS_bsp/\libhal_bsp.a(alt_alarm_start.o)
 .debug_aranges
                0x0000000000000320       0x20 C:/Users/mmatis01/Documents/FPGA/InterruptsNIOS_bsp/\libhal_bsp.a(alt_close.o)
 .debug_aranges
                0x0000000000000340       0x20 C:/Users/mmatis01/Documents/FPGA/InterruptsNIOS_bsp/\libhal_bsp.a(alt_dcache_flush_all.o)
 .debug_aranges
                0x0000000000000360       0x20 C:/Users/mmatis01/Documents/FPGA/InterruptsNIOS_bsp/\libhal_bsp.a(alt_dev.o)
 .debug_aranges
                0x0000000000000380       0x20 C:/Users/mmatis01/Documents/FPGA/InterruptsNIOS_bsp/\libhal_bsp.a(alt_dev_llist_insert.o)
 .debug_aranges
                0x00000000000003a0       0x20 C:/Users/mmatis01/Documents/FPGA/InterruptsNIOS_bsp/\libhal_bsp.a(alt_do_ctors.o)
 .debug_aranges
                0x00000000000003c0       0x20 C:/Users/mmatis01/Documents/FPGA/InterruptsNIOS_bsp/\libhal_bsp.a(alt_do_dtors.o)
 .debug_aranges
                0x00000000000003e0       0x18 C:/Users/mmatis01/Documents/FPGA/InterruptsNIOS_bsp/\libhal_bsp.a(alt_errno.o)
 .debug_aranges
                0x00000000000003f8       0x20 C:/Users/mmatis01/Documents/FPGA/InterruptsNIOS_bsp/\libhal_bsp.a(alt_find_dev.o)
 .debug_aranges
                0x0000000000000418       0x20 C:/Users/mmatis01/Documents/FPGA/InterruptsNIOS_bsp/\libhal_bsp.a(alt_icache_flush_all.o)
 .debug_aranges
                0x0000000000000438       0x20 C:/Users/mmatis01/Documents/FPGA/InterruptsNIOS_bsp/\libhal_bsp.a(alt_io_redirect.o)
 .debug_aranges
                0x0000000000000458       0x30 C:/Users/mmatis01/Documents/FPGA/InterruptsNIOS_bsp/\libhal_bsp.a(alt_irq_entry.o)
 .debug_aranges
                0x0000000000000488       0x20 C:/Users/mmatis01/Documents/FPGA/InterruptsNIOS_bsp/\libhal_bsp.a(alt_irq_handler.o)
 .debug_aranges
                0x00000000000004a8       0x20 C:/Users/mmatis01/Documents/FPGA/InterruptsNIOS_bsp/\libhal_bsp.a(alt_open.o)
 .debug_aranges
                0x00000000000004c8       0x20 C:/Users/mmatis01/Documents/FPGA/InterruptsNIOS_bsp/\libhal_bsp.a(alt_release_fd.o)
 .debug_aranges
                0x00000000000004e8       0x20 C:/Users/mmatis01/Documents/FPGA/InterruptsNIOS_bsp/\libhal_bsp.a(alt_tick.o)
 .debug_aranges
                0x0000000000000508       0x20 C:/Users/mmatis01/Documents/FPGA/InterruptsNIOS_bsp/\libhal_bsp.a(altera_nios2_gen2_irq.o)
 .debug_aranges
                0x0000000000000528       0x38 C:/Users/mmatis01/Documents/FPGA/InterruptsNIOS_bsp/\libhal_bsp.a(alt_exception_entry.o)
 .debug_aranges
                0x0000000000000560       0x20 C:/Users/mmatis01/Documents/FPGA/InterruptsNIOS_bsp/\libhal_bsp.a(alt_find_file.o)
 .debug_aranges
                0x0000000000000580       0x20 C:/Users/mmatis01/Documents/FPGA/InterruptsNIOS_bsp/\libhal_bsp.a(alt_get_fd.o)
 .debug_aranges
                0x00000000000005a0       0x20 C:/Users/mmatis01/Documents/FPGA/InterruptsNIOS_bsp/\libhal_bsp.a(alt_icache_flush.o)
 .debug_aranges
                0x00000000000005c0       0x28 C:/Users/mmatis01/Documents/FPGA/InterruptsNIOS_bsp/\libhal_bsp.a(alt_instruction_exception_entry.o)
 .debug_aranges
                0x00000000000005e8       0x20 c:/altera/16.0/nios2eds/bin/gnu/h-x86_64-mingw32/bin/../lib/gcc/nios2-elf/5.2.0/../../../../../H-x86_64-mingw32/nios2-elf/lib/mhw-mulx\libc.a(lib_a-atexit.o)
 .debug_aranges
                0x0000000000000608       0x20 c:/altera/16.0/nios2eds/bin/gnu/h-x86_64-mingw32/bin/../lib/gcc/nios2-elf/5.2.0/../../../../../H-x86_64-mingw32/nios2-elf/lib/mhw-mulx\libc.a(lib_a-exit.o)
 .debug_aranges
                0x0000000000000628       0x18 c:/altera/16.0/nios2eds/bin/gnu/h-x86_64-mingw32/bin/../lib/gcc/nios2-elf/5.2.0/../../../../../H-x86_64-mingw32/nios2-elf/lib/mhw-mulx\libc.a(lib_a-impure.o)
 .debug_aranges
                0x0000000000000640       0x18 c:/altera/16.0/nios2eds/bin/gnu/h-x86_64-mingw32/bin/../lib/gcc/nios2-elf/5.2.0/../../../../../H-x86_64-mingw32/nios2-elf/lib/mhw-mulx\libc.a(lib_a-int_errno.o)
 .debug_aranges
                0x0000000000000658       0x20 c:/altera/16.0/nios2eds/bin/gnu/h-x86_64-mingw32/bin/../lib/gcc/nios2-elf/5.2.0/../../../../../H-x86_64-mingw32/nios2-elf/lib/mhw-mulx\libc.a(lib_a-memcmp.o)
 .debug_aranges
                0x0000000000000678       0x20 c:/altera/16.0/nios2eds/bin/gnu/h-x86_64-mingw32/bin/../lib/gcc/nios2-elf/5.2.0/../../../../../H-x86_64-mingw32/nios2-elf/lib/mhw-mulx\libc.a(lib_a-strlen.o)
 .debug_aranges
                0x0000000000000698       0x20 c:/altera/16.0/nios2eds/bin/gnu/h-x86_64-mingw32/bin/../lib/gcc/nios2-elf/5.2.0/../../../../../H-x86_64-mingw32/nios2-elf/lib/mhw-mulx\libc.a(lib_a-__atexit.o)
 .debug_aranges
                0x00000000000006b8       0x20 c:/altera/16.0/nios2eds/bin/gnu/h-x86_64-mingw32/bin/../lib/gcc/nios2-elf/5.2.0/../../../../../H-x86_64-mingw32/nios2-elf/lib/mhw-mulx\libc.a(lib_a-__call_atexit.o)
 .debug_aranges
                0x00000000000006d8       0x20 C:/Users/mmatis01/Documents/FPGA/InterruptsNIOS_bsp/\libhal_bsp.a(alt_exit.o)

.debug_pubnames
 *(.debug_pubnames)

.debug_info     0x0000000000000000     0x99b8
 *(.debug_info .gnu.linkonce.wi.*)
 .debug_info    0x0000000000000000       0x68 C:/Users/mmatis01/Documents/FPGA/InterruptsNIOS_bsp//obj/HAL/src/crt0.o
 .debug_info    0x0000000000000068       0xd2 obj/default/HexDisplay.o
 .debug_info    0x000000000000013a       0xff obj/default/InterruptDemo.o
 .debug_info    0x0000000000000239       0xe3 obj/default/buttonISR.o
 .debug_info    0x000000000000031c       0xe1 obj/default/lcd.o
 .debug_info    0x00000000000003fd      0x14b obj/default/seven_seg_bcd.o
 .debug_info    0x0000000000000548      0x143 obj/default/seven_seg_hex.o
 .debug_info    0x000000000000068b       0xbb obj/default/timerISR.o
 .debug_info    0x0000000000000746      0x144 c:/altera/16.0/nios2eds/bin/gnu/h-x86_64-mingw32/bin/../lib/gcc/nios2-elf/5.2.0/../../../../../H-x86_64-mingw32/nios2-elf/lib/mhw-mulx\libc.a(lib_a-memcpy.o)
 .debug_info    0x000000000000088a      0x329 C:/Users/mmatis01/Documents/FPGA/InterruptsNIOS_bsp/\libhal_bsp.a(alt_irq_register.o)
 .debug_info    0x0000000000000bb3       0x88 C:/Users/mmatis01/Documents/FPGA/InterruptsNIOS_bsp/\libhal_bsp.a(alt_irq_vars.o)
 .debug_info    0x0000000000000c3b      0x145 C:/Users/mmatis01/Documents/FPGA/InterruptsNIOS_bsp/\libhal_bsp.a(alt_load.o)
 .debug_info    0x0000000000000d80      0x157 C:/Users/mmatis01/Documents/FPGA/InterruptsNIOS_bsp/\libhal_bsp.a(alt_main.o)
 .debug_info    0x0000000000000ed7      0x959 C:/Users/mmatis01/Documents/FPGA/InterruptsNIOS_bsp/\libhal_bsp.a(alt_sys_init.o)
 .debug_info    0x0000000000001830      0x52e C:/Users/mmatis01/Documents/FPGA/InterruptsNIOS_bsp/\libhal_bsp.a(altera_avalon_jtag_uart_fd.o)
 .debug_info    0x0000000000001d5e      0x3c3 C:/Users/mmatis01/Documents/FPGA/InterruptsNIOS_bsp/\libhal_bsp.a(altera_avalon_jtag_uart_init.o)
 .debug_info    0x0000000000002121      0x280 C:/Users/mmatis01/Documents/FPGA/InterruptsNIOS_bsp/\libhal_bsp.a(altera_avalon_jtag_uart_ioctl.o)
 .debug_info    0x00000000000023a1      0x35b C:/Users/mmatis01/Documents/FPGA/InterruptsNIOS_bsp/\libhal_bsp.a(altera_avalon_jtag_uart_read.o)
 .debug_info    0x00000000000026fc      0x356 C:/Users/mmatis01/Documents/FPGA/InterruptsNIOS_bsp/\libhal_bsp.a(altera_avalon_jtag_uart_write.o)
 .debug_info    0x0000000000002a52      0x249 C:/Users/mmatis01/Documents/FPGA/InterruptsNIOS_bsp/\libhal_bsp.a(altera_avalon_timer_sc.o)
 .debug_info    0x0000000000002c9b      0x601 C:/Users/mmatis01/Documents/FPGA/InterruptsNIOS_bsp/\libhal_bsp.a(altera_up_avalon_character_lcd.o)
 .debug_info    0x000000000000329c      0x568 C:/Users/mmatis01/Documents/FPGA/InterruptsNIOS_bsp/\libhal_bsp.a(altera_up_avalon_irda.o)
 .debug_info    0x0000000000003804      0x7d4 C:/Users/mmatis01/Documents/FPGA/InterruptsNIOS_bsp/\libhal_bsp.a(altera_up_avalon_ps2.o)
 .debug_info    0x0000000000003fd8      0x568 C:/Users/mmatis01/Documents/FPGA/InterruptsNIOS_bsp/\libhal_bsp.a(altera_up_avalon_rs232.o)
 .debug_info    0x0000000000004540      0x2e2 C:/Users/mmatis01/Documents/FPGA/InterruptsNIOS_bsp/\libhal_bsp.a(alt_alarm_start.o)
 .debug_info    0x0000000000004822      0x321 C:/Users/mmatis01/Documents/FPGA/InterruptsNIOS_bsp/\libhal_bsp.a(alt_close.o)
 .debug_info    0x0000000000004b43       0x92 C:/Users/mmatis01/Documents/FPGA/InterruptsNIOS_bsp/\libhal_bsp.a(alt_dcache_flush_all.o)
 .debug_info    0x0000000000004bd5      0x49c C:/Users/mmatis01/Documents/FPGA/InterruptsNIOS_bsp/\libhal_bsp.a(alt_dev.o)
 .debug_info    0x0000000000005071      0x1a9 C:/Users/mmatis01/Documents/FPGA/InterruptsNIOS_bsp/\libhal_bsp.a(alt_dev_llist_insert.o)
 .debug_info    0x000000000000521a       0x83 C:/Users/mmatis01/Documents/FPGA/InterruptsNIOS_bsp/\libhal_bsp.a(alt_do_ctors.o)
 .debug_info    0x000000000000529d       0x83 C:/Users/mmatis01/Documents/FPGA/InterruptsNIOS_bsp/\libhal_bsp.a(alt_do_dtors.o)
 .debug_info    0x0000000000005320       0xa6 C:/Users/mmatis01/Documents/FPGA/InterruptsNIOS_bsp/\libhal_bsp.a(alt_errno.o)
 .debug_info    0x00000000000053c6      0x2e9 C:/Users/mmatis01/Documents/FPGA/InterruptsNIOS_bsp/\libhal_bsp.a(alt_find_dev.o)
 .debug_info    0x00000000000056af       0x92 C:/Users/mmatis01/Documents/FPGA/InterruptsNIOS_bsp/\libhal_bsp.a(alt_icache_flush_all.o)
 .debug_info    0x0000000000005741      0x4a5 C:/Users/mmatis01/Documents/FPGA/InterruptsNIOS_bsp/\libhal_bsp.a(alt_io_redirect.o)
 .debug_info    0x0000000000005be6       0x71 C:/Users/mmatis01/Documents/FPGA/InterruptsNIOS_bsp/\libhal_bsp.a(alt_irq_entry.o)
 .debug_info    0x0000000000005c57      0x1a7 C:/Users/mmatis01/Documents/FPGA/InterruptsNIOS_bsp/\libhal_bsp.a(alt_irq_handler.o)
 .debug_info    0x0000000000005dfe      0x3bb C:/Users/mmatis01/Documents/FPGA/InterruptsNIOS_bsp/\libhal_bsp.a(alt_open.o)
 .debug_info    0x00000000000061b9      0x2b0 C:/Users/mmatis01/Documents/FPGA/InterruptsNIOS_bsp/\libhal_bsp.a(alt_release_fd.o)
 .debug_info    0x0000000000006469      0x2af C:/Users/mmatis01/Documents/FPGA/InterruptsNIOS_bsp/\libhal_bsp.a(alt_tick.o)
 .debug_info    0x0000000000006718       0xb8 C:/Users/mmatis01/Documents/FPGA/InterruptsNIOS_bsp/\libhal_bsp.a(altera_nios2_gen2_irq.o)
 .debug_info    0x00000000000067d0       0x77 C:/Users/mmatis01/Documents/FPGA/InterruptsNIOS_bsp/\libhal_bsp.a(alt_exception_entry.o)
 .debug_info    0x0000000000006847      0x2e6 C:/Users/mmatis01/Documents/FPGA/InterruptsNIOS_bsp/\libhal_bsp.a(alt_find_file.o)
 .debug_info    0x0000000000006b2d      0x310 C:/Users/mmatis01/Documents/FPGA/InterruptsNIOS_bsp/\libhal_bsp.a(alt_get_fd.o)
 .debug_info    0x0000000000006e3d       0xdc C:/Users/mmatis01/Documents/FPGA/InterruptsNIOS_bsp/\libhal_bsp.a(alt_icache_flush.o)
 .debug_info    0x0000000000006f19      0x1e7 C:/Users/mmatis01/Documents/FPGA/InterruptsNIOS_bsp/\libhal_bsp.a(alt_instruction_exception_entry.o)
 .debug_info    0x0000000000007100       0xfe c:/altera/16.0/nios2eds/bin/gnu/h-x86_64-mingw32/bin/../lib/gcc/nios2-elf/5.2.0/../../../../../H-x86_64-mingw32/nios2-elf/lib/mhw-mulx\libc.a(lib_a-atexit.o)
 .debug_info    0x00000000000071fe      0x8e4 c:/altera/16.0/nios2eds/bin/gnu/h-x86_64-mingw32/bin/../lib/gcc/nios2-elf/5.2.0/../../../../../H-x86_64-mingw32/nios2-elf/lib/mhw-mulx\libc.a(lib_a-exit.o)
 .debug_info    0x0000000000007ae2      0x8a1 c:/altera/16.0/nios2eds/bin/gnu/h-x86_64-mingw32/bin/../lib/gcc/nios2-elf/5.2.0/../../../../../H-x86_64-mingw32/nios2-elf/lib/mhw-mulx\libc.a(lib_a-impure.o)
 .debug_info    0x0000000000008383       0x8a c:/altera/16.0/nios2eds/bin/gnu/h-x86_64-mingw32/bin/../lib/gcc/nios2-elf/5.2.0/../../../../../H-x86_64-mingw32/nios2-elf/lib/mhw-mulx\libc.a(lib_a-int_errno.o)
 .debug_info    0x000000000000840d      0x11a c:/altera/16.0/nios2eds/bin/gnu/h-x86_64-mingw32/bin/../lib/gcc/nios2-elf/5.2.0/../../../../../H-x86_64-mingw32/nios2-elf/lib/mhw-mulx\libc.a(lib_a-memcmp.o)
 .debug_info    0x0000000000008527       0xe2 c:/altera/16.0/nios2eds/bin/gnu/h-x86_64-mingw32/bin/../lib/gcc/nios2-elf/5.2.0/../../../../../H-x86_64-mingw32/nios2-elf/lib/mhw-mulx\libc.a(lib_a-strlen.o)
 .debug_info    0x0000000000008609      0x934 c:/altera/16.0/nios2eds/bin/gnu/h-x86_64-mingw32/bin/../lib/gcc/nios2-elf/5.2.0/../../../../../H-x86_64-mingw32/nios2-elf/lib/mhw-mulx\libc.a(lib_a-__atexit.o)
 .debug_info    0x0000000000008f3d      0x965 c:/altera/16.0/nios2eds/bin/gnu/h-x86_64-mingw32/bin/../lib/gcc/nios2-elf/5.2.0/../../../../../H-x86_64-mingw32/nios2-elf/lib/mhw-mulx\libc.a(lib_a-__call_atexit.o)
 .debug_info    0x00000000000098a2      0x116 C:/Users/mmatis01/Documents/FPGA/InterruptsNIOS_bsp/\libhal_bsp.a(alt_exit.o)

.debug_abbrev   0x0000000000000000     0x32ea
 *(.debug_abbrev)
 .debug_abbrev  0x0000000000000000       0x12 C:/Users/mmatis01/Documents/FPGA/InterruptsNIOS_bsp//obj/HAL/src/crt0.o
 .debug_abbrev  0x0000000000000012       0x85 obj/default/HexDisplay.o
 .debug_abbrev  0x0000000000000097       0x88 obj/default/InterruptDemo.o
 .debug_abbrev  0x000000000000011f       0x95 obj/default/buttonISR.o
 .debug_abbrev  0x00000000000001b4       0x99 obj/default/lcd.o
 .debug_abbrev  0x000000000000024d       0xaf obj/default/seven_seg_bcd.o
 .debug_abbrev  0x00000000000002fc       0xa8 obj/default/seven_seg_hex.o
 .debug_abbrev  0x00000000000003a4       0x83 obj/default/timerISR.o
 .debug_abbrev  0x0000000000000427       0xa3 c:/altera/16.0/nios2eds/bin/gnu/h-x86_64-mingw32/bin/../lib/gcc/nios2-elf/5.2.0/../../../../../H-x86_64-mingw32/nios2-elf/lib/mhw-mulx\libc.a(lib_a-memcpy.o)
 .debug_abbrev  0x00000000000004ca      0x186 C:/Users/mmatis01/Documents/FPGA/InterruptsNIOS_bsp/\libhal_bsp.a(alt_irq_register.o)
 .debug_abbrev  0x0000000000000650       0x40 C:/Users/mmatis01/Documents/FPGA/InterruptsNIOS_bsp/\libhal_bsp.a(alt_irq_vars.o)
 .debug_abbrev  0x0000000000000690       0x9f C:/Users/mmatis01/Documents/FPGA/InterruptsNIOS_bsp/\libhal_bsp.a(alt_load.o)
 .debug_abbrev  0x000000000000072f       0xc1 C:/Users/mmatis01/Documents/FPGA/InterruptsNIOS_bsp/\libhal_bsp.a(alt_main.o)
 .debug_abbrev  0x00000000000007f0      0x19f C:/Users/mmatis01/Documents/FPGA/InterruptsNIOS_bsp/\libhal_bsp.a(alt_sys_init.o)
 .debug_abbrev  0x000000000000098f      0x127 C:/Users/mmatis01/Documents/FPGA/InterruptsNIOS_bsp/\libhal_bsp.a(altera_avalon_jtag_uart_fd.o)
 .debug_abbrev  0x0000000000000ab6      0x19e C:/Users/mmatis01/Documents/FPGA/InterruptsNIOS_bsp/\libhal_bsp.a(altera_avalon_jtag_uart_init.o)
 .debug_abbrev  0x0000000000000c54      0x111 C:/Users/mmatis01/Documents/FPGA/InterruptsNIOS_bsp/\libhal_bsp.a(altera_avalon_jtag_uart_ioctl.o)
 .debug_abbrev  0x0000000000000d65      0x1aa C:/Users/mmatis01/Documents/FPGA/InterruptsNIOS_bsp/\libhal_bsp.a(altera_avalon_jtag_uart_read.o)
 .debug_abbrev  0x0000000000000f0f      0x1a8 C:/Users/mmatis01/Documents/FPGA/InterruptsNIOS_bsp/\libhal_bsp.a(altera_avalon_jtag_uart_write.o)
 .debug_abbrev  0x00000000000010b7      0x155 C:/Users/mmatis01/Documents/FPGA/InterruptsNIOS_bsp/\libhal_bsp.a(altera_avalon_timer_sc.o)
 .debug_abbrev  0x000000000000120c      0x156 C:/Users/mmatis01/Documents/FPGA/InterruptsNIOS_bsp/\libhal_bsp.a(altera_up_avalon_character_lcd.o)
 .debug_abbrev  0x0000000000001362      0x135 C:/Users/mmatis01/Documents/FPGA/InterruptsNIOS_bsp/\libhal_bsp.a(altera_up_avalon_irda.o)
 .debug_abbrev  0x0000000000001497      0x1a1 C:/Users/mmatis01/Documents/FPGA/InterruptsNIOS_bsp/\libhal_bsp.a(altera_up_avalon_ps2.o)
 .debug_abbrev  0x0000000000001638      0x135 C:/Users/mmatis01/Documents/FPGA/InterruptsNIOS_bsp/\libhal_bsp.a(altera_up_avalon_rs232.o)
 .debug_abbrev  0x000000000000176d      0x162 C:/Users/mmatis01/Documents/FPGA/InterruptsNIOS_bsp/\libhal_bsp.a(alt_alarm_start.o)
 .debug_abbrev  0x00000000000018cf      0x11f C:/Users/mmatis01/Documents/FPGA/InterruptsNIOS_bsp/\libhal_bsp.a(alt_close.o)
 .debug_abbrev  0x00000000000019ee       0x42 C:/Users/mmatis01/Documents/FPGA/InterruptsNIOS_bsp/\libhal_bsp.a(alt_dcache_flush_all.o)
 .debug_abbrev  0x0000000000001a30       0xd9 C:/Users/mmatis01/Documents/FPGA/InterruptsNIOS_bsp/\libhal_bsp.a(alt_dev.o)
 .debug_abbrev  0x0000000000001b09      0x114 C:/Users/mmatis01/Documents/FPGA/InterruptsNIOS_bsp/\libhal_bsp.a(alt_dev_llist_insert.o)
 .debug_abbrev  0x0000000000001c1d       0x79 C:/Users/mmatis01/Documents/FPGA/InterruptsNIOS_bsp/\libhal_bsp.a(alt_do_ctors.o)
 .debug_abbrev  0x0000000000001c96       0x79 C:/Users/mmatis01/Documents/FPGA/InterruptsNIOS_bsp/\libhal_bsp.a(alt_do_dtors.o)
 .debug_abbrev  0x0000000000001d0f       0x5a C:/Users/mmatis01/Documents/FPGA/InterruptsNIOS_bsp/\libhal_bsp.a(alt_errno.o)
 .debug_abbrev  0x0000000000001d69       0xf0 C:/Users/mmatis01/Documents/FPGA/InterruptsNIOS_bsp/\libhal_bsp.a(alt_find_dev.o)
 .debug_abbrev  0x0000000000001e59       0x42 C:/Users/mmatis01/Documents/FPGA/InterruptsNIOS_bsp/\libhal_bsp.a(alt_icache_flush_all.o)
 .debug_abbrev  0x0000000000001e9b      0x114 C:/Users/mmatis01/Documents/FPGA/InterruptsNIOS_bsp/\libhal_bsp.a(alt_io_redirect.o)
 .debug_abbrev  0x0000000000001faf       0x12 C:/Users/mmatis01/Documents/FPGA/InterruptsNIOS_bsp/\libhal_bsp.a(alt_irq_entry.o)
 .debug_abbrev  0x0000000000001fc1      0x13a C:/Users/mmatis01/Documents/FPGA/InterruptsNIOS_bsp/\libhal_bsp.a(alt_irq_handler.o)
 .debug_abbrev  0x00000000000020fb      0x148 C:/Users/mmatis01/Documents/FPGA/InterruptsNIOS_bsp/\libhal_bsp.a(alt_open.o)
 .debug_abbrev  0x0000000000002243       0xde C:/Users/mmatis01/Documents/FPGA/InterruptsNIOS_bsp/\libhal_bsp.a(alt_release_fd.o)
 .debug_abbrev  0x0000000000002321      0x16b C:/Users/mmatis01/Documents/FPGA/InterruptsNIOS_bsp/\libhal_bsp.a(alt_tick.o)
 .debug_abbrev  0x000000000000248c       0x67 C:/Users/mmatis01/Documents/FPGA/InterruptsNIOS_bsp/\libhal_bsp.a(altera_nios2_gen2_irq.o)
 .debug_abbrev  0x00000000000024f3       0x12 C:/Users/mmatis01/Documents/FPGA/InterruptsNIOS_bsp/\libhal_bsp.a(alt_exception_entry.o)
 .debug_abbrev  0x0000000000002505       0xf0 C:/Users/mmatis01/Documents/FPGA/InterruptsNIOS_bsp/\libhal_bsp.a(alt_find_file.o)
 .debug_abbrev  0x00000000000025f5      0x10d C:/Users/mmatis01/Documents/FPGA/InterruptsNIOS_bsp/\libhal_bsp.a(alt_get_fd.o)
 .debug_abbrev  0x0000000000002702       0x8c C:/Users/mmatis01/Documents/FPGA/InterruptsNIOS_bsp/\libhal_bsp.a(alt_icache_flush.o)
 .debug_abbrev  0x000000000000278e       0xdc C:/Users/mmatis01/Documents/FPGA/InterruptsNIOS_bsp/\libhal_bsp.a(alt_instruction_exception_entry.o)
 .debug_abbrev  0x000000000000286a       0xaa c:/altera/16.0/nios2eds/bin/gnu/h-x86_64-mingw32/bin/../lib/gcc/nios2-elf/5.2.0/../../../../../H-x86_64-mingw32/nios2-elf/lib/mhw-mulx\libc.a(lib_a-atexit.o)
 .debug_abbrev  0x0000000000002914      0x1e5 c:/altera/16.0/nios2eds/bin/gnu/h-x86_64-mingw32/bin/../lib/gcc/nios2-elf/5.2.0/../../../../../H-x86_64-mingw32/nios2-elf/lib/mhw-mulx\libc.a(lib_a-exit.o)
 .debug_abbrev  0x0000000000002af9      0x18f c:/altera/16.0/nios2eds/bin/gnu/h-x86_64-mingw32/bin/../lib/gcc/nios2-elf/5.2.0/../../../../../H-x86_64-mingw32/nios2-elf/lib/mhw-mulx\libc.a(lib_a-impure.o)
 .debug_abbrev  0x0000000000002c88       0x37 c:/altera/16.0/nios2eds/bin/gnu/h-x86_64-mingw32/bin/../lib/gcc/nios2-elf/5.2.0/../../../../../H-x86_64-mingw32/nios2-elf/lib/mhw-mulx\libc.a(lib_a-int_errno.o)
 .debug_abbrev  0x0000000000002cbf       0x7f c:/altera/16.0/nios2eds/bin/gnu/h-x86_64-mingw32/bin/../lib/gcc/nios2-elf/5.2.0/../../../../../H-x86_64-mingw32/nios2-elf/lib/mhw-mulx\libc.a(lib_a-memcmp.o)
 .debug_abbrev  0x0000000000002d3e       0x90 c:/altera/16.0/nios2eds/bin/gnu/h-x86_64-mingw32/bin/../lib/gcc/nios2-elf/5.2.0/../../../../../H-x86_64-mingw32/nios2-elf/lib/mhw-mulx\libc.a(lib_a-strlen.o)
 .debug_abbrev  0x0000000000002dce      0x21e c:/altera/16.0/nios2eds/bin/gnu/h-x86_64-mingw32/bin/../lib/gcc/nios2-elf/5.2.0/../../../../../H-x86_64-mingw32/nios2-elf/lib/mhw-mulx\libc.a(lib_a-__atexit.o)
 .debug_abbrev  0x0000000000002fec      0x22e c:/altera/16.0/nios2eds/bin/gnu/h-x86_64-mingw32/bin/../lib/gcc/nios2-elf/5.2.0/../../../../../H-x86_64-mingw32/nios2-elf/lib/mhw-mulx\libc.a(lib_a-__call_atexit.o)
 .debug_abbrev  0x000000000000321a       0xd0 C:/Users/mmatis01/Documents/FPGA/InterruptsNIOS_bsp/\libhal_bsp.a(alt_exit.o)

.debug_line     0x0000000000000000     0x371a
 *(.debug_line)
 .debug_line    0x0000000000000000       0x6c C:/Users/mmatis01/Documents/FPGA/InterruptsNIOS_bsp//obj/HAL/src/crt0.o
 .debug_line    0x000000000000006c       0x92 obj/default/HexDisplay.o
 .debug_line    0x00000000000000fe       0x98 obj/default/InterruptDemo.o
 .debug_line    0x0000000000000196       0x9b obj/default/buttonISR.o
 .debug_line    0x0000000000000231       0x52 obj/default/lcd.o
 .debug_line    0x0000000000000283      0x145 obj/default/seven_seg_bcd.o
 .debug_line    0x00000000000003c8       0xbc obj/default/seven_seg_hex.o
 .debug_line    0x0000000000000484       0x8e obj/default/timerISR.o
 .debug_line    0x0000000000000512      0x18c c:/altera/16.0/nios2eds/bin/gnu/h-x86_64-mingw32/bin/../lib/gcc/nios2-elf/5.2.0/../../../../../H-x86_64-mingw32/nios2-elf/lib/mhw-mulx\libc.a(lib_a-memcpy.o)
 .debug_line    0x000000000000069e      0x159 C:/Users/mmatis01/Documents/FPGA/InterruptsNIOS_bsp/\libhal_bsp.a(alt_irq_register.o)
 .debug_line    0x00000000000007f7       0x50 C:/Users/mmatis01/Documents/FPGA/InterruptsNIOS_bsp/\libhal_bsp.a(alt_irq_vars.o)
 .debug_line    0x0000000000000847       0x8e C:/Users/mmatis01/Documents/FPGA/InterruptsNIOS_bsp/\libhal_bsp.a(alt_load.o)
 .debug_line    0x00000000000008d5       0xd1 C:/Users/mmatis01/Documents/FPGA/InterruptsNIOS_bsp/\libhal_bsp.a(alt_main.o)
 .debug_line    0x00000000000009a6      0x2f2 C:/Users/mmatis01/Documents/FPGA/InterruptsNIOS_bsp/\libhal_bsp.a(alt_sys_init.o)
 .debug_line    0x0000000000000c98      0x12f C:/Users/mmatis01/Documents/FPGA/InterruptsNIOS_bsp/\libhal_bsp.a(altera_avalon_jtag_uart_fd.o)
 .debug_line    0x0000000000000dc7      0x19f C:/Users/mmatis01/Documents/FPGA/InterruptsNIOS_bsp/\libhal_bsp.a(altera_avalon_jtag_uart_init.o)
 .debug_line    0x0000000000000f66      0x131 C:/Users/mmatis01/Documents/FPGA/InterruptsNIOS_bsp/\libhal_bsp.a(altera_avalon_jtag_uart_ioctl.o)
 .debug_line    0x0000000000001097      0x185 C:/Users/mmatis01/Documents/FPGA/InterruptsNIOS_bsp/\libhal_bsp.a(altera_avalon_jtag_uart_read.o)
 .debug_line    0x000000000000121c      0x184 C:/Users/mmatis01/Documents/FPGA/InterruptsNIOS_bsp/\libhal_bsp.a(altera_avalon_jtag_uart_write.o)
 .debug_line    0x00000000000013a0      0x113 C:/Users/mmatis01/Documents/FPGA/InterruptsNIOS_bsp/\libhal_bsp.a(altera_avalon_timer_sc.o)
 .debug_line    0x00000000000014b3      0x1c4 C:/Users/mmatis01/Documents/FPGA/InterruptsNIOS_bsp/\libhal_bsp.a(altera_up_avalon_character_lcd.o)
 .debug_line    0x0000000000001677      0x13d C:/Users/mmatis01/Documents/FPGA/InterruptsNIOS_bsp/\libhal_bsp.a(altera_up_avalon_irda.o)
 .debug_line    0x00000000000017b4      0x1a6 C:/Users/mmatis01/Documents/FPGA/InterruptsNIOS_bsp/\libhal_bsp.a(altera_up_avalon_ps2.o)
 .debug_line    0x000000000000195a      0x13f C:/Users/mmatis01/Documents/FPGA/InterruptsNIOS_bsp/\libhal_bsp.a(altera_up_avalon_rs232.o)
 .debug_line    0x0000000000001a99      0x10e C:/Users/mmatis01/Documents/FPGA/InterruptsNIOS_bsp/\libhal_bsp.a(alt_alarm_start.o)
 .debug_line    0x0000000000001ba7      0x15e C:/Users/mmatis01/Documents/FPGA/InterruptsNIOS_bsp/\libhal_bsp.a(alt_close.o)
 .debug_line    0x0000000000001d05       0x51 C:/Users/mmatis01/Documents/FPGA/InterruptsNIOS_bsp/\libhal_bsp.a(alt_dcache_flush_all.o)
 .debug_line    0x0000000000001d56       0xf0 C:/Users/mmatis01/Documents/FPGA/InterruptsNIOS_bsp/\libhal_bsp.a(alt_dev.o)
 .debug_line    0x0000000000001e46       0xd0 C:/Users/mmatis01/Documents/FPGA/InterruptsNIOS_bsp/\libhal_bsp.a(alt_dev_llist_insert.o)
 .debug_line    0x0000000000001f16       0x59 C:/Users/mmatis01/Documents/FPGA/InterruptsNIOS_bsp/\libhal_bsp.a(alt_do_ctors.o)
 .debug_line    0x0000000000001f6f       0x59 C:/Users/mmatis01/Documents/FPGA/InterruptsNIOS_bsp/\libhal_bsp.a(alt_do_dtors.o)
 .debug_line    0x0000000000001fc8       0x51 C:/Users/mmatis01/Documents/FPGA/InterruptsNIOS_bsp/\libhal_bsp.a(alt_errno.o)
 .debug_line    0x0000000000002019       0xb5 C:/Users/mmatis01/Documents/FPGA/InterruptsNIOS_bsp/\libhal_bsp.a(alt_find_dev.o)
 .debug_line    0x00000000000020ce       0x50 C:/Users/mmatis01/Documents/FPGA/InterruptsNIOS_bsp/\libhal_bsp.a(alt_icache_flush_all.o)
 .debug_line    0x000000000000211e      0x12b C:/Users/mmatis01/Documents/FPGA/InterruptsNIOS_bsp/\libhal_bsp.a(alt_io_redirect.o)
 .debug_line    0x0000000000002249       0x6b C:/Users/mmatis01/Documents/FPGA/InterruptsNIOS_bsp/\libhal_bsp.a(alt_irq_entry.o)
 .debug_line    0x00000000000022b4       0xcd C:/Users/mmatis01/Documents/FPGA/InterruptsNIOS_bsp/\libhal_bsp.a(alt_irq_handler.o)
 .debug_line    0x0000000000002381      0x12a C:/Users/mmatis01/Documents/FPGA/InterruptsNIOS_bsp/\libhal_bsp.a(alt_open.o)
 .debug_line    0x00000000000024ab       0xae C:/Users/mmatis01/Documents/FPGA/InterruptsNIOS_bsp/\libhal_bsp.a(alt_release_fd.o)
 .debug_line    0x0000000000002559      0x113 C:/Users/mmatis01/Documents/FPGA/InterruptsNIOS_bsp/\libhal_bsp.a(alt_tick.o)
 .debug_line    0x000000000000266c       0x8d C:/Users/mmatis01/Documents/FPGA/InterruptsNIOS_bsp/\libhal_bsp.a(altera_nios2_gen2_irq.o)
 .debug_line    0x00000000000026f9       0xb3 C:/Users/mmatis01/Documents/FPGA/InterruptsNIOS_bsp/\libhal_bsp.a(alt_exception_entry.o)
 .debug_line    0x00000000000027ac       0xd1 C:/Users/mmatis01/Documents/FPGA/InterruptsNIOS_bsp/\libhal_bsp.a(alt_find_file.o)
 .debug_line    0x000000000000287d       0xd5 C:/Users/mmatis01/Documents/FPGA/InterruptsNIOS_bsp/\libhal_bsp.a(alt_get_fd.o)
 .debug_line    0x0000000000002952       0x81 C:/Users/mmatis01/Documents/FPGA/InterruptsNIOS_bsp/\libhal_bsp.a(alt_icache_flush.o)
 .debug_line    0x00000000000029d3       0xba C:/Users/mmatis01/Documents/FPGA/InterruptsNIOS_bsp/\libhal_bsp.a(alt_instruction_exception_entry.o)
 .debug_line    0x0000000000002a8d       0xe7 c:/altera/16.0/nios2eds/bin/gnu/h-x86_64-mingw32/bin/../lib/gcc/nios2-elf/5.2.0/../../../../../H-x86_64-mingw32/nios2-elf/lib/mhw-mulx\libc.a(lib_a-atexit.o)
 .debug_line    0x0000000000002b74      0x1fc c:/altera/16.0/nios2eds/bin/gnu/h-x86_64-mingw32/bin/../lib/gcc/nios2-elf/5.2.0/../../../../../H-x86_64-mingw32/nios2-elf/lib/mhw-mulx\libc.a(lib_a-exit.o)
 .debug_line    0x0000000000002d70      0x160 c:/altera/16.0/nios2eds/bin/gnu/h-x86_64-mingw32/bin/../lib/gcc/nios2-elf/5.2.0/../../../../../H-x86_64-mingw32/nios2-elf/lib/mhw-mulx\libc.a(lib_a-impure.o)
 .debug_line    0x0000000000002ed0       0x5f c:/altera/16.0/nios2eds/bin/gnu/h-x86_64-mingw32/bin/../lib/gcc/nios2-elf/5.2.0/../../../../../H-x86_64-mingw32/nios2-elf/lib/mhw-mulx\libc.a(lib_a-int_errno.o)
 .debug_line    0x0000000000002f2f      0x176 c:/altera/16.0/nios2eds/bin/gnu/h-x86_64-mingw32/bin/../lib/gcc/nios2-elf/5.2.0/../../../../../H-x86_64-mingw32/nios2-elf/lib/mhw-mulx\libc.a(lib_a-memcmp.o)
 .debug_line    0x00000000000030a5      0x16f c:/altera/16.0/nios2eds/bin/gnu/h-x86_64-mingw32/bin/../lib/gcc/nios2-elf/5.2.0/../../../../../H-x86_64-mingw32/nios2-elf/lib/mhw-mulx\libc.a(lib_a-strlen.o)
 .debug_line    0x0000000000003214      0x21f c:/altera/16.0/nios2eds/bin/gnu/h-x86_64-mingw32/bin/../lib/gcc/nios2-elf/5.2.0/../../../../../H-x86_64-mingw32/nios2-elf/lib/mhw-mulx\libc.a(lib_a-__atexit.o)
 .debug_line    0x0000000000003433      0x23a c:/altera/16.0/nios2eds/bin/gnu/h-x86_64-mingw32/bin/../lib/gcc/nios2-elf/5.2.0/../../../../../H-x86_64-mingw32/nios2-elf/lib/mhw-mulx\libc.a(lib_a-__call_atexit.o)
 .debug_line    0x000000000000366d       0xad C:/Users/mmatis01/Documents/FPGA/InterruptsNIOS_bsp/\libhal_bsp.a(alt_exit.o)

.debug_frame    0x0000000000000000     0x13b8
 *(.debug_frame)
 .debug_frame   0x0000000000000000       0x38 obj/default/HexDisplay.o
 .debug_frame   0x0000000000000038       0x2c obj/default/InterruptDemo.o
 .debug_frame   0x0000000000000064       0x34 obj/default/buttonISR.o
 .debug_frame   0x0000000000000098       0x7c obj/default/lcd.o
 .debug_frame   0x0000000000000114       0x34 obj/default/seven_seg_bcd.o
 .debug_frame   0x0000000000000148       0x38 obj/default/seven_seg_hex.o
 .debug_frame   0x0000000000000180       0x38 obj/default/timerISR.o
 .debug_frame   0x00000000000001b8       0x38 c:/altera/16.0/nios2eds/bin/gnu/h-x86_64-mingw32/bin/../lib/gcc/nios2-elf/5.2.0/../../../../../H-x86_64-mingw32/nios2-elf/lib/mhw-mulx\libc.a(lib_a-memcpy.o)
 .debug_frame   0x00000000000001f0       0x34 C:/Users/mmatis01/Documents/FPGA/InterruptsNIOS_bsp/\libhal_bsp.a(alt_irq_register.o)
 .debug_frame   0x0000000000000224       0x5c C:/Users/mmatis01/Documents/FPGA/InterruptsNIOS_bsp/\libhal_bsp.a(alt_load.o)
 .debug_frame   0x0000000000000280       0x2c C:/Users/mmatis01/Documents/FPGA/InterruptsNIOS_bsp/\libhal_bsp.a(alt_main.o)
 .debug_frame   0x00000000000002ac       0x88 C:/Users/mmatis01/Documents/FPGA/InterruptsNIOS_bsp/\libhal_bsp.a(alt_sys_init.o)
 .debug_frame   0x0000000000000334       0xb0 C:/Users/mmatis01/Documents/FPGA/InterruptsNIOS_bsp/\libhal_bsp.a(altera_avalon_jtag_uart_fd.o)
 .debug_frame   0x00000000000003e4       0xa4 C:/Users/mmatis01/Documents/FPGA/InterruptsNIOS_bsp/\libhal_bsp.a(altera_avalon_jtag_uart_init.o)
 .debug_frame   0x0000000000000488       0x34 C:/Users/mmatis01/Documents/FPGA/InterruptsNIOS_bsp/\libhal_bsp.a(altera_avalon_jtag_uart_ioctl.o)
 .debug_frame   0x00000000000004bc       0x38 C:/Users/mmatis01/Documents/FPGA/InterruptsNIOS_bsp/\libhal_bsp.a(altera_avalon_jtag_uart_read.o)
 .debug_frame   0x00000000000004f4       0x38 C:/Users/mmatis01/Documents/FPGA/InterruptsNIOS_bsp/\libhal_bsp.a(altera_avalon_jtag_uart_write.o)
 .debug_frame   0x000000000000052c       0x60 C:/Users/mmatis01/Documents/FPGA/InterruptsNIOS_bsp/\libhal_bsp.a(altera_avalon_timer_sc.o)
 .debug_frame   0x000000000000058c      0x204 C:/Users/mmatis01/Documents/FPGA/InterruptsNIOS_bsp/\libhal_bsp.a(altera_up_avalon_character_lcd.o)
 .debug_frame   0x0000000000000790      0x188 C:/Users/mmatis01/Documents/FPGA/InterruptsNIOS_bsp/\libhal_bsp.a(altera_up_avalon_irda.o)
 .debug_frame   0x0000000000000918      0x2c0 C:/Users/mmatis01/Documents/FPGA/InterruptsNIOS_bsp/\libhal_bsp.a(altera_up_avalon_ps2.o)
 .debug_frame   0x0000000000000bd8      0x188 C:/Users/mmatis01/Documents/FPGA/InterruptsNIOS_bsp/\libhal_bsp.a(altera_up_avalon_rs232.o)
 .debug_frame   0x0000000000000d60       0x34 C:/Users/mmatis01/Documents/FPGA/InterruptsNIOS_bsp/\libhal_bsp.a(alt_alarm_start.o)
 .debug_frame   0x0000000000000d94       0x60 C:/Users/mmatis01/Documents/FPGA/InterruptsNIOS_bsp/\libhal_bsp.a(alt_close.o)
 .debug_frame   0x0000000000000df4       0x34 C:/Users/mmatis01/Documents/FPGA/InterruptsNIOS_bsp/\libhal_bsp.a(alt_dcache_flush_all.o)
 .debug_frame   0x0000000000000e28       0x34 C:/Users/mmatis01/Documents/FPGA/InterruptsNIOS_bsp/\libhal_bsp.a(alt_dev.o)
 .debug_frame   0x0000000000000e5c       0x60 C:/Users/mmatis01/Documents/FPGA/InterruptsNIOS_bsp/\libhal_bsp.a(alt_dev_llist_insert.o)
 .debug_frame   0x0000000000000ebc       0x38 C:/Users/mmatis01/Documents/FPGA/InterruptsNIOS_bsp/\libhal_bsp.a(alt_do_ctors.o)
 .debug_frame   0x0000000000000ef4       0x38 C:/Users/mmatis01/Documents/FPGA/InterruptsNIOS_bsp/\libhal_bsp.a(alt_do_dtors.o)
 .debug_frame   0x0000000000000f2c       0x38 C:/Users/mmatis01/Documents/FPGA/InterruptsNIOS_bsp/\libhal_bsp.a(alt_find_dev.o)
 .debug_frame   0x0000000000000f64       0x38 C:/Users/mmatis01/Documents/FPGA/InterruptsNIOS_bsp/\libhal_bsp.a(alt_icache_flush_all.o)
 .debug_frame   0x0000000000000f9c       0x60 C:/Users/mmatis01/Documents/FPGA/InterruptsNIOS_bsp/\libhal_bsp.a(alt_io_redirect.o)
 .debug_frame   0x0000000000000ffc       0x38 C:/Users/mmatis01/Documents/FPGA/InterruptsNIOS_bsp/\libhal_bsp.a(alt_irq_handler.o)
 .debug_frame   0x0000000000001034       0x84 C:/Users/mmatis01/Documents/FPGA/InterruptsNIOS_bsp/\libhal_bsp.a(alt_open.o)
 .debug_frame   0x00000000000010b8       0x34 C:/Users/mmatis01/Documents/FPGA/InterruptsNIOS_bsp/\libhal_bsp.a(alt_release_fd.o)
 .debug_frame   0x00000000000010ec       0x5c C:/Users/mmatis01/Documents/FPGA/InterruptsNIOS_bsp/\libhal_bsp.a(alt_tick.o)
 .debug_frame   0x0000000000001148       0x34 C:/Users/mmatis01/Documents/FPGA/InterruptsNIOS_bsp/\libhal_bsp.a(altera_nios2_gen2_irq.o)
 .debug_frame   0x000000000000117c       0x38 C:/Users/mmatis01/Documents/FPGA/InterruptsNIOS_bsp/\libhal_bsp.a(alt_find_file.o)
 .debug_frame   0x00000000000011b4       0x34 C:/Users/mmatis01/Documents/FPGA/InterruptsNIOS_bsp/\libhal_bsp.a(alt_get_fd.o)
 .debug_frame   0x00000000000011e8       0x34 C:/Users/mmatis01/Documents/FPGA/InterruptsNIOS_bsp/\libhal_bsp.a(alt_icache_flush.o)
 .debug_frame   0x000000000000121c       0x5c C:/Users/mmatis01/Documents/FPGA/InterruptsNIOS_bsp/\libhal_bsp.a(alt_instruction_exception_entry.o)
 .debug_frame   0x0000000000001278       0x20 c:/altera/16.0/nios2eds/bin/gnu/h-x86_64-mingw32/bin/../lib/gcc/nios2-elf/5.2.0/../../../../../H-x86_64-mingw32/nios2-elf/lib/mhw-mulx\libc.a(lib_a-atexit.o)
 .debug_frame   0x0000000000001298       0x28 c:/altera/16.0/nios2eds/bin/gnu/h-x86_64-mingw32/bin/../lib/gcc/nios2-elf/5.2.0/../../../../../H-x86_64-mingw32/nios2-elf/lib/mhw-mulx\libc.a(lib_a-exit.o)
 .debug_frame   0x00000000000012c0       0x20 c:/altera/16.0/nios2eds/bin/gnu/h-x86_64-mingw32/bin/../lib/gcc/nios2-elf/5.2.0/../../../../../H-x86_64-mingw32/nios2-elf/lib/mhw-mulx\libc.a(lib_a-memcmp.o)
 .debug_frame   0x00000000000012e0       0x20 c:/altera/16.0/nios2eds/bin/gnu/h-x86_64-mingw32/bin/../lib/gcc/nios2-elf/5.2.0/../../../../../H-x86_64-mingw32/nios2-elf/lib/mhw-mulx\libc.a(lib_a-strlen.o)
 .debug_frame   0x0000000000001300       0x38 c:/altera/16.0/nios2eds/bin/gnu/h-x86_64-mingw32/bin/../lib/gcc/nios2-elf/5.2.0/../../../../../H-x86_64-mingw32/nios2-elf/lib/mhw-mulx\libc.a(lib_a-__atexit.o)
 .debug_frame   0x0000000000001338       0x54 c:/altera/16.0/nios2eds/bin/gnu/h-x86_64-mingw32/bin/../lib/gcc/nios2-elf/5.2.0/../../../../../H-x86_64-mingw32/nios2-elf/lib/mhw-mulx\libc.a(lib_a-__call_atexit.o)
 .debug_frame   0x000000000000138c       0x2c C:/Users/mmatis01/Documents/FPGA/InterruptsNIOS_bsp/\libhal_bsp.a(alt_exit.o)

.debug_str      0x0000000000000000     0x2581
 *(.debug_str)
 .debug_str     0x0000000000000000      0x113 obj/default/HexDisplay.o
                                        0x13f (size before relaxing)
 .debug_str     0x0000000000000113       0x4b obj/default/InterruptDemo.o
                                        0x153 (size before relaxing)
 .debug_str     0x000000000000015e       0x1c obj/default/buttonISR.o
                                        0x13c (size before relaxing)
 .debug_str     0x000000000000017a       0x48 obj/default/lcd.o
                                         0xca (size before relaxing)
 .debug_str     0x00000000000001c2       0x4a obj/default/seven_seg_bcd.o
                                        0x162 (size before relaxing)
 .debug_str     0x000000000000020c       0x2d obj/default/seven_seg_hex.o
                                        0x15d (size before relaxing)
 .debug_str     0x0000000000000239       0x14 obj/default/timerISR.o
                                        0x120 (size before relaxing)
 .debug_str     0x000000000000024d      0x175 c:/altera/16.0/nios2eds/bin/gnu/h-x86_64-mingw32/bin/../lib/gcc/nios2-elf/5.2.0/../../../../../H-x86_64-mingw32/nios2-elf/lib/mhw-mulx\libc.a(lib_a-memcpy.o)
                                        0x207 (size before relaxing)
 .debug_str     0x00000000000003c2      0x140 C:/Users/mmatis01/Documents/FPGA/InterruptsNIOS_bsp/\libhal_bsp.a(alt_irq_register.o)
                                        0x20e (size before relaxing)
 .debug_str     0x0000000000000502       0x17 C:/Users/mmatis01/Documents/FPGA/InterruptsNIOS_bsp/\libhal_bsp.a(alt_irq_vars.o)
                                        0x140 (size before relaxing)
 .debug_str     0x0000000000000519       0xe9 C:/Users/mmatis01/Documents/FPGA/InterruptsNIOS_bsp/\libhal_bsp.a(alt_load.o)
                                        0x218 (size before relaxing)